
Allocating common symbols
Common symbol       size              file

interrupt_stacks    0x10              kernel/interrupt.o
thread_table        0x800             kernel/thread.o
open_sockets        0x700             net/socket.o
open_sockets_sem    0x4               net/socket.o
scheduler_current_thread
                    0x10              kernel/scheduler.o
thread_stack_areas  0x20000           kernel/thread.o
thread_table_slock  0x4               kernel/thread.o
network_interfaces  0x30              net/network.o

Discarded input sections

 .reginfo       0x0000000000000000       0x18 kernel/cswitch.o
 .reginfo       0x0000000000000000       0x18 kernel/_interrupt.o
 .reginfo       0x0000000000000000       0x18 kernel/_spinlock.o
 .reginfo       0x0000000000000000       0x18 kernel/idle.o
 .reginfo       0x0000000000000000       0x18 lib/rand.o
 .reginfo       0x0000000000000000       0x18 drivers/_timer.o
 .reginfo       0x0000000000000000       0x18 vm/_tlb.o
 .reginfo       0x0000000000000000       0x18 init/main.o
 .reginfo       0x0000000000000000       0x18 kernel/panic.o
 .reginfo       0x0000000000000000       0x18 kernel/kmalloc.o
 .reginfo       0x0000000000000000       0x18 kernel/interrupt.o
 .reginfo       0x0000000000000000       0x18 kernel/thread.o
 .reginfo       0x0000000000000000       0x18 kernel/scheduler.o
 .reginfo       0x0000000000000000       0x18 kernel/sleepq.o
 .reginfo       0x0000000000000000       0x18 kernel/semaphore.o
 .reginfo       0x0000000000000000       0x18 kernel/exception.o
 .reginfo       0x0000000000000000       0x18 kernel/halt.o
 .reginfo       0x0000000000000000       0x18 kernel/hello.o
 .reginfo       0x0000000000000000       0x18 lib/libc.o
 .reginfo       0x0000000000000000       0x18 lib/xprintf.o
 .reginfo       0x0000000000000000       0x18 lib/bitmap.o
 .reginfo       0x0000000000000000       0x18 lib/debug.o
 .reginfo       0x0000000000000000       0x18 drivers/polltty.o
 .reginfo       0x0000000000000000       0x18 drivers/timer.o
 .reginfo       0x0000000000000000       0x18 drivers/bootargs.o
 .reginfo       0x0000000000000000       0x18 drivers/device.o
 .reginfo       0x0000000000000000       0x18 drivers/drivers.o
 .reginfo       0x0000000000000000       0x18 drivers/tty.o
 .reginfo       0x0000000000000000       0x18 drivers/disk.o
 .reginfo       0x0000000000000000       0x18 drivers/disksched.o
 .reginfo       0x0000000000000000       0x18 drivers/metadev.o
 .reginfo       0x0000000000000000       0x18 proc/exception.o
 .reginfo       0x0000000000000000       0x18 proc/elf.o
 .reginfo       0x0000000000000000       0x18 proc/process.o
 .reginfo       0x0000000000000000       0x18 proc/syscall.o
 .reginfo       0x0000000000000000       0x18 vm/vm.o
 .reginfo       0x0000000000000000       0x18 vm/pagepool.o
 .reginfo       0x0000000000000000       0x18 vm/tlb.o
 .reginfo       0x0000000000000000       0x18 fs/vfs.o
 .reginfo       0x0000000000000000       0x18 fs/tfs.o
 .reginfo       0x0000000000000000       0x18 fs/filesystems.o
 .reginfo       0x0000000000000000       0x18 net/network.o
 .reginfo       0x0000000000000000       0x18 net/protocols.o
 .reginfo       0x0000000000000000       0x18 net/socket.o
 .reginfo       0x0000000000000000       0x18 net/pop.o

Memory Configuration

Name             Origin             Length             Attributes
*default*        0x0000000000000000 0xffffffffffffffff

Linker script and memory map

                0x0000000080010000                . = 0x80010000

.text           0x0000000080010000     0x94c4
 *(.text)
 .text          0x0000000080010000       0x60 init/_boot.o
                0x0000000080010000                _start
 .text          0x0000000080010060      0x350 kernel/cswitch.o
                0x0000000080010060                _cswitch_vector_code
                0x0000000080010080                _cswitch_switch
                0x0000000080010388                _cswitch_to_userland
 .text          0x00000000800103b0      0x120 kernel/_interrupt.o
                0x00000000800103b0                _interrupt_disable
                0x00000000800103cc                _interrupt_enable
                0x00000000800103e4                _interrupt_set_state
                0x0000000080010408                _interrupt_get_state
                0x0000000080010414                _interrupt_generate_sw0
                0x000000008001042c                _interrupt_clear_sw
                0x0000000080010444                _interrupt_clear_sw0
                0x000000008001045c                _interrupt_clear_sw1
                0x0000000080010474                _interrupt_clear_bootstrap
                0x0000000080010490                _interrupt_getcpu
                0x00000000800104a0                _interrupt_clear_EXL
                0x00000000800104b8                _interrupt_set_EXL
 .text          0x00000000800104d0       0x30 kernel/_spinlock.o
                0x00000000800104d0                spinlock_reset
                0x00000000800104d0                spinlock_release
                0x00000000800104dc                spinlock_acquire
 .text          0x0000000080010500        0xc kernel/idle.o
                0x0000000080010500                _idle_thread_wait_loop
 .text          0x000000008001050c       0x4c lib/rand.o
                0x000000008001050c                _set_rand_seed
                0x000000008001051c                _get_rand
 .text          0x0000000080010558       0x14 drivers/_timer.o
                0x0000000080010558                _timer_set_ticks
 .text          0x000000008001056c      0x15c vm/_tlb.o
                0x000000008001056c                _tlb_get_exception_state
                0x0000000080010590                _tlb_set_asid
                0x00000000800105b0                _tlb_get_maxindex
                0x00000000800105c4                _tlb_probe
                0x00000000800105dc                _tlb_read
                0x0000000080010640                _tlb_write
                0x00000000800106a4                _tlb_write_random
 .text          0x00000000800106c8      0x488 init/main.o
                0x00000000800106c8                init_startup_fallback
                0x0000000080010880                init_startup_thread
                0x000000008001092c                init
 .text          0x0000000080010b50       0x68 kernel/panic.o
                0x0000000080010b50                _kernel_panic
 .text          0x0000000080010bb8      0x258 kernel/kmalloc.o
                0x0000000080010bb8                kmalloc_get_numpages
                0x0000000080010c3c                kmalloc_get_reserved_pages
                0x0000000080010c64                kmalloc_disable
                0x0000000080010c74                kmalloc_init
                0x0000000080010cec                kmalloc
 .text          0x0000000080010e10      0x338 kernel/interrupt.o
                0x0000000080010e10                interrupt_init
                0x0000000080010f30                interrupt_register
                0x0000000080011000                interrupt_handle
 .text          0x0000000080011148      0x40c kernel/thread.o
                0x0000000080011148                thread_table_init
                0x00000000800111e8                thread_create
                0x0000000080011388                thread_run
                0x0000000080011390                thread_switch
                0x00000000800113bc                thread_get_current_thread
                0x000000008001140c                thread_finish
                0x00000000800114c0                thread_get_current_thread_entry
                0x000000008001151c                thread_goto_userland
 .text          0x0000000080011554      0x328 kernel/scheduler.o
                0x0000000080011554                scheduler_init
                0x0000000080011570                scheduler_add_to_ready_list
                0x000000008001165c                scheduler_add_ready
                0x00000000800116cc                scheduler_schedule
 .text          0x000000008001187c      0x48c kernel/sleepq.o
                0x000000008001187c                sleepq_init
                0x00000000800118a8                sleepq_add
                0x0000000080011a00                sleepq_wake
                0x0000000080011b70                sleepq_wake_all
 .text          0x0000000080011d08      0x2a4 kernel/semaphore.o
                0x0000000080011d08                semaphore_init
                0x0000000080011d50                semaphore_create
                0x0000000080011e98                semaphore_destroy
                0x0000000080011ea4                semaphore_P
                0x0000000080011f2c                semaphore_V
 .text          0x0000000080011fac      0x290 kernel/exception.o
                0x0000000080011fe4                kernel_exception_handle
 .text          0x000000008001223c       0x3c kernel/halt.o
                0x000000008001223c                halt_kernel
 .text          0x0000000080012278       0x20 kernel/hello.o
                0x0000000080012278                hello_world
 .text          0x0000000080012298      0x3d4 lib/libc.o
                0x0000000080012298                kwrite
                0x00000000800122e0                kread
                0x0000000080012354                stringcmp
                0x00000000800123bc                stringcopy
                0x0000000080012458                memcopy
                0x0000000080012524                memoryset
                0x000000008001254c                atoi
                0x0000000080012630                strlen
 .text          0x000000008001266c      0xa10 lib/xprintf.o
                0x0000000080012f10                kvprintf
                0x0000000080012f98                kprintf
                0x0000000080013028                vsnprintf
                0x000000008001304c                snprintf
 .text          0x000000008001307c      0x3b8 lib/bitmap.o
                0x000000008001307c                bitmap_sizeof
                0x00000000800130a4                bitmap_init
                0x000000008001312c                bitmap_get
                0x00000000800131fc                bitmap_set
                0x000000008001331c                bitmap_findnset
 .text          0x0000000080013434       0x44 lib/debug.o
                0x0000000080013434                DEBUG
 .text          0x0000000080013478       0xe8 drivers/polltty.o
                0x0000000080013478                polltty_init
                0x00000000800134d8                polltty_getchar
                0x0000000080013518                polltty_putchar
 .text          0x0000000080013560       0x34 drivers/timer.o
                0x0000000080013560                timer_set_ticks
 .text          0x0000000080013594      0x27c drivers/bootargs.o
                0x0000000080013594                bootargs_init
                0x000000008001377c                bootargs_get
 .text          0x0000000080013810      0x1e4 drivers/device.o
                0x0000000080013810                device_init
                0x0000000080013994                device_get
 .text          0x00000000800139f4        0x0 drivers/drivers.o
 .text          0x00000000800139f4      0x7c4 drivers/tty.o
                0x0000000080013d80                tty_interrupt_handle
                0x0000000080013ff8                tty_init
 .text          0x00000000800141b8      0x578 drivers/disk.o
                0x0000000080014604                disk_init
 .text          0x0000000080014730       0x3c drivers/disksched.o
                0x0000000080014730                disksched_schedule
 .text          0x000000008001476c      0x484 drivers/metadev.o
                0x00000000800147f8                cpustatus_interrupt_handle
                0x0000000080014884                rtc_init
                0x00000000800148f4                rtc_get_msec
                0x000000008001490c                rtc_get_clockspeed
                0x0000000080014924                meminfo_init
                0x0000000080014994                meminfo_get_pages
                0x00000000800149ac                cpustatus_init
                0x0000000080014a4c                cpustatus_count
                0x0000000080014a94                cpustatus_generate_irq
                0x0000000080014b14                shutdown_init
                0x0000000080014b84                shutdown
 .text          0x0000000080014bf0      0x234 proc/exception.o
                0x0000000080014bf0                user_exception_handle
 .text          0x0000000080014e24      0x22c proc/elf.o
                0x0000000080014e24                elf_parse_header
 .text          0x0000000080015050      0x594 proc/process.o
                0x0000000080015050                process_start
 .text          0x00000000800155e4       0xa0 proc/syscall.o
                0x00000000800155e4                syscall_handle
 .text          0x0000000080015684      0x550 vm/vm.o
                0x0000000080015684                vm_init
                0x00000000800156a0                vm_create_pagetable
                0x00000000800156ec                vm_destroy_pagetable
                0x00000000800156fc                vm_map
                0x0000000080015a2c                vm_unmap
                0x0000000080015a34                vm_set_dirty
 .text          0x0000000080015bd4      0x278 vm/pagepool.o
                0x0000000080015bd4                pagepool_init
                0x0000000080015ca8                pagepool_get_phys_page
                0x0000000080015d74                pagepool_free_phys_page
 .text          0x0000000080015e4c       0xd4 vm/tlb.o
                0x0000000080015e4c                tlb_modified_exception
                0x0000000080015e64                tlb_load_exception
                0x0000000080015e7c                tlb_store_exception
                0x0000000080015e94                tlb_fill
 .text          0x0000000080015f20     0x1150 fs/vfs.o
                0x0000000080016264                vfs_init
                0x000000008001635c                vfs_deinit
                0x00000000800164c8                vfs_mount
                0x000000008001665c                vfs_mount_fs
                0x000000008001675c                vfs_mount_all
                0x00000000800167e4                vfs_unmount
                0x0000000080016958                vfs_open
                0x0000000080016b34                vfs_close
                0x0000000080016bc4                vfs_seek
                0x0000000080016c68                vfs_read
                0x0000000080016d48                vfs_write
                0x0000000080016e28                vfs_create
                0x0000000080016f14                vfs_remove
                0x0000000080016fd4                vfs_getfree
 .text          0x0000000080017070     0x103c fs/tfs.o
                0x0000000080017070                tfs_close
                0x0000000080017078                tfs_unmount
                0x00000000800170d0                tfs_open
                0x00000000800171d8                tfs_create
                0x0000000080017534                tfs_remove
                0x00000000800177c0                tfs_read
                0x0000000080017a58                tfs_write
                0x0000000080017d98                tfs_getfree
                0x0000000080017e6c                tfs_init
 .text          0x00000000800180ac       0xac fs/filesystems.o
                0x00000000800180ac                filesystems_try_all
 .text          0x0000000080018158      0x5c4 net/network.o
                0x0000000080018278                network_init
                0x00000000800183ec                network_get_source_address
                0x0000000080018424                network_get_broadcast_address
                0x000000008001842c                network_get_loopback_address
                0x0000000080018434                network_get_mtu
                0x0000000080018508                network_send
                0x000000008001870c                network_free_frame
 .text          0x000000008001871c       0xc4 net/protocols.o
                0x000000008001871c                protocols_get_frame_handler
                0x0000000080018784                protocols_init
 .text          0x00000000800187e0      0x358 net/socket.o
                0x00000000800187e0                socket_init
                0x00000000800188a0                socket_open
                0x0000000080018a88                socket_close
 .text          0x0000000080018b38      0x98c net/pop.o
                0x0000000080018e40                socket_sendto
                0x000000008001903c                socket_recvfrom
                0x00000000800191a4                pop_init
                0x00000000800192f8                pop_push_frame

.rodata         0x00000000800194c4     0x15d4
 *(.rodata .rodata.*)
 .rodata.str1.4
                0x00000000800194c4      0x491 init/main.o
                                        0x498 (size before relaxing)
 *fill*         0x0000000080019955        0x3 
 .rodata.str1.4
                0x0000000080019958       0x26 kernel/panic.o
                                         0x28 (size before relaxing)
 *fill*         0x000000008001997e        0x2 
 .rodata.str1.4
                0x0000000080019980      0x11f kernel/kmalloc.o
                                        0x120 (size before relaxing)
 *fill*         0x0000000080019a9f        0x1 
 .rodata.str1.4
                0x0000000080019aa0       0xca kernel/interrupt.o
                                         0xcc (size before relaxing)
 *fill*         0x0000000080019b6a        0x2 
 .rodata.str1.4
                0x0000000080019b6c       0x6b kernel/thread.o
                                         0x80 (size before relaxing)
 *fill*         0x0000000080019bd7        0x1 
 .rodata.str1.4
                0x0000000080019bd8       0x13 kernel/scheduler.o
                                         0x28 (size before relaxing)
 *fill*         0x0000000080019beb        0x1 
 .rodata.str1.4
                0x0000000080019bec       0x10 kernel/sleepq.o
                                         0x24 (size before relaxing)
 .rodata.str1.4
                0x0000000080019bfc       0x13 kernel/semaphore.o
                                         0x28 (size before relaxing)
 *fill*         0x0000000080019c0f        0x1 
 .rodata.str1.4
                0x0000000080019c10      0x26a kernel/exception.o
                                        0x26c (size before relaxing)
 *fill*         0x0000000080019e7a        0x2 
 .rodata        0x0000000080019e7c       0x38 kernel/exception.o
 .rodata.str1.4
                0x0000000080019eb4       0x54 kernel/halt.o
 .rodata.str1.4
                0x0000000080019f08        0xd kernel/hello.o
                                         0x10 (size before relaxing)
 *fill*         0x0000000080019f15        0x3 
 .rodata        0x0000000080019f18      0x10c lib/xprintf.o
 .rodata.str1.4
                0x000000008001a024       0x2c lib/bitmap.o
                                         0x40 (size before relaxing)
 .rodata.str1.4
                0x0000000000000000       0x2c drivers/bootargs.o
                                          0x4 (size before relaxing)
 .rodata.str1.4
                0x000000008001a050       0xaa drivers/device.o
                                         0xac (size before relaxing)
 *fill*         0x000000008001a0fa        0x2 
 .rodata.str1.4
                0x000000008001a0fc       0x51 drivers/drivers.o
                                         0x54 (size before relaxing)
 *fill*         0x000000008001a14d        0x3 
 .rodata.str1.4
                0x000000008001a150       0x8e drivers/tty.o
                                         0x90 (size before relaxing)
 *fill*         0x000000008001a1de        0x2 
 .rodata.str1.4
                0x000000008001a1e0       0x93 drivers/disk.o
                                         0xa8 (size before relaxing)
 *fill*         0x000000008001a273        0x1 
 .rodata.str1.4
                0x000000008001a274      0x12c drivers/metadev.o
                                        0x140 (size before relaxing)
 .rodata.str1.4
                0x000000008001a3a0       0x11 proc/exception.o
                                        0x1d8 (size before relaxing)
 *fill*         0x000000008001a3b1        0x3 
 .rodata        0x000000008001a3b4       0x38 proc/exception.o
 .rodata.str1.4
                0x000000008001a3ec       0x2d proc/process.o
                                         0x44 (size before relaxing)
 *fill*         0x000000008001a419        0x3 
 .rodata.str1.4
                0x000000008001a41c       0x27 proc/syscall.o
                                         0x28 (size before relaxing)
 *fill*         0x000000008001a443        0x1 
 .rodata.str1.4
                0x000000008001a444      0x100 vm/vm.o
                                        0x114 (size before relaxing)
 .rodata.str1.4
                0x000000008001a544       0x6a vm/pagepool.o
                                         0x80 (size before relaxing)
 *fill*         0x000000008001a5ae        0x2 
 .rodata.str1.4
                0x000000008001a5b0       0x6e vm/tlb.o
                                         0x84 (size before relaxing)
 *fill*         0x000000008001a61e        0x2 
 .rodata.str1.4
                0x000000008001a620      0x2d1 fs/vfs.o
                                        0x2e8 (size before relaxing)
 *fill*         0x000000008001a8f1        0x3 
 .rodata.str1.4
                0x000000008001a8f4       0x92 fs/tfs.o
                                         0x94 (size before relaxing)
 *fill*         0x000000008001a986        0x2 
 .rodata.str1.4
                0x000000008001a988       0x2c fs/filesystems.o
 .rodata.str1.4
                0x000000008001a9b4       0x4e net/network.o
                                         0x64 (size before relaxing)
 *fill*         0x000000008001aa02        0x2 
 .rodata.str1.4
                0x000000008001aa04       0x3a net/socket.o
                                         0x50 (size before relaxing)
 *fill*         0x000000008001aa3e        0x2 
 .rodata.str1.4
                0x000000008001aa40       0x58 net/pop.o
                                         0x6c (size before relaxing)

.rel.dyn        0x000000008001aa98        0x0
 .rel.dyn       0x0000000000000000        0x0 drivers/drivers.o

.data           0x000000008001aa98       0x90
 *(.data)
 .data          0x000000008001aa98        0x0 init/_boot.o
 .data          0x000000008001aa98        0x0 kernel/cswitch.o
 .data          0x000000008001aa98        0x0 kernel/_interrupt.o
 .data          0x000000008001aa98        0x0 kernel/_spinlock.o
 .data          0x000000008001aa98        0x0 kernel/idle.o
 .data          0x000000008001aa98        0xc lib/rand.o
 .data          0x000000008001aaa4        0x0 drivers/_timer.o
 .data          0x000000008001aaa4        0x0 vm/_tlb.o
 .data          0x000000008001aaa4        0x0 init/main.o
 .data          0x000000008001aaa4        0x0 kernel/panic.o
 .data          0x000000008001aaa4        0x0 kernel/kmalloc.o
 .data          0x000000008001aaa4        0x0 kernel/interrupt.o
 .data          0x000000008001aaa4        0x0 kernel/thread.o
 .data          0x000000008001aaa4        0x8 kernel/scheduler.o
 .data          0x000000008001aaac        0x0 kernel/sleepq.o
 .data          0x000000008001aaac        0x0 kernel/semaphore.o
 .data          0x000000008001aaac        0x0 kernel/exception.o
 .data          0x000000008001aaac        0x0 kernel/halt.o
 .data          0x000000008001aaac        0x0 kernel/hello.o
 .data          0x000000008001aaac        0x0 lib/libc.o
 .data          0x000000008001aaac        0x0 lib/xprintf.o
 .data          0x000000008001aaac        0x0 lib/bitmap.o
 .data          0x000000008001aaac        0x0 lib/debug.o
 .data          0x000000008001aaac        0x0 drivers/polltty.o
 .data          0x000000008001aaac        0x0 drivers/timer.o
 .data          0x000000008001aaac        0x0 drivers/bootargs.o
 .data          0x000000008001aaac        0x0 drivers/device.o
 .data          0x000000008001aaac       0x54 drivers/drivers.o
                0x000000008001aaac                drivers_available
 .data          0x000000008001ab00        0x0 drivers/tty.o
 .data          0x000000008001ab00        0x0 drivers/disk.o
 .data          0x000000008001ab00        0x0 drivers/disksched.o
 .data          0x000000008001ab00        0x0 drivers/metadev.o
 .data          0x000000008001ab00        0x0 proc/exception.o
 .data          0x000000008001ab00        0x0 proc/elf.o
 .data          0x000000008001ab00        0x0 proc/process.o
 .data          0x000000008001ab00        0x0 proc/syscall.o
 .data          0x000000008001ab00        0x0 vm/vm.o
 .data          0x000000008001ab00        0x0 vm/pagepool.o
 .data          0x000000008001ab00        0x0 vm/tlb.o
 .data          0x000000008001ab00        0x0 fs/vfs.o
 .data          0x000000008001ab00        0x0 fs/tfs.o
 .data          0x000000008001ab00       0x10 fs/filesystems.o
 .data          0x000000008001ab10        0x0 net/network.o
 .data          0x000000008001ab10       0x18 net/protocols.o
                0x000000008001ab10                network_protocols
 .data          0x000000008001ab28        0x0 net/socket.o
 .data          0x000000008001ab28        0x0 net/pop.o

.bss            0x000000008001ab28    0x23c30
 *(.bss COMMON)
 .bss           0x000000008001ab28        0x0 init/_boot.o
 .bss           0x000000008001ab28        0x0 kernel/cswitch.o
 .bss           0x000000008001ab28        0x0 kernel/_interrupt.o
 .bss           0x000000008001ab28        0x0 kernel/_spinlock.o
 .bss           0x000000008001ab28        0x0 kernel/idle.o
 .bss           0x000000008001ab28        0x0 lib/rand.o
 .bss           0x000000008001ab28        0x0 drivers/_timer.o
 .bss           0x000000008001ab28        0x0 vm/_tlb.o
 .bss           0x000000008001ab28        0x4 init/main.o
                0x000000008001ab28                kernel_bootstrap_finished
 .bss           0x000000008001ab2c        0x0 kernel/panic.o
 .bss           0x000000008001ab2c        0x8 kernel/kmalloc.o
 .bss           0x000000008001ab34      0x600 kernel/interrupt.o
 COMMON         0x000000008001b134       0x10 kernel/interrupt.o
                0x000000008001b134                interrupt_stacks
 .bss           0x000000008001b144        0x4 kernel/thread.o
 COMMON         0x000000008001b148    0x20804 kernel/thread.o
                0x000000008001b148                thread_table
                0x000000008001b948                thread_stack_areas
                0x000000008003b948                thread_table_slock
 .bss           0x000000008003b94c        0x0 kernel/scheduler.o
 COMMON         0x000000008003b94c       0x10 kernel/scheduler.o
                0x000000008003b94c                scheduler_current_thread
 .bss           0x000000008003b95c      0x200 kernel/sleepq.o
 .bss           0x000000008003bb5c      0x608 kernel/semaphore.o
 .bss           0x000000008003c164        0x0 kernel/exception.o
 .bss           0x000000008003c164        0x0 kernel/halt.o
 .bss           0x000000008003c164        0x0 kernel/hello.o
 .bss           0x000000008003c164        0x0 lib/libc.o
 .bss           0x000000008003c164        0x4 lib/xprintf.o
                0x000000008003c164                kprintf_slock
 .bss           0x000000008003c168        0x0 lib/bitmap.o
 .bss           0x000000008003c168        0x0 lib/debug.o
 .bss           0x000000008003c168        0x4 drivers/polltty.o
 .bss           0x000000008003c16c        0x0 drivers/timer.o
 .bss           0x000000008003c16c      0x100 drivers/bootargs.o
 .bss           0x000000008003c26c      0x204 drivers/device.o
 .bss           0x000000008003c470        0x0 drivers/drivers.o
 .bss           0x000000008003c470        0x4 drivers/tty.o
 .bss           0x000000008003c474        0x0 drivers/disk.o
 .bss           0x000000008003c474        0x0 drivers/disksched.o
 .bss           0x000000008003c474       0x48 drivers/metadev.o
 .bss           0x000000008003c4bc        0x0 proc/exception.o
 .bss           0x000000008003c4bc        0x0 proc/elf.o
 .bss           0x000000008003c4bc        0x0 proc/process.o
 .bss           0x000000008003c4bc        0x0 proc/syscall.o
 .bss           0x000000008003c4bc        0x0 vm/vm.o
 .bss           0x000000008003c4bc       0x14 vm/pagepool.o
 .bss           0x000000008003c4d0        0x0 vm/tlb.o
 .bss           0x000000008003c4d0     0x18b8 fs/vfs.o
 .bss           0x000000008003dd88        0x0 fs/tfs.o
 .bss           0x000000008003dd88        0x0 fs/filesystems.o
 .bss           0x000000008003dd88        0x0 net/network.o
 COMMON         0x000000008003dd88       0x30 net/network.o
                0x000000008003dd88                network_interfaces
 .bss           0x000000008003ddb8        0x0 net/protocols.o
 .bss           0x000000008003ddb8        0x4 net/socket.o
 COMMON         0x000000008003ddbc      0x704 net/socket.o
                0x000000008003ddbc                open_sockets
                0x000000008003e4bc                open_sockets_sem
 .bss           0x000000008003e4c0      0x298 net/pop.o
                0x000000008003e758                KERNEL_ENDS_HERE = .
LOAD init/_boot.o
LOAD kernel/cswitch.o
LOAD kernel/_interrupt.o
LOAD kernel/_spinlock.o
LOAD kernel/idle.o
LOAD lib/rand.o
LOAD drivers/_timer.o
LOAD vm/_tlb.o
LOAD init/main.o
LOAD kernel/panic.o
LOAD kernel/kmalloc.o
LOAD kernel/interrupt.o
LOAD kernel/thread.o
LOAD kernel/scheduler.o
LOAD kernel/sleepq.o
LOAD kernel/semaphore.o
LOAD kernel/exception.o
LOAD kernel/halt.o
LOAD kernel/hello.o
LOAD lib/libc.o
LOAD lib/xprintf.o
LOAD lib/bitmap.o
LOAD lib/debug.o
LOAD drivers/polltty.o
LOAD drivers/timer.o
LOAD drivers/bootargs.o
LOAD drivers/device.o
LOAD drivers/drivers.o
LOAD drivers/tty.o
LOAD drivers/disk.o
LOAD drivers/disksched.o
LOAD drivers/metadev.o
LOAD proc/exception.o
LOAD proc/elf.o
LOAD proc/process.o
LOAD proc/syscall.o
LOAD vm/vm.o
LOAD vm/pagepool.o
LOAD vm/tlb.o
LOAD fs/vfs.o
LOAD fs/tfs.o
LOAD fs/filesystems.o
LOAD net/network.o
LOAD net/protocols.o
LOAD net/socket.o
LOAD net/pop.o
OUTPUT(buenos elf32-bigmips)

.reginfo        0x0000000000000000       0x18
 .reginfo       0x0000000000000000       0x18 init/_boot.o

.pdr            0x0000000000000000     0x1780
 .pdr           0x0000000000000000       0x40 init/_boot.o
 .pdr           0x0000000000000040       0xa0 kernel/cswitch.o
 .pdr           0x00000000000000e0      0x180 kernel/_interrupt.o
 .pdr           0x0000000000000260       0x40 kernel/_spinlock.o
 .pdr           0x00000000000002a0       0x20 kernel/idle.o
 .pdr           0x00000000000002c0       0x40 lib/rand.o
 .pdr           0x0000000000000300       0x20 drivers/_timer.o
 .pdr           0x0000000000000320       0xe0 vm/_tlb.o
 .pdr           0x0000000000000400       0x60 init/main.o
 .pdr           0x0000000000000460       0x20 kernel/panic.o
 .pdr           0x0000000000000480       0xa0 kernel/kmalloc.o
 .pdr           0x0000000000000520       0x60 kernel/interrupt.o
 .pdr           0x0000000000000580      0x100 kernel/thread.o
 .pdr           0x0000000000000680       0x80 kernel/scheduler.o
 .pdr           0x0000000000000700       0x80 kernel/sleepq.o
 .pdr           0x0000000000000780       0xa0 kernel/semaphore.o
 .pdr           0x0000000000000820       0x40 kernel/exception.o
 .pdr           0x0000000000000860       0x20 kernel/halt.o
 .pdr           0x0000000000000880       0x20 kernel/hello.o
 .pdr           0x00000000000008a0      0x100 lib/libc.o
 .pdr           0x00000000000009a0       0xe0 lib/xprintf.o
 .pdr           0x0000000000000a80       0xa0 lib/bitmap.o
 .pdr           0x0000000000000b20       0x20 lib/debug.o
 .pdr           0x0000000000000b40       0x60 drivers/polltty.o
 .pdr           0x0000000000000ba0       0x20 drivers/timer.o
 .pdr           0x0000000000000bc0       0x40 drivers/bootargs.o
 .pdr           0x0000000000000c00       0x40 drivers/device.o
 .pdr           0x0000000000000c40        0x0 drivers/drivers.o
 .pdr           0x0000000000000c40       0x80 drivers/tty.o
 .pdr           0x0000000000000cc0      0x100 drivers/disk.o
 .pdr           0x0000000000000dc0       0x20 drivers/disksched.o
 .pdr           0x0000000000000de0      0x180 drivers/metadev.o
 .pdr           0x0000000000000f60       0x20 proc/exception.o
 .pdr           0x0000000000000f80       0x20 proc/elf.o
 .pdr           0x0000000000000fa0       0x20 proc/process.o
 .pdr           0x0000000000000fc0       0x20 proc/syscall.o
 .pdr           0x0000000000000fe0       0xc0 vm/vm.o
 .pdr           0x00000000000010a0       0x60 vm/pagepool.o
 .pdr           0x0000000000001100       0x80 vm/tlb.o
 .pdr           0x0000000000001180      0x260 fs/vfs.o
 .pdr           0x00000000000013e0      0x120 fs/tfs.o
 .pdr           0x0000000000001500       0x20 fs/filesystems.o
 .pdr           0x0000000000001520      0x120 net/network.o
 .pdr           0x0000000000001640       0x40 net/protocols.o
 .pdr           0x0000000000001680       0x60 net/socket.o
 .pdr           0x00000000000016e0       0xa0 net/pop.o

.mdebug.abi32   0x0000000000000000        0x0
 .mdebug.abi32  0x0000000000000000        0x0 init/main.o
 .mdebug.abi32  0x0000000000000000        0x0 kernel/panic.o
 .mdebug.abi32  0x0000000000000000        0x0 kernel/kmalloc.o
 .mdebug.abi32  0x0000000000000000        0x0 kernel/interrupt.o
 .mdebug.abi32  0x0000000000000000        0x0 kernel/thread.o
 .mdebug.abi32  0x0000000000000000        0x0 kernel/scheduler.o
 .mdebug.abi32  0x0000000000000000        0x0 kernel/sleepq.o
 .mdebug.abi32  0x0000000000000000        0x0 kernel/semaphore.o
 .mdebug.abi32  0x0000000000000000        0x0 kernel/exception.o
 .mdebug.abi32  0x0000000000000000        0x0 kernel/halt.o
 .mdebug.abi32  0x0000000000000000        0x0 kernel/hello.o
 .mdebug.abi32  0x0000000000000000        0x0 lib/libc.o
 .mdebug.abi32  0x0000000000000000        0x0 lib/xprintf.o
 .mdebug.abi32  0x0000000000000000        0x0 lib/bitmap.o
 .mdebug.abi32  0x0000000000000000        0x0 lib/debug.o
 .mdebug.abi32  0x0000000000000000        0x0 drivers/polltty.o
 .mdebug.abi32  0x0000000000000000        0x0 drivers/timer.o
 .mdebug.abi32  0x0000000000000000        0x0 drivers/bootargs.o
 .mdebug.abi32  0x0000000000000000        0x0 drivers/device.o
 .mdebug.abi32  0x0000000000000000        0x0 drivers/drivers.o
 .mdebug.abi32  0x0000000000000000        0x0 drivers/tty.o
 .mdebug.abi32  0x0000000000000000        0x0 drivers/disk.o
 .mdebug.abi32  0x0000000000000000        0x0 drivers/disksched.o
 .mdebug.abi32  0x0000000000000000        0x0 drivers/metadev.o
 .mdebug.abi32  0x0000000000000000        0x0 proc/exception.o
 .mdebug.abi32  0x0000000000000000        0x0 proc/elf.o
 .mdebug.abi32  0x0000000000000000        0x0 proc/process.o
 .mdebug.abi32  0x0000000000000000        0x0 proc/syscall.o
 .mdebug.abi32  0x0000000000000000        0x0 vm/vm.o
 .mdebug.abi32  0x0000000000000000        0x0 vm/pagepool.o
 .mdebug.abi32  0x0000000000000000        0x0 vm/tlb.o
 .mdebug.abi32  0x0000000000000000        0x0 fs/vfs.o
 .mdebug.abi32  0x0000000000000000        0x0 fs/tfs.o
 .mdebug.abi32  0x0000000000000000        0x0 fs/filesystems.o
 .mdebug.abi32  0x0000000000000000        0x0 net/network.o
 .mdebug.abi32  0x0000000000000000        0x0 net/protocols.o
 .mdebug.abi32  0x0000000000000000        0x0 net/socket.o
 .mdebug.abi32  0x0000000000000000        0x0 net/pop.o

.comment        0x0000000000000000       0x11
 .comment       0x0000000000000000       0x11 init/main.o
                                         0x12 (size before relaxing)
 .comment       0x0000000000000000       0x12 kernel/panic.o
 .comment       0x0000000000000000       0x12 kernel/kmalloc.o
 .comment       0x0000000000000000       0x12 kernel/interrupt.o
 .comment       0x0000000000000000       0x12 kernel/thread.o
 .comment       0x0000000000000000       0x12 kernel/scheduler.o
 .comment       0x0000000000000000       0x12 kernel/sleepq.o
 .comment       0x0000000000000000       0x12 kernel/semaphore.o
 .comment       0x0000000000000000       0x12 kernel/exception.o
 .comment       0x0000000000000000       0x12 kernel/halt.o
 .comment       0x0000000000000000       0x12 kernel/hello.o
 .comment       0x0000000000000000       0x12 lib/libc.o
 .comment       0x0000000000000000       0x12 lib/xprintf.o
 .comment       0x0000000000000000       0x12 lib/bitmap.o
 .comment       0x0000000000000000       0x12 lib/debug.o
 .comment       0x0000000000000000       0x12 drivers/polltty.o
 .comment       0x0000000000000000       0x12 drivers/timer.o
 .comment       0x0000000000000000       0x12 drivers/bootargs.o
 .comment       0x0000000000000000       0x12 drivers/device.o
 .comment       0x0000000000000000       0x12 drivers/drivers.o
 .comment       0x0000000000000000       0x12 drivers/tty.o
 .comment       0x0000000000000000       0x12 drivers/disk.o
 .comment       0x0000000000000000       0x12 drivers/disksched.o
 .comment       0x0000000000000000       0x12 drivers/metadev.o
 .comment       0x0000000000000000       0x12 proc/exception.o
 .comment       0x0000000000000000       0x12 proc/elf.o
 .comment       0x0000000000000000       0x12 proc/process.o
 .comment       0x0000000000000000       0x12 proc/syscall.o
 .comment       0x0000000000000000       0x12 vm/vm.o
 .comment       0x0000000000000000       0x12 vm/pagepool.o
 .comment       0x0000000000000000       0x12 vm/tlb.o
 .comment       0x0000000000000000       0x12 fs/vfs.o
 .comment       0x0000000000000000       0x12 fs/tfs.o
 .comment       0x0000000000000000       0x12 fs/filesystems.o
 .comment       0x0000000000000000       0x12 net/network.o
 .comment       0x0000000000000000       0x12 net/protocols.o
 .comment       0x0000000000000000       0x12 net/socket.o
 .comment       0x0000000000000000       0x12 net/pop.o

.gnu.attributes
                0x0000000000000000       0x10
 .gnu.attributes
                0x0000000000000000       0x10 init/main.o
 .gnu.attributes
                0x0000000000000010       0x10 kernel/panic.o
 .gnu.attributes
                0x0000000000000020       0x10 kernel/kmalloc.o
 .gnu.attributes
                0x0000000000000030       0x10 kernel/interrupt.o
 .gnu.attributes
                0x0000000000000040       0x10 kernel/thread.o
 .gnu.attributes
                0x0000000000000050       0x10 kernel/scheduler.o
 .gnu.attributes
                0x0000000000000060       0x10 kernel/sleepq.o
 .gnu.attributes
                0x0000000000000070       0x10 kernel/semaphore.o
 .gnu.attributes
                0x0000000000000080       0x10 kernel/exception.o
 .gnu.attributes
                0x0000000000000090       0x10 kernel/halt.o
 .gnu.attributes
                0x00000000000000a0       0x10 kernel/hello.o
 .gnu.attributes
                0x00000000000000b0       0x10 lib/libc.o
 .gnu.attributes
                0x00000000000000c0       0x10 lib/xprintf.o
 .gnu.attributes
                0x00000000000000d0       0x10 lib/bitmap.o
 .gnu.attributes
                0x00000000000000e0       0x10 lib/debug.o
 .gnu.attributes
                0x00000000000000f0       0x10 drivers/polltty.o
 .gnu.attributes
                0x0000000000000100       0x10 drivers/timer.o
 .gnu.attributes
                0x0000000000000110       0x10 drivers/bootargs.o
 .gnu.attributes
                0x0000000000000120       0x10 drivers/device.o
 .gnu.attributes
                0x0000000000000130       0x10 drivers/drivers.o
 .gnu.attributes
                0x0000000000000140       0x10 drivers/tty.o
 .gnu.attributes
                0x0000000000000150       0x10 drivers/disk.o
 .gnu.attributes
                0x0000000000000160       0x10 drivers/disksched.o
 .gnu.attributes
                0x0000000000000170       0x10 drivers/metadev.o
 .gnu.attributes
                0x0000000000000180       0x10 proc/exception.o
 .gnu.attributes
                0x0000000000000190       0x10 proc/elf.o
 .gnu.attributes
                0x00000000000001a0       0x10 proc/process.o
 .gnu.attributes
                0x00000000000001b0       0x10 proc/syscall.o
 .gnu.attributes
                0x00000000000001c0       0x10 vm/vm.o
 .gnu.attributes
                0x00000000000001d0       0x10 vm/pagepool.o
 .gnu.attributes
                0x00000000000001e0       0x10 vm/tlb.o
 .gnu.attributes
                0x00000000000001f0       0x10 fs/vfs.o
 .gnu.attributes
                0x0000000000000200       0x10 fs/tfs.o
 .gnu.attributes
                0x0000000000000210       0x10 fs/filesystems.o
 .gnu.attributes
                0x0000000000000220       0x10 net/network.o
 .gnu.attributes
                0x0000000000000230       0x10 net/protocols.o
 .gnu.attributes
                0x0000000000000240       0x10 net/socket.o
 .gnu.attributes
                0x0000000000000250       0x10 net/pop.o

.stab           0x0000000000000000     0x1560
 .stab          0x0000000000000000       0xfc init/_boot.o
 .stab          0x00000000000000fc      0x9d8 kernel/cswitch.o
                                        0x9e4 (size before relaxing)
 .stab          0x0000000000000ad4      0x3f0 kernel/_interrupt.o
                                        0x3fc (size before relaxing)
 .stab          0x0000000000000ec4       0xb4 kernel/_spinlock.o
                                         0xc0 (size before relaxing)
 .stab          0x0000000000000f78       0x54 kernel/idle.o
                                         0x60 (size before relaxing)
 .stab          0x0000000000000fcc       0xe4 lib/rand.o
                                         0xf0 (size before relaxing)
 .stab          0x00000000000010b0       0x6c drivers/_timer.o
                                         0x78 (size before relaxing)
 .stab          0x000000000000111c      0x444 vm/_tlb.o
                                        0x450 (size before relaxing)

.stabstr        0x0000000000000000      0x3a9
 .stabstr       0x0000000000000000      0x3a9 init/_boot.o

.debug_info     0x0000000000000000     0xd128
 .debug_info    0x0000000000000000      0xa91 init/main.o
 .debug_info    0x0000000000000a91      0x16e kernel/panic.o
 .debug_info    0x0000000000000bff      0x33d kernel/kmalloc.o
 .debug_info    0x0000000000000f3c      0x725 kernel/interrupt.o
 .debug_info    0x0000000000001661      0x7ca kernel/thread.o
 .debug_info    0x0000000000001e2b      0x622 kernel/scheduler.o
 .debug_info    0x000000000000244d      0x71f kernel/sleepq.o
 .debug_info    0x0000000000002b6c      0x463 kernel/semaphore.o
 .debug_info    0x0000000000002fcf      0x42f kernel/exception.o
 .debug_info    0x00000000000033fe      0x10c kernel/halt.o
 .debug_info    0x000000000000350a       0xca kernel/hello.o
 .debug_info    0x00000000000035d4      0x349 lib/libc.o
 .debug_info    0x000000000000391d      0xa5e lib/xprintf.o
 .debug_info    0x000000000000437b      0x332 lib/bitmap.o
 .debug_info    0x00000000000046ad      0x135 lib/debug.o
 .debug_info    0x00000000000047e2      0x1aa drivers/polltty.o
 .debug_info    0x000000000000498c       0xfe drivers/timer.o
 .debug_info    0x0000000000004a8a      0x22b drivers/bootargs.o
 .debug_info    0x0000000000004cb5      0x325 drivers/device.o
 .debug_info    0x0000000000004fda      0x1c2 drivers/drivers.o
 .debug_info    0x000000000000519c      0x7c7 drivers/tty.o
 .debug_info    0x0000000000005963      0xaac drivers/disk.o
 .debug_info    0x000000000000640f      0x1b1 drivers/disksched.o
 .debug_info    0x00000000000065c0      0x791 drivers/metadev.o
 .debug_info    0x0000000000006d51      0x5cf proc/exception.o
 .debug_info    0x0000000000007320      0x3d0 proc/elf.o
 .debug_info    0x00000000000076f0      0xa6b proc/process.o
 .debug_info    0x000000000000815b      0x174 proc/syscall.o
 .debug_info    0x00000000000082cf      0x49b vm/vm.o
 .debug_info    0x000000000000876a      0x49f vm/pagepool.o
 .debug_info    0x0000000000008c09      0x330 vm/tlb.o
 .debug_info    0x0000000000008f39     0x14b7 fs/vfs.o
 .debug_info    0x000000000000a3f0      0xfa4 fs/tfs.o
 .debug_info    0x000000000000b394      0x501 fs/filesystems.o
 .debug_info    0x000000000000b895      0x9de net/network.o
 .debug_info    0x000000000000c273      0x170 net/protocols.o
 .debug_info    0x000000000000c3e3      0x3cb net/socket.o
 .debug_info    0x000000000000c7ae      0x97a net/pop.o

.debug_abbrev   0x0000000000000000     0x3fd4
 .debug_abbrev  0x0000000000000000      0x1e1 init/main.o
 .debug_abbrev  0x00000000000001e1       0xf6 kernel/panic.o
 .debug_abbrev  0x00000000000002d7      0x1be kernel/kmalloc.o
 .debug_abbrev  0x0000000000000495      0x231 kernel/interrupt.o
 .debug_abbrev  0x00000000000006c6      0x2ac kernel/thread.o
 .debug_abbrev  0x0000000000000972      0x225 kernel/scheduler.o
 .debug_abbrev  0x0000000000000b97      0x209 kernel/sleepq.o
 .debug_abbrev  0x0000000000000da0      0x1a6 kernel/semaphore.o
 .debug_abbrev  0x0000000000000f46      0x16a kernel/exception.o
 .debug_abbrev  0x00000000000010b0       0xd6 kernel/halt.o
 .debug_abbrev  0x0000000000001186       0xad kernel/hello.o
 .debug_abbrev  0x0000000000001233      0x147 lib/libc.o
 .debug_abbrev  0x000000000000137a      0x24a lib/xprintf.o
 .debug_abbrev  0x00000000000015c4      0x160 lib/bitmap.o
 .debug_abbrev  0x0000000000001724       0xde lib/debug.o
 .debug_abbrev  0x0000000000001802       0xfb drivers/polltty.o
 .debug_abbrev  0x00000000000018fd       0xc8 drivers/timer.o
 .debug_abbrev  0x00000000000019c5      0x1ab drivers/bootargs.o
 .debug_abbrev  0x0000000000001b70      0x1d2 drivers/device.o
 .debug_abbrev  0x0000000000001d42       0xaa drivers/drivers.o
 .debug_abbrev  0x0000000000001dec      0x275 drivers/tty.o
 .debug_abbrev  0x0000000000002061      0x311 drivers/disk.o
 .debug_abbrev  0x0000000000002372       0xd6 drivers/disksched.o
 .debug_abbrev  0x0000000000002448      0x254 drivers/metadev.o
 .debug_abbrev  0x000000000000269c      0x1a0 proc/exception.o
 .debug_abbrev  0x000000000000283c      0x15c proc/elf.o
 .debug_abbrev  0x0000000000002998      0x1ca proc/process.o
 .debug_abbrev  0x0000000000002b62       0xfc proc/syscall.o
 .debug_abbrev  0x0000000000002c5e      0x1d4 vm/vm.o
 .debug_abbrev  0x0000000000002e32      0x178 vm/pagepool.o
 .debug_abbrev  0x0000000000002faa      0x16e vm/tlb.o
 .debug_abbrev  0x0000000000003118      0x31e fs/vfs.o
 .debug_abbrev  0x0000000000003436      0x269 fs/tfs.o
 .debug_abbrev  0x000000000000369f      0x154 fs/filesystems.o
 .debug_abbrev  0x00000000000037f3      0x34d net/network.o
 .debug_abbrev  0x0000000000003b40       0xf3 net/protocols.o
 .debug_abbrev  0x0000000000003c33      0x196 net/socket.o
 .debug_abbrev  0x0000000000003dc9      0x20b net/pop.o

.debug_loc      0x0000000000000000     0x6b29
 .debug_loc     0x0000000000000000       0xf7 init/main.o
 .debug_loc     0x00000000000000f7       0x97 kernel/panic.o
 .debug_loc     0x000000000000018e       0xed kernel/kmalloc.o
 .debug_loc     0x000000000000027b      0x23c kernel/interrupt.o
 .debug_loc     0x00000000000004b7      0x238 kernel/thread.o
 .debug_loc     0x00000000000006ef      0x186 kernel/scheduler.o
 .debug_loc     0x0000000000000875      0x317 kernel/sleepq.o
 .debug_loc     0x0000000000000b8c      0x228 kernel/semaphore.o
 .debug_loc     0x0000000000000db4       0x60 kernel/exception.o
 .debug_loc     0x0000000000000e14      0x5e9 lib/libc.o
 .debug_loc     0x00000000000013fd     0x136b lib/xprintf.o
 .debug_loc     0x0000000000002768      0x59e lib/bitmap.o
 .debug_loc     0x0000000000002d06       0x4d lib/debug.o
 .debug_loc     0x0000000000002d53       0x43 drivers/polltty.o
 .debug_loc     0x0000000000002d96       0x4a drivers/timer.o
 .debug_loc     0x0000000000002de0      0x24f drivers/bootargs.o
 .debug_loc     0x000000000000302f      0x123 drivers/device.o
 .debug_loc     0x0000000000003152      0x3ed drivers/tty.o
 .debug_loc     0x000000000000353f      0x4da drivers/disk.o
 .debug_loc     0x0000000000003a19      0x3bb drivers/metadev.o
 .debug_loc     0x0000000000003dd4       0x55 proc/exception.o
 .debug_loc     0x0000000000003e29       0xb8 proc/elf.o
 .debug_loc     0x0000000000003ee1      0x1fe proc/process.o
 .debug_loc     0x00000000000040df       0x74 proc/syscall.o
 .debug_loc     0x0000000000004153      0x2a7 vm/vm.o
 .debug_loc     0x00000000000043fa      0x143 vm/pagepool.o
 .debug_loc     0x000000000000453d       0x42 vm/tlb.o
 .debug_loc     0x000000000000457f      0xb9c fs/vfs.o
 .debug_loc     0x000000000000511b      0xb4a fs/tfs.o
 .debug_loc     0x0000000000005c65       0xa7 fs/filesystems.o
 .debug_loc     0x0000000000005d0c      0x680 net/network.o
 .debug_loc     0x000000000000638c       0x7f net/protocols.o
 .debug_loc     0x000000000000640b      0x188 net/socket.o
 .debug_loc     0x0000000000006593      0x596 net/pop.o

.debug_aranges  0x0000000000000000      0x4b8
 .debug_aranges
                0x0000000000000000       0x20 init/main.o
 .debug_aranges
                0x0000000000000020       0x20 kernel/panic.o
 .debug_aranges
                0x0000000000000040       0x20 kernel/kmalloc.o
 .debug_aranges
                0x0000000000000060       0x20 kernel/interrupt.o
 .debug_aranges
                0x0000000000000080       0x20 kernel/thread.o
 .debug_aranges
                0x00000000000000a0       0x20 kernel/scheduler.o
 .debug_aranges
                0x00000000000000c0       0x20 kernel/sleepq.o
 .debug_aranges
                0x00000000000000e0       0x20 kernel/semaphore.o
 .debug_aranges
                0x0000000000000100       0x20 kernel/exception.o
 .debug_aranges
                0x0000000000000120       0x20 kernel/halt.o
 .debug_aranges
                0x0000000000000140       0x20 kernel/hello.o
 .debug_aranges
                0x0000000000000160       0x20 lib/libc.o
 .debug_aranges
                0x0000000000000180       0x20 lib/xprintf.o
 .debug_aranges
                0x00000000000001a0       0x20 lib/bitmap.o
 .debug_aranges
                0x00000000000001c0       0x20 lib/debug.o
 .debug_aranges
                0x00000000000001e0       0x20 drivers/polltty.o
 .debug_aranges
                0x0000000000000200       0x20 drivers/timer.o
 .debug_aranges
                0x0000000000000220       0x20 drivers/bootargs.o
 .debug_aranges
                0x0000000000000240       0x20 drivers/device.o
 .debug_aranges
                0x0000000000000260       0x18 drivers/drivers.o
 .debug_aranges
                0x0000000000000278       0x20 drivers/tty.o
 .debug_aranges
                0x0000000000000298       0x20 drivers/disk.o
 .debug_aranges
                0x00000000000002b8       0x20 drivers/disksched.o
 .debug_aranges
                0x00000000000002d8       0x20 drivers/metadev.o
 .debug_aranges
                0x00000000000002f8       0x20 proc/exception.o
 .debug_aranges
                0x0000000000000318       0x20 proc/elf.o
 .debug_aranges
                0x0000000000000338       0x20 proc/process.o
 .debug_aranges
                0x0000000000000358       0x20 proc/syscall.o
 .debug_aranges
                0x0000000000000378       0x20 vm/vm.o
 .debug_aranges
                0x0000000000000398       0x20 vm/pagepool.o
 .debug_aranges
                0x00000000000003b8       0x20 vm/tlb.o
 .debug_aranges
                0x00000000000003d8       0x20 fs/vfs.o
 .debug_aranges
                0x00000000000003f8       0x20 fs/tfs.o
 .debug_aranges
                0x0000000000000418       0x20 fs/filesystems.o
 .debug_aranges
                0x0000000000000438       0x20 net/network.o
 .debug_aranges
                0x0000000000000458       0x20 net/protocols.o
 .debug_aranges
                0x0000000000000478       0x20 net/socket.o
 .debug_aranges
                0x0000000000000498       0x20 net/pop.o

.debug_ranges   0x0000000000000000      0x330
 .debug_ranges  0x0000000000000000       0x20 init/main.o
 .debug_ranges  0x0000000000000020       0x28 kernel/thread.o
 .debug_ranges  0x0000000000000048       0x20 kernel/scheduler.o
 .debug_ranges  0x0000000000000068      0x128 lib/xprintf.o
 .debug_ranges  0x0000000000000190       0x18 lib/bitmap.o
 .debug_ranges  0x00000000000001a8       0x20 drivers/device.o
 .debug_ranges  0x00000000000001c8       0x40 drivers/tty.o
 .debug_ranges  0x0000000000000208       0x20 drivers/disk.o
 .debug_ranges  0x0000000000000228       0x40 fs/vfs.o
 .debug_ranges  0x0000000000000268       0xb0 net/network.o
 .debug_ranges  0x0000000000000318       0x18 net/socket.o

.debug_line     0x0000000000000000     0x337c
 .debug_line    0x0000000000000000      0x1fe init/main.o
 .debug_line    0x00000000000001fe       0x90 kernel/panic.o
 .debug_line    0x000000000000028e       0xe5 kernel/kmalloc.o
 .debug_line    0x0000000000000373      0x1a7 kernel/interrupt.o
 .debug_line    0x000000000000051a      0x1cd kernel/thread.o
 .debug_line    0x00000000000006e7      0x177 kernel/scheduler.o
 .debug_line    0x000000000000085e      0x1ad kernel/sleepq.o
 .debug_line    0x0000000000000a0b      0x11e kernel/semaphore.o
 .debug_line    0x0000000000000b29       0xd1 kernel/exception.o
 .debug_line    0x0000000000000bfa       0x84 kernel/halt.o
 .debug_line    0x0000000000000c7e       0x66 kernel/hello.o
 .debug_line    0x0000000000000ce4      0x174 lib/libc.o
 .debug_line    0x0000000000000e58      0x2eb lib/xprintf.o
 .debug_line    0x0000000000001143      0x129 lib/bitmap.o
 .debug_line    0x000000000000126c       0xb0 lib/debug.o
 .debug_line    0x000000000000131c       0x95 drivers/polltty.o
 .debug_line    0x00000000000013b1       0x6e drivers/timer.o
 .debug_line    0x000000000000141f       0xf6 drivers/bootargs.o
 .debug_line    0x0000000000001515       0xe5 drivers/device.o
 .debug_line    0x00000000000015fa       0x70 drivers/drivers.o
 .debug_line    0x000000000000166a      0x1f8 drivers/tty.o
 .debug_line    0x0000000000001862      0x1ed drivers/disk.o
 .debug_line    0x0000000000001a4f       0x9f drivers/disksched.o
 .debug_line    0x0000000000001aee      0x185 drivers/metadev.o
 .debug_line    0x0000000000001c73       0xf5 proc/exception.o
 .debug_line    0x0000000000001d68       0xd4 proc/elf.o
 .debug_line    0x0000000000001e3c      0x1f8 proc/process.o
 .debug_line    0x0000000000002034       0xab proc/syscall.o
 .debug_line    0x00000000000020df      0x17b vm/vm.o
 .debug_line    0x000000000000225a      0x111 vm/pagepool.o
 .debug_line    0x000000000000236b       0x95 vm/tlb.o
 .debug_line    0x0000000000002400      0x39a fs/vfs.o
 .debug_line    0x000000000000279a      0x3f9 fs/tfs.o
 .debug_line    0x0000000000002b93       0xea fs/filesystems.o
 .debug_line    0x0000000000002c7d      0x20c net/network.o
 .debug_line    0x0000000000002e89       0x92 net/protocols.o
 .debug_line    0x0000000000002f1b      0x173 net/socket.o
 .debug_line    0x000000000000308e      0x2ee net/pop.o

.debug_str      0x0000000000000000     0x1b0d
 .debug_str     0x0000000000000000      0x316 init/main.o
                                        0x37d (size before relaxing)
 .debug_str     0x0000000000000316       0x45 kernel/panic.o
                                        0x141 (size before relaxing)
 .debug_str     0x000000000000035b       0xb4 kernel/kmalloc.o
                                        0x1e7 (size before relaxing)
 .debug_str     0x000000000000040f      0x23d kernel/interrupt.o
                                        0x401 (size before relaxing)
 .debug_str     0x000000000000064c      0x13a kernel/thread.o
                                        0x437 (size before relaxing)
 .debug_str     0x0000000000000786       0x72 kernel/scheduler.o
                                        0x3d0 (size before relaxing)
 .debug_str     0x00000000000007f8       0x8e kernel/sleepq.o
                                        0x3af (size before relaxing)
 .debug_str     0x0000000000000886       0x8f kernel/semaphore.o
                                        0x24a (size before relaxing)
 .debug_str     0x0000000000000915       0xa3 kernel/exception.o
                                        0x1d4 (size before relaxing)
 .debug_str     0x00000000000009b8       0x19 kernel/halt.o
                                         0xfb (size before relaxing)
 .debug_str     0x00000000000009d1       0x3a kernel/hello.o
                                         0xdd (size before relaxing)
 .debug_str     0x0000000000000a0b       0x74 lib/libc.o
                                        0x165 (size before relaxing)
 .debug_str     0x0000000000000a7f       0x9d lib/xprintf.o
                                        0x219 (size before relaxing)
 .debug_str     0x0000000000000b1c       0x6e lib/bitmap.o
                                        0x143 (size before relaxing)
 .debug_str     0x0000000000000b8a       0x27 lib/debug.o
                                        0x11f (size before relaxing)
 .debug_str     0x0000000000000bb1       0x3c drivers/polltty.o
                                        0x17e (size before relaxing)
 .debug_str     0x0000000000000bed       0x21 drivers/timer.o
                                        0x143 (size before relaxing)
 .debug_str     0x0000000000000c0e       0x5c drivers/bootargs.o
                                        0x156 (size before relaxing)
 .debug_str     0x0000000000000c6a       0x74 drivers/device.o
                                        0x1df (size before relaxing)
 .debug_str     0x0000000000000cde       0x12 drivers/drivers.o
                                        0x18f (size before relaxing)
 .debug_str     0x0000000000000cf0       0xa4 drivers/tty.o
                                        0x32d (size before relaxing)
 .debug_str     0x0000000000000d94      0x195 drivers/disk.o
                                        0x455 (size before relaxing)
 .debug_str     0x0000000000000f29       0x14 drivers/disksched.o
                                        0x1ae (size before relaxing)
 .debug_str     0x0000000000000f3d      0x121 drivers/metadev.o
                                        0x37d (size before relaxing)
 .debug_str     0x000000000000105e       0x3f proc/exception.o
                                        0x305 (size before relaxing)
 .debug_str     0x000000000000109d      0x1a5 proc/elf.o
                                        0x279 (size before relaxing)
 .debug_str     0x0000000000001242       0xac proc/process.o
                                        0x41b (size before relaxing)
 .debug_str     0x00000000000012ee        0xf proc/syscall.o
                                        0x12f (size before relaxing)
 .debug_str     0x00000000000012fd       0x55 vm/vm.o
                                        0x215 (size before relaxing)
 .debug_str     0x0000000000001352       0x70 vm/pagepool.o
                                        0x2a4 (size before relaxing)
 .debug_str     0x00000000000013c2       0x60 vm/tlb.o
                                        0x1c0 (size before relaxing)
 .debug_str     0x0000000000001422      0x1b9 fs/vfs.o
                                        0x4fe (size before relaxing)
 .debug_str     0x00000000000015db       0xd2 fs/tfs.o
                                        0x480 (size before relaxing)
 .debug_str     0x00000000000016ad       0x34 fs/filesystems.o
                                        0x2fc (size before relaxing)
 .debug_str     0x00000000000016e1      0x222 net/network.o
                                        0x43c (size before relaxing)
 .debug_str     0x0000000000001903       0x36 net/protocols.o
                                        0x167 (size before relaxing)
 .debug_str     0x0000000000001939       0xa1 net/socket.o
                                        0x226 (size before relaxing)
 .debug_str     0x00000000000019da      0x133 net/pop.o
                                        0x3ba (size before relaxing)

.debug_frame    0x0000000000000000     0x18c0
 .debug_frame   0x0000000000000000       0x88 init/main.o
 .debug_frame   0x0000000000000088       0x38 kernel/panic.o
 .debug_frame   0x00000000000000c0       0x9c kernel/kmalloc.o
 .debug_frame   0x000000000000015c       0x98 kernel/interrupt.o
 .debug_frame   0x00000000000001f4      0x120 kernel/thread.o
 .debug_frame   0x0000000000000314       0xa4 kernel/scheduler.o
 .debug_frame   0x00000000000003b8       0xc8 kernel/sleepq.o
 .debug_frame   0x0000000000000480       0xc8 kernel/semaphore.o
 .debug_frame   0x0000000000000548       0x50 kernel/exception.o
 .debug_frame   0x0000000000000598       0x2c kernel/halt.o
 .debug_frame   0x00000000000005c4       0x2c kernel/hello.o
 .debug_frame   0x00000000000005f0       0xb8 lib/libc.o
 .debug_frame   0x00000000000006a8      0x118 lib/xprintf.o
 .debug_frame   0x00000000000007c0       0xe4 lib/bitmap.o
 .debug_frame   0x00000000000008a4       0x30 lib/debug.o
 .debug_frame   0x00000000000008d4       0x40 drivers/polltty.o
 .debug_frame   0x0000000000000914       0x30 drivers/timer.o
 .debug_frame   0x0000000000000944       0x4c drivers/bootargs.o
 .debug_frame   0x0000000000000990       0x54 drivers/device.o
 .debug_frame   0x00000000000009e4       0xd4 drivers/tty.o
 .debug_frame   0x0000000000000ab8      0x144 drivers/disk.o
 .debug_frame   0x0000000000000bfc       0x20 drivers/disksched.o
 .debug_frame   0x0000000000000c1c      0x17c drivers/metadev.o
 .debug_frame   0x0000000000000d98       0x34 proc/exception.o
 .debug_frame   0x0000000000000dcc       0x48 proc/elf.o
 .debug_frame   0x0000000000000e14       0x44 proc/process.o
 .debug_frame   0x0000000000000e58       0x3c proc/syscall.o
 .debug_frame   0x0000000000000e94       0xf0 vm/vm.o
 .debug_frame   0x0000000000000f84       0x8c vm/pagepool.o
 .debug_frame   0x0000000000001010       0x6c vm/tlb.o
 .debug_frame   0x000000000000107c      0x344 fs/vfs.o
 .debug_frame   0x00000000000013c0      0x1d0 fs/tfs.o
 .debug_frame   0x0000000000001590       0x40 fs/filesystems.o
 .debug_frame   0x00000000000015d0      0x110 net/network.o
 .debug_frame   0x00000000000016e0       0x40 net/protocols.o
 .debug_frame   0x0000000000001720       0xa4 net/socket.o
 .debug_frame   0x00000000000017c4       0xfc net/pop.o

Cross Reference Table

Symbol                                            File
DEBUG                                             lib/debug.o
                                                  init/main.o
KERNEL_ENDS_HERE                                  kernel/kmalloc.o
_cswitch_switch                                   kernel/cswitch.o
_cswitch_to_userland                              kernel/cswitch.o
                                                  kernel/thread.o
_cswitch_vector_code                              kernel/cswitch.o
                                                  kernel/interrupt.o
_get_rand                                         lib/rand.o
                                                  kernel/scheduler.o
_idle_thread_wait_loop                            kernel/idle.o
                                                  kernel/thread.o
                                                  init/_boot.o
_interrupt_clear_EXL                              kernel/_interrupt.o
                                                  proc/exception.o
                                                  kernel/exception.o
_interrupt_clear_bootstrap                        kernel/_interrupt.o
                                                  init/main.o
                                                  init/_boot.o
_interrupt_clear_sw                               kernel/_interrupt.o
_interrupt_clear_sw0                              kernel/_interrupt.o
                                                  kernel/interrupt.o
_interrupt_clear_sw1                              kernel/_interrupt.o
_interrupt_disable                                kernel/_interrupt.o
                                                  vm/pagepool.o
                                                  proc/process.o
                                                  proc/exception.o
                                                  drivers/metadev.o
                                                  drivers/disk.o
                                                  drivers/tty.o
                                                  drivers/timer.o
                                                  lib/xprintf.o
                                                  kernel/exception.o
                                                  kernel/semaphore.o
                                                  kernel/sleepq.o
                                                  kernel/scheduler.o
                                                  kernel/thread.o
                                                  kernel/panic.o
_interrupt_enable                                 kernel/_interrupt.o
                                                  proc/exception.o
                                                  kernel/thread.o
                                                  init/main.o
                                                  init/_boot.o
_interrupt_generate_sw0                           kernel/_interrupt.o
                                                  kernel/thread.o
                                                  init/_boot.o
_interrupt_get_state                              kernel/_interrupt.o
                                                  kernel/sleepq.o
_interrupt_getcpu                                 kernel/_interrupt.o
                                                  drivers/metadev.o
                                                  kernel/scheduler.o
                                                  kernel/thread.o
                                                  kernel/interrupt.o
                                                  kernel/panic.o
_interrupt_set_EXL                                kernel/_interrupt.o
                                                  proc/exception.o
                                                  kernel/exception.o
_interrupt_set_state                              kernel/_interrupt.o
                                                  vm/pagepool.o
                                                  proc/process.o
                                                  drivers/metadev.o
                                                  drivers/disk.o
                                                  drivers/tty.o
                                                  drivers/timer.o
                                                  lib/xprintf.o
                                                  kernel/exception.o
                                                  kernel/semaphore.o
                                                  kernel/sleepq.o
                                                  kernel/scheduler.o
                                                  kernel/thread.o
_kernel_panic                                     kernel/panic.o
                                                  net/pop.o
                                                  net/socket.o
                                                  net/network.o
                                                  fs/vfs.o
                                                  vm/tlb.o
                                                  vm/pagepool.o
                                                  vm/vm.o
                                                  proc/syscall.o
                                                  proc/process.o
                                                  proc/exception.o
                                                  drivers/metadev.o
                                                  drivers/disk.o
                                                  drivers/tty.o
                                                  lib/bitmap.o
                                                  kernel/exception.o
                                                  kernel/semaphore.o
                                                  kernel/sleepq.o
                                                  kernel/scheduler.o
                                                  kernel/thread.o
                                                  kernel/interrupt.o
                                                  kernel/kmalloc.o
                                                  init/main.o
_set_rand_seed                                    lib/rand.o
                                                  init/main.o
_start                                            init/_boot.o
_timer_set_ticks                                  drivers/_timer.o
                                                  drivers/timer.o
_tlb_get_exception_state                          vm/_tlb.o
                                                  kernel/exception.o
_tlb_get_maxindex                                 vm/_tlb.o
                                                  vm/tlb.o
                                                  proc/process.o
_tlb_probe                                        vm/_tlb.o
_tlb_read                                         vm/_tlb.o
_tlb_set_asid                                     vm/_tlb.o
                                                  vm/tlb.o
_tlb_write                                        vm/_tlb.o
                                                  vm/tlb.o
_tlb_write_random                                 vm/_tlb.o
atoi                                              lib/libc.o
                                                  init/main.o
bitmap_findnset                                   lib/bitmap.o
                                                  fs/tfs.o
                                                  vm/pagepool.o
bitmap_get                                        lib/bitmap.o
                                                  fs/tfs.o
                                                  vm/pagepool.o
bitmap_init                                       lib/bitmap.o
                                                  vm/pagepool.o
bitmap_set                                        lib/bitmap.o
                                                  fs/tfs.o
                                                  vm/pagepool.o
bitmap_sizeof                                     lib/bitmap.o
                                                  vm/pagepool.o
bootargs_get                                      drivers/bootargs.o
                                                  lib/debug.o
                                                  init/main.o
bootargs_init                                     drivers/bootargs.o
                                                  init/main.o
cpustatus_count                                   drivers/metadev.o
                                                  init/main.o
cpustatus_generate_irq                            drivers/metadev.o
cpustatus_init                                    drivers/metadev.o
                                                  drivers/drivers.o
cpustatus_interrupt_handle                        drivers/metadev.o
device_get                                        drivers/device.o
                                                  net/network.o
                                                  fs/vfs.o
                                                  init/main.o
device_init                                       drivers/device.o
                                                  init/main.o
disk_init                                         drivers/disk.o
                                                  drivers/drivers.o
disksched_schedule                                drivers/disksched.o
                                                  drivers/disk.o
drivers_available                                 drivers/drivers.o
                                                  drivers/device.o
elf_parse_header                                  proc/elf.o
                                                  proc/process.o
filesystems_try_all                               fs/filesystems.o
                                                  fs/vfs.o
halt_kernel                                       kernel/halt.o
                                                  proc/syscall.o
                                                  kernel/hello.o
                                                  init/main.o
hello_world                                       kernel/hello.o
                                                  proc/syscall.o
init                                              init/main.o
                                                  init/_boot.o
init_startup_fallback                             init/main.o
init_startup_thread                               init/main.o
interrupt_handle                                  kernel/interrupt.o
                                                  kernel/cswitch.o
interrupt_init                                    kernel/interrupt.o
                                                  init/main.o
interrupt_register                                kernel/interrupt.o
                                                  drivers/metadev.o
                                                  drivers/disk.o
                                                  drivers/tty.o
interrupt_stacks                                  kernel/interrupt.o
                                                  kernel/cswitch.o
kernel_bootstrap_finished                         init/main.o
                                                  init/_boot.o
kernel_exception_handle                           kernel/exception.o
                                                  kernel/cswitch.o
kmalloc                                           kernel/kmalloc.o
                                                  vm/pagepool.o
                                                  drivers/metadev.o
                                                  drivers/disk.o
                                                  drivers/tty.o
                                                  drivers/bootargs.o
                                                  kernel/interrupt.o
kmalloc_disable                                   kernel/kmalloc.o
                                                  vm/vm.o
kmalloc_get_numpages                              kernel/kmalloc.o
                                                  vm/pagepool.o
kmalloc_get_reserved_pages                        kernel/kmalloc.o
                                                  vm/pagepool.o
kmalloc_init                                      kernel/kmalloc.o
                                                  init/main.o
kprintf                                           lib/xprintf.o
                                                  net/network.o
                                                  fs/filesystems.o
                                                  fs/tfs.o
                                                  fs/vfs.o
                                                  vm/pagepool.o
                                                  vm/vm.o
                                                  drivers/metadev.o
                                                  drivers/disk.o
                                                  drivers/device.o
                                                  kernel/hello.o
                                                  kernel/halt.o
                                                  kernel/exception.o
                                                  kernel/interrupt.o
                                                  kernel/kmalloc.o
                                                  kernel/panic.o
                                                  init/main.o
kprintf_slock                                     lib/xprintf.o
                                                  drivers/tty.o
kread                                             lib/libc.o
kvprintf                                          lib/xprintf.o
                                                  lib/debug.o
kwrite                                            lib/libc.o
                                                  init/main.o
memcopy                                           lib/libc.o
                                                  net/pop.o
                                                  net/network.o
                                                  fs/tfs.o
meminfo_get_pages                                 drivers/metadev.o
meminfo_init                                      drivers/metadev.o
                                                  drivers/drivers.o
memoryset                                         lib/libc.o
                                                  fs/tfs.o
                                                  proc/process.o
                                                  proc/elf.o
network_free_frame                                net/network.o
                                                  net/pop.o
network_get_broadcast_address                     net/network.o
network_get_loopback_address                      net/network.o
network_get_mtu                                   net/network.o
                                                  net/pop.o
network_get_source_address                        net/network.o
network_init                                      net/network.o
                                                  init/main.o
network_interfaces                                net/network.o
network_protocols                                 net/protocols.o
network_send                                      net/network.o
                                                  net/pop.o
open_sockets                                      net/socket.o
                                                  net/pop.o
open_sockets_sem                                  net/socket.o
                                                  net/pop.o
pagepool_free_phys_page                           vm/pagepool.o
                                                  net/network.o
                                                  fs/tfs.o
                                                  vm/vm.o
pagepool_get_phys_page                            vm/pagepool.o
                                                  net/pop.o
                                                  net/network.o
                                                  fs/tfs.o
                                                  vm/vm.o
                                                  proc/process.o
pagepool_init                                     vm/pagepool.o
                                                  vm/vm.o
polltty_getchar                                   drivers/polltty.o
                                                  lib/libc.o
polltty_init                                      drivers/polltty.o
                                                  init/main.o
polltty_putchar                                   drivers/polltty.o
                                                  lib/xprintf.o
                                                  lib/libc.o
pop_init                                          net/pop.o
                                                  net/protocols.o
pop_push_frame                                    net/pop.o
                                                  net/protocols.o
process_start                                     proc/process.o
                                                  init/main.o
protocols_get_frame_handler                       net/protocols.o
                                                  net/network.o
protocols_init                                    net/protocols.o
                                                  net/network.o
rtc_get_clockspeed                                drivers/metadev.o
rtc_get_msec                                      drivers/metadev.o
                                                  net/pop.o
rtc_init                                          drivers/metadev.o
                                                  drivers/drivers.o
scheduler_add_ready                               kernel/scheduler.o
                                                  kernel/thread.o
scheduler_add_to_ready_list                       kernel/scheduler.o
                                                  kernel/sleepq.o
scheduler_current_thread                          kernel/scheduler.o
                                                  kernel/thread.o
                                                  kernel/interrupt.o
                                                  kernel/cswitch.o
scheduler_init                                    kernel/scheduler.o
                                                  init/main.o
scheduler_schedule                                kernel/scheduler.o
                                                  kernel/interrupt.o
semaphore_P                                       kernel/semaphore.o
                                                  net/pop.o
                                                  net/socket.o
                                                  fs/tfs.o
                                                  fs/vfs.o
                                                  drivers/disk.o
semaphore_V                                       kernel/semaphore.o
                                                  net/pop.o
                                                  net/socket.o
                                                  fs/tfs.o
                                                  fs/vfs.o
                                                  drivers/disk.o
semaphore_create                                  kernel/semaphore.o
                                                  net/pop.o
                                                  net/socket.o
                                                  fs/tfs.o
                                                  fs/vfs.o
                                                  drivers/disk.o
semaphore_destroy                                 kernel/semaphore.o
                                                  net/socket.o
                                                  fs/tfs.o
                                                  drivers/disk.o
semaphore_init                                    kernel/semaphore.o
                                                  init/main.o
shutdown                                          drivers/metadev.o
                                                  kernel/halt.o
                                                  kernel/panic.o
shutdown_init                                     drivers/metadev.o
                                                  drivers/drivers.o
sleepq_add                                        kernel/sleepq.o
                                                  drivers/tty.o
                                                  kernel/semaphore.o
sleepq_init                                       kernel/sleepq.o
                                                  init/main.o
sleepq_wake                                       kernel/sleepq.o
                                                  kernel/semaphore.o
sleepq_wake_all                                   kernel/sleepq.o
                                                  drivers/tty.o
snprintf                                          lib/xprintf.o
                                                  init/main.o
socket_close                                      net/socket.o
socket_init                                       net/socket.o
                                                  net/network.o
socket_open                                       net/socket.o
socket_recvfrom                                   net/pop.o
socket_sendto                                     net/pop.o
spinlock_acquire                                  kernel/_spinlock.o
                                                  vm/pagepool.o
                                                  drivers/metadev.o
                                                  drivers/disk.o
                                                  drivers/tty.o
                                                  lib/xprintf.o
                                                  kernel/semaphore.o
                                                  kernel/sleepq.o
                                                  kernel/scheduler.o
                                                  kernel/thread.o
spinlock_release                                  kernel/_spinlock.o
                                                  vm/pagepool.o
                                                  drivers/metadev.o
                                                  drivers/disk.o
                                                  drivers/tty.o
                                                  lib/xprintf.o
                                                  kernel/semaphore.o
                                                  kernel/sleepq.o
                                                  kernel/scheduler.o
                                                  kernel/thread.o
spinlock_reset                                    kernel/_spinlock.o
                                                  vm/pagepool.o
                                                  drivers/metadev.o
                                                  drivers/disk.o
                                                  drivers/tty.o
                                                  kernel/semaphore.o
                                                  kernel/sleepq.o
                                                  kernel/thread.o
stringcmp                                         lib/libc.o
                                                  fs/tfs.o
                                                  fs/vfs.o
stringcopy                                        lib/libc.o
                                                  fs/tfs.o
                                                  fs/vfs.o
strlen                                            lib/libc.o
                                                  drivers/bootargs.o
syscall_handle                                    proc/syscall.o
                                                  proc/exception.o
tfs_close                                         fs/tfs.o
tfs_create                                        fs/tfs.o
tfs_getfree                                       fs/tfs.o
tfs_init                                          fs/tfs.o
                                                  fs/filesystems.o
tfs_open                                          fs/tfs.o
tfs_read                                          fs/tfs.o
tfs_remove                                        fs/tfs.o
tfs_unmount                                       fs/tfs.o
tfs_write                                         fs/tfs.o
thread_create                                     kernel/thread.o
                                                  net/pop.o
                                                  net/network.o
                                                  init/main.o
thread_finish                                     kernel/thread.o
thread_get_current_thread                         kernel/thread.o
                                                  proc/process.o
                                                  kernel/semaphore.o
                                                  kernel/sleepq.o
thread_get_current_thread_entry                   kernel/thread.o
                                                  proc/process.o
                                                  proc/exception.o
                                                  kernel/interrupt.o
thread_goto_userland                              kernel/thread.o
                                                  proc/process.o
thread_run                                        kernel/thread.o
                                                  net/pop.o
                                                  net/network.o
                                                  init/main.o
thread_stack_areas                                kernel/thread.o
thread_switch                                     kernel/thread.o
                                                  drivers/tty.o
                                                  kernel/semaphore.o
                                                  init/main.o
thread_table                                      kernel/thread.o
                                                  kernel/sleepq.o
                                                  kernel/scheduler.o
                                                  kernel/cswitch.o
thread_table_init                                 kernel/thread.o
                                                  init/main.o
thread_table_slock                                kernel/thread.o
                                                  kernel/sleepq.o
                                                  kernel/scheduler.o
timer_set_ticks                                   drivers/timer.o
                                                  kernel/scheduler.o
tlb_fill                                          vm/tlb.o
                                                  proc/process.o
                                                  kernel/interrupt.o
tlb_load_exception                                vm/tlb.o
tlb_modified_exception                            vm/tlb.o
tlb_store_exception                               vm/tlb.o
tty_init                                          drivers/tty.o
                                                  drivers/drivers.o
tty_interrupt_handle                              drivers/tty.o
user_exception_handle                             proc/exception.o
                                                  kernel/cswitch.o
vfs_close                                         fs/vfs.o
vfs_create                                        fs/vfs.o
vfs_deinit                                        fs/vfs.o
                                                  kernel/halt.o
vfs_getfree                                       fs/vfs.o
vfs_init                                          fs/vfs.o
                                                  init/main.o
vfs_mount                                         fs/vfs.o
vfs_mount_all                                     fs/vfs.o
                                                  init/main.o
vfs_mount_fs                                      fs/vfs.o
vfs_open                                          fs/vfs.o
                                                  proc/process.o
vfs_read                                          fs/vfs.o
                                                  proc/process.o
                                                  proc/elf.o
vfs_remove                                        fs/vfs.o
vfs_seek                                          fs/vfs.o
                                                  proc/process.o
                                                  proc/elf.o
vfs_unmount                                       fs/vfs.o
vfs_write                                         fs/vfs.o
vm_create_pagetable                               vm/vm.o
                                                  proc/process.o
vm_destroy_pagetable                              vm/vm.o
vm_init                                           vm/vm.o
                                                  init/main.o
vm_map                                            vm/vm.o
                                                  proc/process.o
vm_set_dirty                                      vm/vm.o
                                                  proc/process.o
vm_unmap                                          vm/vm.o
vsnprintf                                         lib/xprintf.o
