
Allocating common symbols
Common symbol       size              file

interrupt_stacks    0x10              kernel/interrupt.o
thread_table        0x800             kernel/thread.o
open_sockets        0x700             net/socket.o
process_table_slock
                    0x4               proc/process.o
open_sockets_sem    0x4               net/socket.o
scheduler_current_thread
                    0x10              kernel/scheduler.o
process_table       0x4e0             proc/process.o
thread_stack_areas  0x20000           kernel/thread.o
thread_table_slock  0x4               kernel/thread.o
network_interfaces  0x30              net/network.o

Discarded input sections

 .reginfo       0x0000000000000000       0x18 kernel/cswitch.o
 .reginfo       0x0000000000000000       0x18 kernel/_interrupt.o
 .reginfo       0x0000000000000000       0x18 kernel/_spinlock.o
 .reginfo       0x0000000000000000       0x18 kernel/idle.o
 .reginfo       0x0000000000000000       0x18 lib/rand.o
 .reginfo       0x0000000000000000       0x18 drivers/_timer.o
 .reginfo       0x0000000000000000       0x18 vm/_tlb.o
 .reginfo       0x0000000000000000       0x18 init/main.o
 .reginfo       0x0000000000000000       0x18 kernel/panic.o
 .reginfo       0x0000000000000000       0x18 kernel/kmalloc.o
 .reginfo       0x0000000000000000       0x18 kernel/interrupt.o
 .reginfo       0x0000000000000000       0x18 kernel/thread.o
 .reginfo       0x0000000000000000       0x18 kernel/scheduler.o
 .reginfo       0x0000000000000000       0x18 kernel/sleepq.o
 .reginfo       0x0000000000000000       0x18 kernel/semaphore.o
 .reginfo       0x0000000000000000       0x18 kernel/exception.o
 .reginfo       0x0000000000000000       0x18 kernel/halt.o
 .reginfo       0x0000000000000000       0x18 lib/libc.o
 .reginfo       0x0000000000000000       0x18 lib/xprintf.o
 .reginfo       0x0000000000000000       0x18 lib/bitmap.o
 .reginfo       0x0000000000000000       0x18 lib/debug.o
 .reginfo       0x0000000000000000       0x18 drivers/polltty.o
 .reginfo       0x0000000000000000       0x18 drivers/timer.o
 .reginfo       0x0000000000000000       0x18 drivers/bootargs.o
 .reginfo       0x0000000000000000       0x18 drivers/device.o
 .reginfo       0x0000000000000000       0x18 drivers/drivers.o
 .reginfo       0x0000000000000000       0x18 drivers/tty.o
 .reginfo       0x0000000000000000       0x18 drivers/disk.o
 .reginfo       0x0000000000000000       0x18 drivers/disksched.o
 .reginfo       0x0000000000000000       0x18 drivers/metadev.o
 .reginfo       0x0000000000000000       0x18 proc/exception.o
 .reginfo       0x0000000000000000       0x18 proc/elf.o
 .reginfo       0x0000000000000000       0x18 proc/process.o
 .reginfo       0x0000000000000000       0x18 proc/syscall.o
 .reginfo       0x0000000000000000       0x18 proc/semaphore.o
 .reginfo       0x0000000000000000       0x18 vm/vm.o
 .reginfo       0x0000000000000000       0x18 vm/pagepool.o
 .reginfo       0x0000000000000000       0x18 vm/tlb.o
 .reginfo       0x0000000000000000       0x18 fs/vfs.o
 .reginfo       0x0000000000000000       0x18 fs/tfs.o
 .reginfo       0x0000000000000000       0x18 fs/filesystems.o
 .reginfo       0x0000000000000000       0x18 net/network.o
 .reginfo       0x0000000000000000       0x18 net/protocols.o
 .reginfo       0x0000000000000000       0x18 net/socket.o
 .reginfo       0x0000000000000000       0x18 net/pop.o

Memory Configuration

Name             Origin             Length             Attributes
*default*        0x0000000000000000 0xffffffffffffffff

Linker script and memory map

                0x0000000080010000                . = 0x80010000

.text           0x0000000080010000     0x9f78
 *(.text)
 .text          0x0000000080010000       0x60 init/_boot.o
                0x0000000080010000                _start
 .text          0x0000000080010060      0x350 kernel/cswitch.o
                0x0000000080010060                _cswitch_vector_code
                0x0000000080010080                _cswitch_switch
                0x0000000080010388                _cswitch_to_userland
 .text          0x00000000800103b0      0x120 kernel/_interrupt.o
                0x00000000800103b0                _interrupt_disable
                0x00000000800103cc                _interrupt_enable
                0x00000000800103e4                _interrupt_set_state
                0x0000000080010408                _interrupt_get_state
                0x0000000080010414                _interrupt_generate_sw0
                0x000000008001042c                _interrupt_clear_sw
                0x0000000080010444                _interrupt_clear_sw0
                0x000000008001045c                _interrupt_clear_sw1
                0x0000000080010474                _interrupt_clear_bootstrap
                0x0000000080010490                _interrupt_getcpu
                0x00000000800104a0                _interrupt_clear_EXL
                0x00000000800104b8                _interrupt_set_EXL
 .text          0x00000000800104d0       0x30 kernel/_spinlock.o
                0x00000000800104d0                spinlock_reset
                0x00000000800104d0                spinlock_release
                0x00000000800104dc                spinlock_acquire
 .text          0x0000000080010500        0xc kernel/idle.o
                0x0000000080010500                _idle_thread_wait_loop
 .text          0x000000008001050c       0x4c lib/rand.o
                0x000000008001050c                _set_rand_seed
                0x000000008001051c                _get_rand
 .text          0x0000000080010558       0x14 drivers/_timer.o
                0x0000000080010558                _timer_set_ticks
 .text          0x000000008001056c      0x15c vm/_tlb.o
                0x000000008001056c                _tlb_get_exception_state
                0x0000000080010590                _tlb_set_asid
                0x00000000800105b0                _tlb_get_maxindex
                0x00000000800105c4                _tlb_probe
                0x00000000800105dc                _tlb_read
                0x0000000080010640                _tlb_write
                0x00000000800106a4                _tlb_write_random
 .text          0x00000000800106c8      0x4e0 init/main.o
                0x00000000800106c8                init_startup_fallback
                0x0000000080010880                init_startup_thread
                0x000000008001095c                init
 .text          0x0000000080010ba8       0x68 kernel/panic.o
                0x0000000080010ba8                _kernel_panic
 .text          0x0000000080010c10      0x258 kernel/kmalloc.o
                0x0000000080010c10                kmalloc_get_numpages
                0x0000000080010c94                kmalloc_get_reserved_pages
                0x0000000080010cbc                kmalloc_disable
                0x0000000080010ccc                kmalloc_init
                0x0000000080010d44                kmalloc
 .text          0x0000000080010e68      0x37c kernel/interrupt.o
                0x0000000080010e68                interrupt_init
                0x0000000080010f8c                interrupt_register
                0x000000008001109c                interrupt_handle
 .text          0x00000000800111e4      0x404 kernel/thread.o
                0x00000000800111e4                thread_table_init
                0x0000000080011284                thread_create
                0x000000008001141c                thread_run
                0x0000000080011424                thread_switch
                0x0000000080011450                thread_get_current_thread
                0x00000000800114a0                thread_finish
                0x0000000080011554                thread_get_current_thread_entry
                0x00000000800115b0                thread_goto_userland
 .text          0x00000000800115e8      0x330 kernel/scheduler.o
                0x00000000800115e8                scheduler_init
                0x0000000080011604                scheduler_add_to_ready_list
                0x00000000800116f0                scheduler_add_ready
                0x0000000080011760                scheduler_schedule
 .text          0x0000000080011918      0x48c kernel/sleepq.o
                0x0000000080011918                sleepq_init
                0x0000000080011944                sleepq_add
                0x0000000080011a9c                sleepq_wake
                0x0000000080011c0c                sleepq_wake_all
 .text          0x0000000080011da4      0x2a4 kernel/semaphore.o
                0x0000000080011da4                semaphore_init
                0x0000000080011dec                semaphore_create
                0x0000000080011f34                semaphore_destroy
                0x0000000080011f40                semaphore_P
                0x0000000080011fc8                semaphore_V
 .text          0x0000000080012048      0x290 kernel/exception.o
                0x0000000080012080                kernel_exception_handle
 .text          0x00000000800122d8       0x3c kernel/halt.o
                0x00000000800122d8                halt_kernel
 .text          0x0000000080012314      0x3d8 lib/libc.o
                0x0000000080012314                kwrite
                0x000000008001235c                kread
                0x00000000800123d0                stringcmp
                0x0000000080012438                stringcopy
                0x00000000800124d4                memcopy
                0x00000000800125a0                memoryset
                0x00000000800125c8                atoi
                0x00000000800126b0                strlen
 .text          0x00000000800126ec      0x8c0 lib/xprintf.o
                0x0000000080012e40                kvprintf
                0x0000000080012ec8                kprintf
                0x0000000080012f58                vsnprintf
                0x0000000080012f7c                snprintf
 .text          0x0000000080012fac      0x3b8 lib/bitmap.o
                0x0000000080012fac                bitmap_sizeof
                0x0000000080012fd4                bitmap_init
                0x000000008001305c                bitmap_get
                0x000000008001312c                bitmap_set
                0x000000008001324c                bitmap_findnset
 .text          0x0000000080013364       0x44 lib/debug.o
                0x0000000080013364                DEBUG
 .text          0x00000000800133a8       0xec drivers/polltty.o
                0x00000000800133a8                polltty_init
                0x000000008001340c                polltty_getchar
                0x000000008001344c                polltty_putchar
 .text          0x0000000080013494       0x34 drivers/timer.o
                0x0000000080013494                timer_set_ticks
 .text          0x00000000800134c8      0x274 drivers/bootargs.o
                0x00000000800134c8                bootargs_init
                0x00000000800136a4                bootargs_get
 .text          0x000000008001373c      0x1dc drivers/device.o
                0x000000008001373c                device_init
                0x00000000800138b8                device_get
 .text          0x0000000080013918        0x0 drivers/drivers.o
 .text          0x0000000080013918      0x7c0 drivers/tty.o
                0x0000000080013918                tty_interrupt_handle
                0x0000000080013f1c                tty_init
 .text          0x00000000800140d8      0x574 drivers/disk.o
                0x0000000080014520                disk_init
 .text          0x000000008001464c       0x3c drivers/disksched.o
                0x000000008001464c                disksched_schedule
 .text          0x0000000080014688      0x484 drivers/metadev.o
                0x0000000080014714                cpustatus_interrupt_handle
                0x00000000800147a0                rtc_init
                0x0000000080014810                rtc_get_msec
                0x0000000080014828                rtc_get_clockspeed
                0x0000000080014840                meminfo_init
                0x00000000800148b0                meminfo_get_pages
                0x00000000800148c8                cpustatus_init
                0x0000000080014968                cpustatus_count
                0x00000000800149b0                cpustatus_generate_irq
                0x0000000080014a30                shutdown_init
                0x0000000080014aa0                shutdown
 .text          0x0000000080014b0c      0x234 proc/exception.o
                0x0000000080014b0c                user_exception_handle
 .text          0x0000000080014d40      0x22c proc/elf.o
                0x0000000080014d40                elf_parse_header
 .text          0x0000000080014f6c      0xcd4 proc/process.o
                0x0000000080014f6c                process_start
                0x0000000080015530                process_reset
                0x0000000080015560                process_init
                0x00000000800155ac                alloc_process_id
                0x0000000080015698                process_get_current_process
                0x00000000800156b8                process_spawn
                0x00000000800157d0                process_get_current_process_entry
                0x000000008001580c                process_join
                0x0000000080015a08                finish_given_process
                0x0000000080015ba8                process_finish
 .text          0x0000000080015c40      0x254 proc/syscall.o
                0x0000000080015c40                syscall_write
                0x0000000080015cb8                syscall_read
                0x0000000080015d28                syscall_handle
 .text          0x0000000080015e94      0x2ec proc/semaphore.o
                0x0000000080015e94                usr_sem_init
                0x0000000080015ec0                syscall_sem_open
                0x0000000080015ff4                syscall_sem_p
                0x0000000080016054                syscall_sem_v
                0x00000000800160e4                syscall_sem_destroy
 .text          0x0000000080016180      0x550 vm/vm.o
                0x0000000080016180                vm_init
                0x000000008001619c                vm_create_pagetable
                0x00000000800161e8                vm_destroy_pagetable
                0x00000000800161f8                vm_map
                0x0000000080016528                vm_unmap
                0x0000000080016530                vm_set_dirty
 .text          0x00000000800166d0      0x278 vm/pagepool.o
                0x00000000800166d0                pagepool_init
                0x00000000800167a4                pagepool_get_phys_page
                0x0000000080016870                pagepool_free_phys_page
 .text          0x0000000080016948       0xd4 vm/tlb.o
                0x0000000080016948                tlb_modified_exception
                0x0000000080016960                tlb_load_exception
                0x0000000080016978                tlb_store_exception
                0x0000000080016990                tlb_fill
 .text          0x0000000080016a1c     0x117c fs/vfs.o
                0x0000000080016d64                vfs_init
                0x0000000080016e60                vfs_deinit
                0x0000000080016ff0                vfs_mount
                0x000000008001718c                vfs_mount_fs
                0x000000008001728c                vfs_mount_all
                0x0000000080017314                vfs_unmount
                0x0000000080017484                vfs_open
                0x0000000080017654                vfs_close
                0x00000000800176dc                vfs_seek
                0x0000000080017770                vfs_read
                0x0000000080017858                vfs_write
                0x0000000080017940                vfs_create
                0x0000000080017a34                vfs_remove
                0x0000000080017af4                vfs_getfree
 .text          0x0000000080017b98     0x1008 fs/tfs.o
                0x0000000080017b98                tfs_close
                0x0000000080017ba0                tfs_getfree
                0x0000000080017c78                tfs_write
                0x0000000080017fb8                tfs_read
                0x0000000080018250                tfs_open
                0x0000000080018358                tfs_remove
                0x00000000800185d4                tfs_create
                0x0000000080018930                tfs_unmount
                0x0000000080018988                tfs_init
 .text          0x0000000080018ba0       0xb0 fs/filesystems.o
                0x0000000080018ba0                filesystems_try_all
 .text          0x0000000080018c50      0x5c4 net/network.o
                0x0000000080018d70                network_init
                0x0000000080018ee4                network_get_source_address
                0x0000000080018f1c                network_get_broadcast_address
                0x0000000080018f24                network_get_loopback_address
                0x0000000080018f2c                network_get_mtu
                0x0000000080019000                network_send
                0x0000000080019204                network_free_frame
 .text          0x0000000080019214       0xb4 net/protocols.o
                0x0000000080019214                protocols_get_frame_handler
                0x000000008001926c                protocols_init
 .text          0x00000000800192c8      0x31c net/socket.o
                0x00000000800192c8                socket_init
                0x0000000080019388                socket_open
                0x0000000080019534                socket_close
 .text          0x00000000800195e4      0x994 net/pop.o
                0x00000000800198ec                socket_sendto
                0x0000000080019af0                socket_recvfrom
                0x0000000080019c58                pop_init
                0x0000000080019dac                pop_push_frame

.rodata         0x0000000080019f78     0x169c
 *(.rodata .rodata.*)
 .rodata.str1.4
                0x0000000080019f78      0x4f5 init/main.o
                                        0x4fc (size before relaxing)
 *fill*         0x000000008001a46d        0x3 
 .rodata.str1.4
                0x000000008001a470       0x26 kernel/panic.o
                                         0x28 (size before relaxing)
 *fill*         0x000000008001a496        0x2 
 .rodata.str1.4
                0x000000008001a498      0x11f kernel/kmalloc.o
                                        0x120 (size before relaxing)
 *fill*         0x000000008001a5b7        0x1 
 .rodata.str1.4
                0x000000008001a5b8       0xea kernel/interrupt.o
                                         0xec (size before relaxing)
 *fill*         0x000000008001a6a2        0x2 
 .rodata.str1.4
                0x000000008001a6a4       0x6b kernel/thread.o
                                         0x80 (size before relaxing)
 *fill*         0x000000008001a70f        0x1 
 .rodata.str1.4
                0x000000008001a710       0x13 kernel/scheduler.o
                                         0x28 (size before relaxing)
 *fill*         0x000000008001a723        0x1 
 .rodata.str1.4
                0x000000008001a724       0x10 kernel/sleepq.o
                                         0x24 (size before relaxing)
 .rodata.str1.4
                0x000000008001a734       0x13 kernel/semaphore.o
                                         0x28 (size before relaxing)
 *fill*         0x000000008001a747        0x1 
 .rodata.str1.4
                0x000000008001a748      0x26a kernel/exception.o
                                        0x26c (size before relaxing)
 *fill*         0x000000008001a9b2        0x2 
 .rodata        0x000000008001a9b4       0x38 kernel/exception.o
 .rodata.str1.4
                0x000000008001a9ec       0x54 kernel/halt.o
 .rodata        0x000000008001aa40      0x10c lib/xprintf.o
 .rodata.str1.4
                0x000000008001ab4c       0x2c lib/bitmap.o
                                         0x40 (size before relaxing)
 .rodata.str1.4
                0x0000000000000000       0x2c drivers/bootargs.o
                                          0x4 (size before relaxing)
 .rodata.str1.4
                0x000000008001ab78       0xaa drivers/device.o
                                         0xac (size before relaxing)
 *fill*         0x000000008001ac22        0x2 
 .rodata.str1.4
                0x000000008001ac24       0x51 drivers/drivers.o
                                         0x54 (size before relaxing)
 *fill*         0x000000008001ac75        0x3 
 .rodata.str1.4
                0x000000008001ac78       0x8e drivers/tty.o
                                         0x90 (size before relaxing)
 *fill*         0x000000008001ad06        0x2 
 .rodata.str1.4
                0x000000008001ad08       0x93 drivers/disk.o
                                         0xa8 (size before relaxing)
 *fill*         0x000000008001ad9b        0x1 
 .rodata.str1.4
                0x000000008001ad9c      0x12c drivers/metadev.o
                                        0x140 (size before relaxing)
 .rodata.str1.4
                0x000000008001aec8       0x11 proc/exception.o
                                        0x1d8 (size before relaxing)
 *fill*         0x000000008001aed9        0x3 
 .rodata        0x000000008001aedc       0x38 proc/exception.o
 .rodata.str1.4
                0x000000008001af14       0x2d proc/process.o
                                         0x44 (size before relaxing)
 *fill*         0x000000008001af41        0x3 
 .rodata.str1.4
                0x000000008001af44       0x67 proc/syscall.o
                                         0x68 (size before relaxing)
 *fill*         0x000000008001afab        0x1 
 .rodata.str1.4
                0x000000008001afac       0x14 proc/semaphore.o
 .rodata.str1.4
                0x000000008001afc0      0x100 vm/vm.o
                                        0x114 (size before relaxing)
 .rodata.str1.4
                0x000000008001b0c0       0x6a vm/pagepool.o
                                         0x80 (size before relaxing)
 *fill*         0x000000008001b12a        0x2 
 .rodata.str1.4
                0x000000008001b12c       0x6e vm/tlb.o
                                         0x84 (size before relaxing)
 *fill*         0x000000008001b19a        0x2 
 .rodata.str1.4
                0x000000008001b19c      0x2d1 fs/vfs.o
                                        0x2e8 (size before relaxing)
 *fill*         0x000000008001b46d        0x3 
 .rodata.str1.4
                0x000000008001b470       0x92 fs/tfs.o
                                         0x94 (size before relaxing)
 *fill*         0x000000008001b502        0x2 
 .rodata.str1.4
                0x000000008001b504       0x2c fs/filesystems.o
 .rodata.str1.4
                0x000000008001b530       0x4e net/network.o
                                         0x64 (size before relaxing)
 *fill*         0x000000008001b57e        0x2 
 .rodata.str1.4
                0x000000008001b580       0x3a net/socket.o
                                         0x50 (size before relaxing)
 *fill*         0x000000008001b5ba        0x2 
 .rodata.str1.4
                0x000000008001b5bc       0x58 net/pop.o
                                         0x6c (size before relaxing)

.rel.dyn        0x000000008001b614        0x0
 .rel.dyn       0x0000000000000000        0x0 drivers/drivers.o

.data           0x000000008001b614       0x90
 *(.data)
 .data          0x000000008001b614        0x0 init/_boot.o
 .data          0x000000008001b614        0x0 kernel/cswitch.o
 .data          0x000000008001b614        0x0 kernel/_interrupt.o
 .data          0x000000008001b614        0x0 kernel/_spinlock.o
 .data          0x000000008001b614        0x0 kernel/idle.o
 .data          0x000000008001b614        0xc lib/rand.o
 .data          0x000000008001b620        0x0 drivers/_timer.o
 .data          0x000000008001b620        0x0 vm/_tlb.o
 .data          0x000000008001b620        0x0 init/main.o
 .data          0x000000008001b620        0x0 kernel/panic.o
 .data          0x000000008001b620        0x0 kernel/kmalloc.o
 .data          0x000000008001b620        0x0 kernel/interrupt.o
 .data          0x000000008001b620        0x0 kernel/thread.o
 .data          0x000000008001b620        0x8 kernel/scheduler.o
 .data          0x000000008001b628        0x0 kernel/sleepq.o
 .data          0x000000008001b628        0x0 kernel/semaphore.o
 .data          0x000000008001b628        0x0 kernel/exception.o
 .data          0x000000008001b628        0x0 kernel/halt.o
 .data          0x000000008001b628        0x0 lib/libc.o
 .data          0x000000008001b628        0x0 lib/xprintf.o
 .data          0x000000008001b628        0x0 lib/bitmap.o
 .data          0x000000008001b628        0x0 lib/debug.o
 .data          0x000000008001b628        0x0 drivers/polltty.o
 .data          0x000000008001b628        0x0 drivers/timer.o
 .data          0x000000008001b628        0x0 drivers/bootargs.o
 .data          0x000000008001b628        0x0 drivers/device.o
 .data          0x000000008001b628       0x54 drivers/drivers.o
                0x000000008001b628                drivers_available
 .data          0x000000008001b67c        0x0 drivers/tty.o
 .data          0x000000008001b67c        0x0 drivers/disk.o
 .data          0x000000008001b67c        0x0 drivers/disksched.o
 .data          0x000000008001b67c        0x0 drivers/metadev.o
 .data          0x000000008001b67c        0x0 proc/exception.o
 .data          0x000000008001b67c        0x0 proc/elf.o
 .data          0x000000008001b67c        0x0 proc/process.o
 .data          0x000000008001b67c        0x0 proc/syscall.o
 .data          0x000000008001b67c        0x0 proc/semaphore.o
 .data          0x000000008001b67c        0x0 vm/vm.o
 .data          0x000000008001b67c        0x0 vm/pagepool.o
 .data          0x000000008001b67c        0x0 vm/tlb.o
 .data          0x000000008001b67c        0x0 fs/vfs.o
 .data          0x000000008001b67c        0x0 fs/tfs.o
 .data          0x000000008001b67c       0x10 fs/filesystems.o
 .data          0x000000008001b68c        0x0 net/network.o
 .data          0x000000008001b68c       0x18 net/protocols.o
                0x000000008001b68c                network_protocols
 .data          0x000000008001b6a4        0x0 net/socket.o
 .data          0x000000008001b6a4        0x0 net/pop.o

.bss            0x000000008001b6a4    0x25f14
 *(.bss COMMON)
 .bss           0x000000008001b6a4        0x0 init/_boot.o
 .bss           0x000000008001b6a4        0x0 kernel/cswitch.o
 .bss           0x000000008001b6a4        0x0 kernel/_interrupt.o
 .bss           0x000000008001b6a4        0x0 kernel/_spinlock.o
 .bss           0x000000008001b6a4        0x0 kernel/idle.o
 .bss           0x000000008001b6a4        0x0 lib/rand.o
 .bss           0x000000008001b6a4        0x0 drivers/_timer.o
 .bss           0x000000008001b6a4        0x0 vm/_tlb.o
 .bss           0x000000008001b6a4        0x4 init/main.o
                0x000000008001b6a4                kernel_bootstrap_finished
 .bss           0x000000008001b6a8        0x0 kernel/panic.o
 .bss           0x000000008001b6a8        0x8 kernel/kmalloc.o
 .bss           0x000000008001b6b0      0x600 kernel/interrupt.o
 COMMON         0x000000008001bcb0       0x10 kernel/interrupt.o
                0x000000008001bcb0                interrupt_stacks
 .bss           0x000000008001bcc0        0x4 kernel/thread.o
 COMMON         0x000000008001bcc4    0x20804 kernel/thread.o
                0x000000008001bcc4                thread_table
                0x000000008001c4c4                thread_stack_areas
                0x000000008003c4c4                thread_table_slock
 .bss           0x000000008003c4c8        0x0 kernel/scheduler.o
 COMMON         0x000000008003c4c8       0x10 kernel/scheduler.o
                0x000000008003c4c8                scheduler_current_thread
 .bss           0x000000008003c4d8      0x200 kernel/sleepq.o
 .bss           0x000000008003c6d8      0x608 kernel/semaphore.o
 .bss           0x000000008003cce0        0x0 kernel/exception.o
 .bss           0x000000008003cce0        0x0 kernel/halt.o
 .bss           0x000000008003cce0        0x0 lib/libc.o
 .bss           0x000000008003cce0        0x4 lib/xprintf.o
                0x000000008003cce0                kprintf_slock
 .bss           0x000000008003cce4        0x0 lib/bitmap.o
 .bss           0x000000008003cce4        0x0 lib/debug.o
 .bss           0x000000008003cce4        0x4 drivers/polltty.o
 .bss           0x000000008003cce8        0x0 drivers/timer.o
 .bss           0x000000008003cce8      0x100 drivers/bootargs.o
 .bss           0x000000008003cde8      0x204 drivers/device.o
 .bss           0x000000008003cfec        0x0 drivers/drivers.o
 .bss           0x000000008003cfec        0x4 drivers/tty.o
 .bss           0x000000008003cff0        0x0 drivers/disk.o
 .bss           0x000000008003cff0        0x0 drivers/disksched.o
 .bss           0x000000008003cff0       0x48 drivers/metadev.o
 .bss           0x000000008003d038        0x0 proc/exception.o
 .bss           0x000000008003d038        0x0 proc/elf.o
 .bss           0x000000008003d038        0x0 proc/process.o
 COMMON         0x000000008003d038      0x4e4 proc/process.o
                0x000000008003d038                process_table_slock
                0x000000008003d03c                process_table
 .bss           0x000000008003d51c        0x0 proc/syscall.o
 .bss           0x000000008003d51c     0x1e00 proc/semaphore.o
 .bss           0x000000008003f31c        0x0 vm/vm.o
 .bss           0x000000008003f31c       0x14 vm/pagepool.o
 .bss           0x000000008003f330        0x0 vm/tlb.o
 .bss           0x000000008003f330     0x18b8 fs/vfs.o
 .bss           0x0000000080040be8        0x0 fs/tfs.o
 .bss           0x0000000080040be8        0x0 fs/filesystems.o
 .bss           0x0000000080040be8        0x0 net/network.o
 COMMON         0x0000000080040be8       0x30 net/network.o
                0x0000000080040be8                network_interfaces
 .bss           0x0000000080040c18        0x0 net/protocols.o
 .bss           0x0000000080040c18        0x4 net/socket.o
 COMMON         0x0000000080040c1c      0x704 net/socket.o
                0x0000000080040c1c                open_sockets
                0x000000008004131c                open_sockets_sem
 .bss           0x0000000080041320      0x298 net/pop.o
                0x00000000800415b8                KERNEL_ENDS_HERE = .
LOAD init/_boot.o
LOAD kernel/cswitch.o
LOAD kernel/_interrupt.o
LOAD kernel/_spinlock.o
LOAD kernel/idle.o
LOAD lib/rand.o
LOAD drivers/_timer.o
LOAD vm/_tlb.o
LOAD init/main.o
LOAD kernel/panic.o
LOAD kernel/kmalloc.o
LOAD kernel/interrupt.o
LOAD kernel/thread.o
LOAD kernel/scheduler.o
LOAD kernel/sleepq.o
LOAD kernel/semaphore.o
LOAD kernel/exception.o
LOAD kernel/halt.o
LOAD lib/libc.o
LOAD lib/xprintf.o
LOAD lib/bitmap.o
LOAD lib/debug.o
LOAD drivers/polltty.o
LOAD drivers/timer.o
LOAD drivers/bootargs.o
LOAD drivers/device.o
LOAD drivers/drivers.o
LOAD drivers/tty.o
LOAD drivers/disk.o
LOAD drivers/disksched.o
LOAD drivers/metadev.o
LOAD proc/exception.o
LOAD proc/elf.o
LOAD proc/process.o
LOAD proc/syscall.o
LOAD proc/semaphore.o
LOAD vm/vm.o
LOAD vm/pagepool.o
LOAD vm/tlb.o
LOAD fs/vfs.o
LOAD fs/tfs.o
LOAD fs/filesystems.o
LOAD net/network.o
LOAD net/protocols.o
LOAD net/socket.o
LOAD net/pop.o
OUTPUT(buenos elf32-bigmips)

.reginfo        0x0000000000000000       0x18
 .reginfo       0x0000000000000000       0x18 init/_boot.o

.pdr            0x0000000000000000     0x1960
 .pdr           0x0000000000000000       0x40 init/_boot.o
 .pdr           0x0000000000000040       0xa0 kernel/cswitch.o
 .pdr           0x00000000000000e0      0x180 kernel/_interrupt.o
 .pdr           0x0000000000000260       0x40 kernel/_spinlock.o
 .pdr           0x00000000000002a0       0x20 kernel/idle.o
 .pdr           0x00000000000002c0       0x40 lib/rand.o
 .pdr           0x0000000000000300       0x20 drivers/_timer.o
 .pdr           0x0000000000000320       0xe0 vm/_tlb.o
 .pdr           0x0000000000000400       0x60 init/main.o
 .pdr           0x0000000000000460       0x20 kernel/panic.o
 .pdr           0x0000000000000480       0xa0 kernel/kmalloc.o
 .pdr           0x0000000000000520       0x60 kernel/interrupt.o
 .pdr           0x0000000000000580      0x100 kernel/thread.o
 .pdr           0x0000000000000680       0x80 kernel/scheduler.o
 .pdr           0x0000000000000700       0x80 kernel/sleepq.o
 .pdr           0x0000000000000780       0xa0 kernel/semaphore.o
 .pdr           0x0000000000000820       0x40 kernel/exception.o
 .pdr           0x0000000000000860       0x20 kernel/halt.o
 .pdr           0x0000000000000880      0x100 lib/libc.o
 .pdr           0x0000000000000980       0xe0 lib/xprintf.o
 .pdr           0x0000000000000a60       0xa0 lib/bitmap.o
 .pdr           0x0000000000000b00       0x20 lib/debug.o
 .pdr           0x0000000000000b20       0x60 drivers/polltty.o
 .pdr           0x0000000000000b80       0x20 drivers/timer.o
 .pdr           0x0000000000000ba0       0x40 drivers/bootargs.o
 .pdr           0x0000000000000be0       0x40 drivers/device.o
 .pdr           0x0000000000000c20        0x0 drivers/drivers.o
 .pdr           0x0000000000000c20       0x80 drivers/tty.o
 .pdr           0x0000000000000ca0      0x100 drivers/disk.o
 .pdr           0x0000000000000da0       0x20 drivers/disksched.o
 .pdr           0x0000000000000dc0      0x180 drivers/metadev.o
 .pdr           0x0000000000000f40       0x20 proc/exception.o
 .pdr           0x0000000000000f60       0x20 proc/elf.o
 .pdr           0x0000000000000f80      0x140 proc/process.o
 .pdr           0x00000000000010c0       0x60 proc/syscall.o
 .pdr           0x0000000000001120       0xa0 proc/semaphore.o
 .pdr           0x00000000000011c0       0xc0 vm/vm.o
 .pdr           0x0000000000001280       0x60 vm/pagepool.o
 .pdr           0x00000000000012e0       0x80 vm/tlb.o
 .pdr           0x0000000000001360      0x260 fs/vfs.o
 .pdr           0x00000000000015c0      0x120 fs/tfs.o
 .pdr           0x00000000000016e0       0x20 fs/filesystems.o
 .pdr           0x0000000000001700      0x120 net/network.o
 .pdr           0x0000000000001820       0x40 net/protocols.o
 .pdr           0x0000000000001860       0x60 net/socket.o
 .pdr           0x00000000000018c0       0xa0 net/pop.o

.mdebug.abi32   0x0000000000000000        0x0
 .mdebug.abi32  0x0000000000000000        0x0 init/main.o
 .mdebug.abi32  0x0000000000000000        0x0 kernel/panic.o
 .mdebug.abi32  0x0000000000000000        0x0 kernel/kmalloc.o
 .mdebug.abi32  0x0000000000000000        0x0 kernel/interrupt.o
 .mdebug.abi32  0x0000000000000000        0x0 kernel/thread.o
 .mdebug.abi32  0x0000000000000000        0x0 kernel/scheduler.o
 .mdebug.abi32  0x0000000000000000        0x0 kernel/sleepq.o
 .mdebug.abi32  0x0000000000000000        0x0 kernel/semaphore.o
 .mdebug.abi32  0x0000000000000000        0x0 kernel/exception.o
 .mdebug.abi32  0x0000000000000000        0x0 kernel/halt.o
 .mdebug.abi32  0x0000000000000000        0x0 lib/libc.o
 .mdebug.abi32  0x0000000000000000        0x0 lib/xprintf.o
 .mdebug.abi32  0x0000000000000000        0x0 lib/bitmap.o
 .mdebug.abi32  0x0000000000000000        0x0 lib/debug.o
 .mdebug.abi32  0x0000000000000000        0x0 drivers/polltty.o
 .mdebug.abi32  0x0000000000000000        0x0 drivers/timer.o
 .mdebug.abi32  0x0000000000000000        0x0 drivers/bootargs.o
 .mdebug.abi32  0x0000000000000000        0x0 drivers/device.o
 .mdebug.abi32  0x0000000000000000        0x0 drivers/drivers.o
 .mdebug.abi32  0x0000000000000000        0x0 drivers/tty.o
 .mdebug.abi32  0x0000000000000000        0x0 drivers/disk.o
 .mdebug.abi32  0x0000000000000000        0x0 drivers/disksched.o
 .mdebug.abi32  0x0000000000000000        0x0 drivers/metadev.o
 .mdebug.abi32  0x0000000000000000        0x0 proc/exception.o
 .mdebug.abi32  0x0000000000000000        0x0 proc/elf.o
 .mdebug.abi32  0x0000000000000000        0x0 proc/process.o
 .mdebug.abi32  0x0000000000000000        0x0 proc/syscall.o
 .mdebug.abi32  0x0000000000000000        0x0 proc/semaphore.o
 .mdebug.abi32  0x0000000000000000        0x0 vm/vm.o
 .mdebug.abi32  0x0000000000000000        0x0 vm/pagepool.o
 .mdebug.abi32  0x0000000000000000        0x0 vm/tlb.o
 .mdebug.abi32  0x0000000000000000        0x0 fs/vfs.o
 .mdebug.abi32  0x0000000000000000        0x0 fs/tfs.o
 .mdebug.abi32  0x0000000000000000        0x0 fs/filesystems.o
 .mdebug.abi32  0x0000000000000000        0x0 net/network.o
 .mdebug.abi32  0x0000000000000000        0x0 net/protocols.o
 .mdebug.abi32  0x0000000000000000        0x0 net/socket.o
 .mdebug.abi32  0x0000000000000000        0x0 net/pop.o

.comment        0x0000000000000000       0x11
 .comment       0x0000000000000000       0x11 init/main.o
                                         0x12 (size before relaxing)
 .comment       0x0000000000000000       0x12 kernel/panic.o
 .comment       0x0000000000000000       0x12 kernel/kmalloc.o
 .comment       0x0000000000000000       0x12 kernel/interrupt.o
 .comment       0x0000000000000000       0x12 kernel/thread.o
 .comment       0x0000000000000000       0x12 kernel/scheduler.o
 .comment       0x0000000000000000       0x12 kernel/sleepq.o
 .comment       0x0000000000000000       0x12 kernel/semaphore.o
 .comment       0x0000000000000000       0x12 kernel/exception.o
 .comment       0x0000000000000000       0x12 kernel/halt.o
 .comment       0x0000000000000000       0x12 lib/libc.o
 .comment       0x0000000000000000       0x12 lib/xprintf.o
 .comment       0x0000000000000000       0x12 lib/bitmap.o
 .comment       0x0000000000000000       0x12 lib/debug.o
 .comment       0x0000000000000000       0x12 drivers/polltty.o
 .comment       0x0000000000000000       0x12 drivers/timer.o
 .comment       0x0000000000000000       0x12 drivers/bootargs.o
 .comment       0x0000000000000000       0x12 drivers/device.o
 .comment       0x0000000000000000       0x12 drivers/drivers.o
 .comment       0x0000000000000000       0x12 drivers/tty.o
 .comment       0x0000000000000000       0x12 drivers/disk.o
 .comment       0x0000000000000000       0x12 drivers/disksched.o
 .comment       0x0000000000000000       0x12 drivers/metadev.o
 .comment       0x0000000000000000       0x12 proc/exception.o
 .comment       0x0000000000000000       0x12 proc/elf.o
 .comment       0x0000000000000000       0x12 proc/process.o
 .comment       0x0000000000000000       0x12 proc/syscall.o
 .comment       0x0000000000000000       0x12 proc/semaphore.o
 .comment       0x0000000000000000       0x12 vm/vm.o
 .comment       0x0000000000000000       0x12 vm/pagepool.o
 .comment       0x0000000000000000       0x12 vm/tlb.o
 .comment       0x0000000000000000       0x12 fs/vfs.o
 .comment       0x0000000000000000       0x12 fs/tfs.o
 .comment       0x0000000000000000       0x12 fs/filesystems.o
 .comment       0x0000000000000000       0x12 net/network.o
 .comment       0x0000000000000000       0x12 net/protocols.o
 .comment       0x0000000000000000       0x12 net/socket.o
 .comment       0x0000000000000000       0x12 net/pop.o

.gnu.attributes
                0x0000000000000000       0x10
 .gnu.attributes
                0x0000000000000000       0x10 init/main.o
 .gnu.attributes
                0x0000000000000010       0x10 kernel/panic.o
 .gnu.attributes
                0x0000000000000020       0x10 kernel/kmalloc.o
 .gnu.attributes
                0x0000000000000030       0x10 kernel/interrupt.o
 .gnu.attributes
                0x0000000000000040       0x10 kernel/thread.o
 .gnu.attributes
                0x0000000000000050       0x10 kernel/scheduler.o
 .gnu.attributes
                0x0000000000000060       0x10 kernel/sleepq.o
 .gnu.attributes
                0x0000000000000070       0x10 kernel/semaphore.o
 .gnu.attributes
                0x0000000000000080       0x10 kernel/exception.o
 .gnu.attributes
                0x0000000000000090       0x10 kernel/halt.o
 .gnu.attributes
                0x00000000000000a0       0x10 lib/libc.o
 .gnu.attributes
                0x00000000000000b0       0x10 lib/xprintf.o
 .gnu.attributes
                0x00000000000000c0       0x10 lib/bitmap.o
 .gnu.attributes
                0x00000000000000d0       0x10 lib/debug.o
 .gnu.attributes
                0x00000000000000e0       0x10 drivers/polltty.o
 .gnu.attributes
                0x00000000000000f0       0x10 drivers/timer.o
 .gnu.attributes
                0x0000000000000100       0x10 drivers/bootargs.o
 .gnu.attributes
                0x0000000000000110       0x10 drivers/device.o
 .gnu.attributes
                0x0000000000000120       0x10 drivers/drivers.o
 .gnu.attributes
                0x0000000000000130       0x10 drivers/tty.o
 .gnu.attributes
                0x0000000000000140       0x10 drivers/disk.o
 .gnu.attributes
                0x0000000000000150       0x10 drivers/disksched.o
 .gnu.attributes
                0x0000000000000160       0x10 drivers/metadev.o
 .gnu.attributes
                0x0000000000000170       0x10 proc/exception.o
 .gnu.attributes
                0x0000000000000180       0x10 proc/elf.o
 .gnu.attributes
                0x0000000000000190       0x10 proc/process.o
 .gnu.attributes
                0x00000000000001a0       0x10 proc/syscall.o
 .gnu.attributes
                0x00000000000001b0       0x10 proc/semaphore.o
 .gnu.attributes
                0x00000000000001c0       0x10 vm/vm.o
 .gnu.attributes
                0x00000000000001d0       0x10 vm/pagepool.o
 .gnu.attributes
                0x00000000000001e0       0x10 vm/tlb.o
 .gnu.attributes
                0x00000000000001f0       0x10 fs/vfs.o
 .gnu.attributes
                0x0000000000000200       0x10 fs/tfs.o
 .gnu.attributes
                0x0000000000000210       0x10 fs/filesystems.o
 .gnu.attributes
                0x0000000000000220       0x10 net/network.o
 .gnu.attributes
                0x0000000000000230       0x10 net/protocols.o
 .gnu.attributes
                0x0000000000000240       0x10 net/socket.o
 .gnu.attributes
                0x0000000000000250       0x10 net/pop.o

.stab           0x0000000000000000     0x1560
 .stab          0x0000000000000000       0xfc init/_boot.o
 .stab          0x00000000000000fc      0x9d8 kernel/cswitch.o
                                        0x9e4 (size before relaxing)
 .stab          0x0000000000000ad4      0x3f0 kernel/_interrupt.o
                                        0x3fc (size before relaxing)
 .stab          0x0000000000000ec4       0xb4 kernel/_spinlock.o
                                         0xc0 (size before relaxing)
 .stab          0x0000000000000f78       0x54 kernel/idle.o
                                         0x60 (size before relaxing)
 .stab          0x0000000000000fcc       0xe4 lib/rand.o
                                         0xf0 (size before relaxing)
 .stab          0x00000000000010b0       0x6c drivers/_timer.o
                                         0x78 (size before relaxing)
 .stab          0x000000000000111c      0x444 vm/_tlb.o
                                        0x450 (size before relaxing)

.stabstr        0x0000000000000000      0x3a9
 .stabstr       0x0000000000000000      0x3a9 init/_boot.o

.debug_info     0x0000000000000000     0xeac5
 .debug_info    0x0000000000000000      0xbca init/main.o
 .debug_info    0x0000000000000bca      0x180 kernel/panic.o
 .debug_info    0x0000000000000d4a      0x366 kernel/kmalloc.o
 .debug_info    0x00000000000010b0      0x7d5 kernel/interrupt.o
 .debug_info    0x0000000000001885      0x85e kernel/thread.o
 .debug_info    0x00000000000020e3      0x69d kernel/scheduler.o
 .debug_info    0x0000000000002780      0x798 kernel/sleepq.o
 .debug_info    0x0000000000002f18      0x49f kernel/semaphore.o
 .debug_info    0x00000000000033b7      0x454 kernel/exception.o
 .debug_info    0x000000000000380b      0x11b kernel/halt.o
 .debug_info    0x0000000000003926      0x370 lib/libc.o
 .debug_info    0x0000000000003c96      0x86c lib/xprintf.o
 .debug_info    0x0000000000004502      0x34e lib/bitmap.o
 .debug_info    0x0000000000004850      0x140 lib/debug.o
 .debug_info    0x0000000000004990      0x1c6 drivers/polltty.o
 .debug_info    0x0000000000004b56      0x10d drivers/timer.o
 .debug_info    0x0000000000004c63      0x23f drivers/bootargs.o
 .debug_info    0x0000000000004ea2      0x353 drivers/device.o
 .debug_info    0x00000000000051f5      0x1e0 drivers/drivers.o
 .debug_info    0x00000000000053d5      0x830 drivers/tty.o
 .debug_info    0x0000000000005c05      0xb22 drivers/disk.o
 .debug_info    0x0000000000006727      0x1c9 drivers/disksched.o
 .debug_info    0x00000000000068f0      0x805 drivers/metadev.o
 .debug_info    0x00000000000070f5      0x62c proc/exception.o
 .debug_info    0x0000000000007721      0x41c proc/elf.o
 .debug_info    0x0000000000007b3d     0x12d1 proc/process.o
 .debug_info    0x0000000000008e0e      0x66b proc/syscall.o
 .debug_info    0x0000000000009479      0x3f1 proc/semaphore.o
 .debug_info    0x000000000000986a      0x4ef vm/vm.o
 .debug_info    0x0000000000009d59      0x4db vm/pagepool.o
 .debug_info    0x000000000000a234      0x375 vm/tlb.o
 .debug_info    0x000000000000a5a9     0x15ab fs/vfs.o
 .debug_info    0x000000000000bb54     0x1063 fs/tfs.o
 .debug_info    0x000000000000cbb7      0x55d fs/filesystems.o
 .debug_info    0x000000000000d114      0xa54 net/network.o
 .debug_info    0x000000000000db68      0x182 net/protocols.o
 .debug_info    0x000000000000dcea      0x3f8 net/socket.o
 .debug_info    0x000000000000e0e2      0x9e3 net/pop.o

.debug_abbrev   0x0000000000000000     0x43d6
 .debug_abbrev  0x0000000000000000      0x1ef init/main.o
 .debug_abbrev  0x00000000000001ef       0xf6 kernel/panic.o
 .debug_abbrev  0x00000000000002e5      0x1d8 kernel/kmalloc.o
 .debug_abbrev  0x00000000000004bd      0x231 kernel/interrupt.o
 .debug_abbrev  0x00000000000006ee      0x2c6 kernel/thread.o
 .debug_abbrev  0x00000000000009b4      0x24e kernel/scheduler.o
 .debug_abbrev  0x0000000000000c02      0x223 kernel/sleepq.o
 .debug_abbrev  0x0000000000000e25      0x1cd kernel/semaphore.o
 .debug_abbrev  0x0000000000000ff2      0x16a kernel/exception.o
 .debug_abbrev  0x000000000000115c       0xd6 kernel/halt.o
 .debug_abbrev  0x0000000000001232      0x161 lib/libc.o
 .debug_abbrev  0x0000000000001393      0x233 lib/xprintf.o
 .debug_abbrev  0x00000000000015c6      0x160 lib/bitmap.o
 .debug_abbrev  0x0000000000001726       0xde lib/debug.o
 .debug_abbrev  0x0000000000001804       0xfb drivers/polltty.o
 .debug_abbrev  0x00000000000018ff       0xc8 drivers/timer.o
 .debug_abbrev  0x00000000000019c7      0x1ab drivers/bootargs.o
 .debug_abbrev  0x0000000000001b72      0x1d2 drivers/device.o
 .debug_abbrev  0x0000000000001d44       0xaa drivers/drivers.o
 .debug_abbrev  0x0000000000001dee      0x266 drivers/tty.o
 .debug_abbrev  0x0000000000002054      0x2eb drivers/disk.o
 .debug_abbrev  0x000000000000233f       0xd6 drivers/disksched.o
 .debug_abbrev  0x0000000000002415      0x270 drivers/metadev.o
 .debug_abbrev  0x0000000000002685      0x1a0 proc/exception.o
 .debug_abbrev  0x0000000000002825      0x15c proc/elf.o
 .debug_abbrev  0x0000000000002981      0x32e proc/process.o
 .debug_abbrev  0x0000000000002caf      0x190 proc/syscall.o
 .debug_abbrev  0x0000000000002e3f      0x15b proc/semaphore.o
 .debug_abbrev  0x0000000000002f9a      0x1ee vm/vm.o
 .debug_abbrev  0x0000000000003188      0x178 vm/pagepool.o
 .debug_abbrev  0x0000000000003300      0x188 vm/tlb.o
 .debug_abbrev  0x0000000000003488      0x347 fs/vfs.o
 .debug_abbrev  0x00000000000037cf      0x294 fs/tfs.o
 .debug_abbrev  0x0000000000003a63      0x154 fs/filesystems.o
 .debug_abbrev  0x0000000000003bb7      0x37c net/network.o
 .debug_abbrev  0x0000000000003f33       0xf3 net/protocols.o
 .debug_abbrev  0x0000000000004026      0x196 net/socket.o
 .debug_abbrev  0x00000000000041bc      0x21a net/pop.o

.debug_loc      0x0000000000000000     0x7c78
 .debug_loc     0x0000000000000000      0x176 init/main.o
 .debug_loc     0x0000000000000176       0xc3 kernel/panic.o
 .debug_loc     0x0000000000000239      0x157 kernel/kmalloc.o
 .debug_loc     0x0000000000000390      0x2a2 kernel/interrupt.o
 .debug_loc     0x0000000000000632      0x33f kernel/thread.o
 .debug_loc     0x0000000000000971      0x1e4 kernel/scheduler.o
 .debug_loc     0x0000000000000b55      0x362 kernel/sleepq.o
 .debug_loc     0x0000000000000eb7      0x263 kernel/semaphore.o
 .debug_loc     0x000000000000111a       0xc5 kernel/exception.o
 .debug_loc     0x00000000000011df       0x2c kernel/halt.o
 .debug_loc     0x000000000000120b      0x557 lib/libc.o
 .debug_loc     0x0000000000001762      0xd0d lib/xprintf.o
 .debug_loc     0x000000000000246f      0x61e lib/bitmap.o
 .debug_loc     0x0000000000002a8d       0x79 lib/debug.o
 .debug_loc     0x0000000000002b06       0x4e drivers/polltty.o
 .debug_loc     0x0000000000002b54       0x76 drivers/timer.o
 .debug_loc     0x0000000000002bca      0x21e drivers/bootargs.o
 .debug_loc     0x0000000000002de8       0xf0 drivers/device.o
 .debug_loc     0x0000000000002ed8      0x46d drivers/tty.o
 .debug_loc     0x0000000000003345      0x5cb drivers/disk.o
 .debug_loc     0x0000000000003910      0x4be drivers/metadev.o
 .debug_loc     0x0000000000003dce       0x8e proc/exception.o
 .debug_loc     0x0000000000003e5c       0xd9 proc/elf.o
 .debug_loc     0x0000000000003f35      0x87c proc/process.o
 .debug_loc     0x00000000000047b1      0x41e proc/syscall.o
 .debug_loc     0x0000000000004bcf      0x291 proc/semaphore.o
 .debug_loc     0x0000000000004e60      0x31c vm/vm.o
 .debug_loc     0x000000000000517c      0x18c vm/pagepool.o
 .debug_loc     0x0000000000005308       0x6e vm/tlb.o
 .debug_loc     0x0000000000005376      0xe25 fs/vfs.o
 .debug_loc     0x000000000000619b      0xb9a fs/tfs.o
 .debug_loc     0x0000000000006d35       0xd3 fs/filesystems.o
 .debug_loc     0x0000000000006e08      0x678 net/network.o
 .debug_loc     0x0000000000007480       0x5c net/protocols.o
 .debug_loc     0x00000000000074dc      0x1a0 net/socket.o
 .debug_loc     0x000000000000767c      0x5fc net/pop.o

.debug_aranges  0x0000000000000000      0x4b8
 .debug_aranges
                0x0000000000000000       0x20 init/main.o
 .debug_aranges
                0x0000000000000020       0x20 kernel/panic.o
 .debug_aranges
                0x0000000000000040       0x20 kernel/kmalloc.o
 .debug_aranges
                0x0000000000000060       0x20 kernel/interrupt.o
 .debug_aranges
                0x0000000000000080       0x20 kernel/thread.o
 .debug_aranges
                0x00000000000000a0       0x20 kernel/scheduler.o
 .debug_aranges
                0x00000000000000c0       0x20 kernel/sleepq.o
 .debug_aranges
                0x00000000000000e0       0x20 kernel/semaphore.o
 .debug_aranges
                0x0000000000000100       0x20 kernel/exception.o
 .debug_aranges
                0x0000000000000120       0x20 kernel/halt.o
 .debug_aranges
                0x0000000000000140       0x20 lib/libc.o
 .debug_aranges
                0x0000000000000160       0x20 lib/xprintf.o
 .debug_aranges
                0x0000000000000180       0x20 lib/bitmap.o
 .debug_aranges
                0x00000000000001a0       0x20 lib/debug.o
 .debug_aranges
                0x00000000000001c0       0x20 drivers/polltty.o
 .debug_aranges
                0x00000000000001e0       0x20 drivers/timer.o
 .debug_aranges
                0x0000000000000200       0x20 drivers/bootargs.o
 .debug_aranges
                0x0000000000000220       0x20 drivers/device.o
 .debug_aranges
                0x0000000000000240       0x18 drivers/drivers.o
 .debug_aranges
                0x0000000000000258       0x20 drivers/tty.o
 .debug_aranges
                0x0000000000000278       0x20 drivers/disk.o
 .debug_aranges
                0x0000000000000298       0x20 drivers/disksched.o
 .debug_aranges
                0x00000000000002b8       0x20 drivers/metadev.o
 .debug_aranges
                0x00000000000002d8       0x20 proc/exception.o
 .debug_aranges
                0x00000000000002f8       0x20 proc/elf.o
 .debug_aranges
                0x0000000000000318       0x20 proc/process.o
 .debug_aranges
                0x0000000000000338       0x20 proc/syscall.o
 .debug_aranges
                0x0000000000000358       0x20 proc/semaphore.o
 .debug_aranges
                0x0000000000000378       0x20 vm/vm.o
 .debug_aranges
                0x0000000000000398       0x20 vm/pagepool.o
 .debug_aranges
                0x00000000000003b8       0x20 vm/tlb.o
 .debug_aranges
                0x00000000000003d8       0x20 fs/vfs.o
 .debug_aranges
                0x00000000000003f8       0x20 fs/tfs.o
 .debug_aranges
                0x0000000000000418       0x20 fs/filesystems.o
 .debug_aranges
                0x0000000000000438       0x20 net/network.o
 .debug_aranges
                0x0000000000000458       0x20 net/protocols.o
 .debug_aranges
                0x0000000000000478       0x20 net/socket.o
 .debug_aranges
                0x0000000000000498       0x20 net/pop.o

.debug_ranges   0x0000000000000000      0x340
 .debug_ranges  0x0000000000000000       0x18 init/main.o
 .debug_ranges  0x0000000000000018       0x28 kernel/thread.o
 .debug_ranges  0x0000000000000040       0x40 kernel/scheduler.o
 .debug_ranges  0x0000000000000080       0x20 lib/bitmap.o
 .debug_ranges  0x00000000000000a0       0x18 drivers/bootargs.o
 .debug_ranges  0x00000000000000b8       0x40 drivers/device.o
 .debug_ranges  0x00000000000000f8       0x40 drivers/tty.o
 .debug_ranges  0x0000000000000138       0x40 drivers/disk.o
 .debug_ranges  0x0000000000000178       0x18 proc/process.o
 .debug_ranges  0x0000000000000190       0x50 fs/vfs.o
 .debug_ranges  0x00000000000001e0      0x140 net/network.o
 .debug_ranges  0x0000000000000320       0x20 net/socket.o

.debug_line     0x0000000000000000     0x364c
 .debug_line    0x0000000000000000      0x21b init/main.o
 .debug_line    0x000000000000021b       0x90 kernel/panic.o
 .debug_line    0x00000000000002ab       0xe5 kernel/kmalloc.o
 .debug_line    0x0000000000000390      0x1bb kernel/interrupt.o
 .debug_line    0x000000000000054b      0x1d9 kernel/thread.o
 .debug_line    0x0000000000000724      0x17a kernel/scheduler.o
 .debug_line    0x000000000000089e      0x1b5 kernel/sleepq.o
 .debug_line    0x0000000000000a53      0x11e kernel/semaphore.o
 .debug_line    0x0000000000000b71       0xd7 kernel/exception.o
 .debug_line    0x0000000000000c48       0x84 kernel/halt.o
 .debug_line    0x0000000000000ccc      0x1ac lib/libc.o
 .debug_line    0x0000000000000e78      0x263 lib/xprintf.o
 .debug_line    0x00000000000010db      0x134 lib/bitmap.o
 .debug_line    0x000000000000120f       0x9b lib/debug.o
 .debug_line    0x00000000000012aa       0x95 drivers/polltty.o
 .debug_line    0x000000000000133f       0x6e drivers/timer.o
 .debug_line    0x00000000000013ad      0x106 drivers/bootargs.o
 .debug_line    0x00000000000014b3       0xe1 drivers/device.o
 .debug_line    0x0000000000001594       0x70 drivers/drivers.o
 .debug_line    0x0000000000001604      0x1fa drivers/tty.o
 .debug_line    0x00000000000017fe      0x1fa drivers/disk.o
 .debug_line    0x00000000000019f8       0x9f drivers/disksched.o
 .debug_line    0x0000000000001a97      0x185 drivers/metadev.o
 .debug_line    0x0000000000001c1c       0xfb proc/exception.o
 .debug_line    0x0000000000001d17       0xdc proc/elf.o
 .debug_line    0x0000000000001df3      0x340 proc/process.o
 .debug_line    0x0000000000002133      0x150 proc/syscall.o
 .debug_line    0x0000000000002283       0xf3 proc/semaphore.o
 .debug_line    0x0000000000002376      0x17c vm/vm.o
 .debug_line    0x00000000000024f2      0x114 vm/pagepool.o
 .debug_line    0x0000000000002606       0x95 vm/tlb.o
 .debug_line    0x000000000000269b      0x3ac fs/vfs.o
 .debug_line    0x0000000000002a47      0x40b fs/tfs.o
 .debug_line    0x0000000000002e52       0xe4 fs/filesystems.o
 .debug_line    0x0000000000002f36      0x20e net/network.o
 .debug_line    0x0000000000003144       0x90 net/protocols.o
 .debug_line    0x00000000000031d4      0x177 net/socket.o
 .debug_line    0x000000000000334b      0x301 net/pop.o

.debug_str      0x0000000000000000     0x1c8c
 .debug_str     0x0000000000000000      0x330 init/main.o
                                        0x397 (size before relaxing)
 .debug_str     0x0000000000000330       0x45 kernel/panic.o
                                        0x127 (size before relaxing)
 .debug_str     0x0000000000000375       0xb4 kernel/kmalloc.o
                                        0x1cd (size before relaxing)
 .debug_str     0x0000000000000429      0x225 kernel/interrupt.o
                                        0x3e7 (size before relaxing)
 .debug_str     0x000000000000064e      0x13a kernel/thread.o
                                        0x41d (size before relaxing)
 .debug_str     0x0000000000000788       0x72 kernel/scheduler.o
                                        0x3b6 (size before relaxing)
 .debug_str     0x00000000000007fa       0x8e kernel/sleepq.o
                                        0x395 (size before relaxing)
 .debug_str     0x0000000000000888       0x8f kernel/semaphore.o
                                        0x230 (size before relaxing)
 .debug_str     0x0000000000000917       0xa3 kernel/exception.o
                                        0x1ba (size before relaxing)
 .debug_str     0x00000000000009ba       0x19 kernel/halt.o
                                         0xe1 (size before relaxing)
 .debug_str     0x00000000000009d3       0x74 lib/libc.o
                                        0x14b (size before relaxing)
 .debug_str     0x0000000000000a47       0x9d lib/xprintf.o
                                        0x1ff (size before relaxing)
 .debug_str     0x0000000000000ae4       0x6e lib/bitmap.o
                                        0x129 (size before relaxing)
 .debug_str     0x0000000000000b52       0x27 lib/debug.o
                                        0x105 (size before relaxing)
 .debug_str     0x0000000000000b79       0x3c drivers/polltty.o
                                        0x164 (size before relaxing)
 .debug_str     0x0000000000000bb5       0x21 drivers/timer.o
                                        0x129 (size before relaxing)
 .debug_str     0x0000000000000bd6       0x5c drivers/bootargs.o
                                        0x13c (size before relaxing)
 .debug_str     0x0000000000000c32       0x74 drivers/device.o
                                        0x1c5 (size before relaxing)
 .debug_str     0x0000000000000ca6       0x12 drivers/drivers.o
                                        0x175 (size before relaxing)
 .debug_str     0x0000000000000cb8       0xa4 drivers/tty.o
                                        0x313 (size before relaxing)
 .debug_str     0x0000000000000d5c      0x195 drivers/disk.o
                                        0x43b (size before relaxing)
 .debug_str     0x0000000000000ef1       0x14 drivers/disksched.o
                                        0x194 (size before relaxing)
 .debug_str     0x0000000000000f05      0x121 drivers/metadev.o
                                        0x363 (size before relaxing)
 .debug_str     0x0000000000001026       0x3f proc/exception.o
                                        0x2eb (size before relaxing)
 .debug_str     0x0000000000001065      0x1a5 proc/elf.o
                                        0x25f (size before relaxing)
 .debug_str     0x000000000000120a      0x1ed proc/process.o
                                        0x62f (size before relaxing)
 .debug_str     0x00000000000013f7       0x89 proc/syscall.o
                                        0x2a2 (size before relaxing)
 .debug_str     0x0000000000001480       0x1f proc/semaphore.o
                                        0x1c9 (size before relaxing)
 .debug_str     0x000000000000149f       0x40 vm/vm.o
                                        0x1fb (size before relaxing)
 .debug_str     0x00000000000014df       0x70 vm/pagepool.o
                                        0x28a (size before relaxing)
 .debug_str     0x000000000000154f       0x52 vm/tlb.o
                                        0x1a6 (size before relaxing)
 .debug_str     0x00000000000015a1      0x1b9 fs/vfs.o
                                        0x4e4 (size before relaxing)
 .debug_str     0x000000000000175a       0xd2 fs/tfs.o
                                        0x466 (size before relaxing)
 .debug_str     0x000000000000182c       0x34 fs/filesystems.o
                                        0x2e2 (size before relaxing)
 .debug_str     0x0000000000001860      0x222 net/network.o
                                        0x422 (size before relaxing)
 .debug_str     0x0000000000001a82       0x36 net/protocols.o
                                        0x14d (size before relaxing)
 .debug_str     0x0000000000001ab8       0xa1 net/socket.o
                                        0x20c (size before relaxing)
 .debug_str     0x0000000000001b59      0x133 net/pop.o
                                        0x3a0 (size before relaxing)

.debug_frame    0x0000000000000000     0x1aec
 .debug_frame   0x0000000000000000       0x90 init/main.o
 .debug_frame   0x0000000000000090       0x38 kernel/panic.o
 .debug_frame   0x00000000000000c8       0x9c kernel/kmalloc.o
 .debug_frame   0x0000000000000164       0x9c kernel/interrupt.o
 .debug_frame   0x0000000000000200      0x120 kernel/thread.o
 .debug_frame   0x0000000000000320       0xa4 kernel/scheduler.o
 .debug_frame   0x00000000000003c4       0xc8 kernel/sleepq.o
 .debug_frame   0x000000000000048c       0xc8 kernel/semaphore.o
 .debug_frame   0x0000000000000554       0x50 kernel/exception.o
 .debug_frame   0x00000000000005a4       0x2c kernel/halt.o
 .debug_frame   0x00000000000005d0       0xb8 lib/libc.o
 .debug_frame   0x0000000000000688      0x118 lib/xprintf.o
 .debug_frame   0x00000000000007a0       0xe4 lib/bitmap.o
 .debug_frame   0x0000000000000884       0x30 lib/debug.o
 .debug_frame   0x00000000000008b4       0x40 drivers/polltty.o
 .debug_frame   0x00000000000008f4       0x30 drivers/timer.o
 .debug_frame   0x0000000000000924       0x4c drivers/bootargs.o
 .debug_frame   0x0000000000000970       0x54 drivers/device.o
 .debug_frame   0x00000000000009c4       0xd4 drivers/tty.o
 .debug_frame   0x0000000000000a98      0x144 drivers/disk.o
 .debug_frame   0x0000000000000bdc       0x20 drivers/disksched.o
 .debug_frame   0x0000000000000bfc      0x17c drivers/metadev.o
 .debug_frame   0x0000000000000d78       0x34 proc/exception.o
 .debug_frame   0x0000000000000dac       0x48 proc/elf.o
 .debug_frame   0x0000000000000df4      0x1a4 proc/process.o
 .debug_frame   0x0000000000000f98       0x84 proc/syscall.o
 .debug_frame   0x000000000000101c       0xcc proc/semaphore.o
 .debug_frame   0x00000000000010e8       0xf0 vm/vm.o
 .debug_frame   0x00000000000011d8       0x8c vm/pagepool.o
 .debug_frame   0x0000000000001264       0x6c vm/tlb.o
 .debug_frame   0x00000000000012d0      0x33c fs/vfs.o
 .debug_frame   0x000000000000160c      0x1bc fs/tfs.o
 .debug_frame   0x00000000000017c8       0x40 fs/filesystems.o
 .debug_frame   0x0000000000001808      0x110 net/network.o
 .debug_frame   0x0000000000001918       0x40 net/protocols.o
 .debug_frame   0x0000000000001958       0x98 net/socket.o
 .debug_frame   0x00000000000019f0       0xfc net/pop.o

Cross Reference Table

Symbol                                            File
DEBUG                                             lib/debug.o
                                                  init/main.o
KERNEL_ENDS_HERE                                  kernel/kmalloc.o
_cswitch_switch                                   kernel/cswitch.o
_cswitch_to_userland                              kernel/cswitch.o
                                                  kernel/thread.o
_cswitch_vector_code                              kernel/cswitch.o
                                                  kernel/interrupt.o
_get_rand                                         lib/rand.o
                                                  kernel/scheduler.o
_idle_thread_wait_loop                            kernel/idle.o
                                                  kernel/thread.o
                                                  init/_boot.o
_interrupt_clear_EXL                              kernel/_interrupt.o
                                                  proc/exception.o
                                                  kernel/exception.o
_interrupt_clear_bootstrap                        kernel/_interrupt.o
                                                  init/main.o
                                                  init/_boot.o
_interrupt_clear_sw                               kernel/_interrupt.o
_interrupt_clear_sw0                              kernel/_interrupt.o
                                                  kernel/interrupt.o
_interrupt_clear_sw1                              kernel/_interrupt.o
_interrupt_disable                                kernel/_interrupt.o
                                                  vm/pagepool.o
                                                  proc/process.o
                                                  proc/exception.o
                                                  drivers/metadev.o
                                                  drivers/disk.o
                                                  drivers/tty.o
                                                  drivers/timer.o
                                                  lib/xprintf.o
                                                  kernel/exception.o
                                                  kernel/semaphore.o
                                                  kernel/sleepq.o
                                                  kernel/scheduler.o
                                                  kernel/thread.o
                                                  kernel/panic.o
_interrupt_enable                                 kernel/_interrupt.o
                                                  proc/exception.o
                                                  kernel/thread.o
                                                  init/main.o
                                                  init/_boot.o
_interrupt_generate_sw0                           kernel/_interrupt.o
                                                  kernel/thread.o
                                                  init/_boot.o
_interrupt_get_state                              kernel/_interrupt.o
                                                  kernel/sleepq.o
_interrupt_getcpu                                 kernel/_interrupt.o
                                                  drivers/metadev.o
                                                  kernel/scheduler.o
                                                  kernel/thread.o
                                                  kernel/interrupt.o
                                                  kernel/panic.o
_interrupt_set_EXL                                kernel/_interrupt.o
                                                  proc/exception.o
                                                  kernel/exception.o
_interrupt_set_state                              kernel/_interrupt.o
                                                  vm/pagepool.o
                                                  proc/process.o
                                                  drivers/metadev.o
                                                  drivers/disk.o
                                                  drivers/tty.o
                                                  drivers/timer.o
                                                  lib/xprintf.o
                                                  kernel/exception.o
                                                  kernel/semaphore.o
                                                  kernel/sleepq.o
                                                  kernel/scheduler.o
                                                  kernel/thread.o
_kernel_panic                                     kernel/panic.o
                                                  net/pop.o
                                                  net/socket.o
                                                  net/network.o
                                                  fs/vfs.o
                                                  vm/tlb.o
                                                  vm/pagepool.o
                                                  vm/vm.o
                                                  proc/syscall.o
                                                  proc/process.o
                                                  proc/exception.o
                                                  drivers/metadev.o
                                                  drivers/disk.o
                                                  drivers/tty.o
                                                  lib/bitmap.o
                                                  kernel/exception.o
                                                  kernel/semaphore.o
                                                  kernel/sleepq.o
                                                  kernel/scheduler.o
                                                  kernel/thread.o
                                                  kernel/interrupt.o
                                                  kernel/kmalloc.o
                                                  init/main.o
_set_rand_seed                                    lib/rand.o
                                                  init/main.o
_start                                            init/_boot.o
_timer_set_ticks                                  drivers/_timer.o
                                                  drivers/timer.o
_tlb_get_exception_state                          vm/_tlb.o
                                                  kernel/exception.o
_tlb_get_maxindex                                 vm/_tlb.o
                                                  vm/tlb.o
                                                  proc/process.o
_tlb_probe                                        vm/_tlb.o
_tlb_read                                         vm/_tlb.o
_tlb_set_asid                                     vm/_tlb.o
                                                  vm/tlb.o
                                                  proc/process.o
_tlb_write                                        vm/_tlb.o
                                                  vm/tlb.o
_tlb_write_random                                 vm/_tlb.o
alloc_process_id                                  proc/process.o
atoi                                              lib/libc.o
                                                  init/main.o
bitmap_findnset                                   lib/bitmap.o
                                                  fs/tfs.o
                                                  vm/pagepool.o
bitmap_get                                        lib/bitmap.o
                                                  fs/tfs.o
                                                  vm/pagepool.o
bitmap_init                                       lib/bitmap.o
                                                  vm/pagepool.o
bitmap_set                                        lib/bitmap.o
                                                  fs/tfs.o
                                                  vm/pagepool.o
bitmap_sizeof                                     lib/bitmap.o
                                                  vm/pagepool.o
bootargs_get                                      drivers/bootargs.o
                                                  lib/debug.o
                                                  init/main.o
bootargs_init                                     drivers/bootargs.o
                                                  init/main.o
cpustatus_count                                   drivers/metadev.o
                                                  init/main.o
cpustatus_generate_irq                            drivers/metadev.o
cpustatus_init                                    drivers/metadev.o
                                                  drivers/drivers.o
cpustatus_interrupt_handle                        drivers/metadev.o
device_get                                        drivers/device.o
                                                  net/network.o
                                                  fs/vfs.o
                                                  proc/syscall.o
                                                  init/main.o
device_init                                       drivers/device.o
                                                  init/main.o
disk_init                                         drivers/disk.o
                                                  drivers/drivers.o
disksched_schedule                                drivers/disksched.o
                                                  drivers/disk.o
drivers_available                                 drivers/drivers.o
                                                  drivers/device.o
elf_parse_header                                  proc/elf.o
                                                  proc/process.o
filesystems_try_all                               fs/filesystems.o
                                                  fs/vfs.o
finish_given_process                              proc/process.o
halt_kernel                                       kernel/halt.o
                                                  proc/syscall.o
                                                  init/main.o
init                                              init/main.o
                                                  init/_boot.o
init_startup_fallback                             init/main.o
init_startup_thread                               init/main.o
interrupt_handle                                  kernel/interrupt.o
                                                  kernel/cswitch.o
interrupt_init                                    kernel/interrupt.o
                                                  init/main.o
interrupt_register                                kernel/interrupt.o
                                                  drivers/metadev.o
                                                  drivers/disk.o
                                                  drivers/tty.o
interrupt_stacks                                  kernel/interrupt.o
                                                  kernel/cswitch.o
kernel_bootstrap_finished                         init/main.o
                                                  init/_boot.o
kernel_exception_handle                           kernel/exception.o
                                                  kernel/cswitch.o
kmalloc                                           kernel/kmalloc.o
                                                  vm/pagepool.o
                                                  drivers/metadev.o
                                                  drivers/disk.o
                                                  drivers/tty.o
                                                  drivers/bootargs.o
                                                  kernel/interrupt.o
kmalloc_disable                                   kernel/kmalloc.o
                                                  vm/vm.o
kmalloc_get_numpages                              kernel/kmalloc.o
                                                  vm/pagepool.o
kmalloc_get_reserved_pages                        kernel/kmalloc.o
                                                  vm/pagepool.o
kmalloc_init                                      kernel/kmalloc.o
                                                  init/main.o
kprintf                                           lib/xprintf.o
                                                  net/network.o
                                                  fs/filesystems.o
                                                  fs/tfs.o
                                                  fs/vfs.o
                                                  vm/pagepool.o
                                                  vm/vm.o
                                                  proc/semaphore.o
                                                  drivers/metadev.o
                                                  drivers/disk.o
                                                  drivers/device.o
                                                  kernel/halt.o
                                                  kernel/exception.o
                                                  kernel/interrupt.o
                                                  kernel/kmalloc.o
                                                  kernel/panic.o
                                                  init/main.o
kprintf_slock                                     lib/xprintf.o
                                                  drivers/tty.o
kread                                             lib/libc.o
kvprintf                                          lib/xprintf.o
                                                  lib/debug.o
kwrite                                            lib/libc.o
                                                  init/main.o
memcopy                                           lib/libc.o
                                                  net/pop.o
                                                  net/network.o
                                                  fs/tfs.o
meminfo_get_pages                                 drivers/metadev.o
meminfo_init                                      drivers/metadev.o
                                                  drivers/drivers.o
memoryset                                         lib/libc.o
                                                  fs/tfs.o
                                                  proc/process.o
                                                  proc/elf.o
network_free_frame                                net/network.o
                                                  net/pop.o
network_get_broadcast_address                     net/network.o
network_get_loopback_address                      net/network.o
network_get_mtu                                   net/network.o
                                                  net/pop.o
network_get_source_address                        net/network.o
network_init                                      net/network.o
                                                  init/main.o
network_interfaces                                net/network.o
network_protocols                                 net/protocols.o
network_send                                      net/network.o
                                                  net/pop.o
open_sockets                                      net/pop.o
                                                  net/socket.o
open_sockets_sem                                  net/pop.o
                                                  net/socket.o
pagepool_free_phys_page                           vm/pagepool.o
                                                  net/network.o
                                                  fs/tfs.o
                                                  vm/vm.o
pagepool_get_phys_page                            vm/pagepool.o
                                                  net/pop.o
                                                  net/network.o
                                                  fs/tfs.o
                                                  vm/vm.o
                                                  proc/process.o
pagepool_init                                     vm/pagepool.o
                                                  vm/vm.o
polltty_getchar                                   drivers/polltty.o
                                                  lib/libc.o
polltty_init                                      drivers/polltty.o
                                                  init/main.o
polltty_putchar                                   drivers/polltty.o
                                                  lib/xprintf.o
                                                  lib/libc.o
pop_init                                          net/pop.o
                                                  net/protocols.o
pop_push_frame                                    net/pop.o
                                                  net/protocols.o
process_finish                                    proc/process.o
                                                  proc/syscall.o
process_get_current_process                       proc/process.o
process_get_current_process_entry                 proc/process.o
process_init                                      proc/process.o
                                                  init/main.o
process_join                                      proc/process.o
                                                  proc/syscall.o
                                                  init/main.o
process_reset                                     proc/process.o
process_spawn                                     proc/process.o
                                                  proc/syscall.o
                                                  init/main.o
process_start                                     proc/process.o
process_table                                     proc/process.o
process_table_slock                               proc/process.o
protocols_get_frame_handler                       net/protocols.o
                                                  net/network.o
protocols_init                                    net/protocols.o
                                                  net/network.o
rtc_get_clockspeed                                drivers/metadev.o
rtc_get_msec                                      drivers/metadev.o
                                                  net/pop.o
rtc_init                                          drivers/metadev.o
                                                  drivers/drivers.o
scheduler_add_ready                               kernel/scheduler.o
                                                  kernel/thread.o
scheduler_add_to_ready_list                       kernel/scheduler.o
                                                  kernel/sleepq.o
scheduler_current_thread                          kernel/scheduler.o
                                                  kernel/thread.o
                                                  kernel/interrupt.o
                                                  kernel/cswitch.o
scheduler_init                                    kernel/scheduler.o
                                                  init/main.o
scheduler_schedule                                kernel/scheduler.o
                                                  kernel/interrupt.o
semaphore_P                                       kernel/semaphore.o
                                                  net/pop.o
                                                  net/socket.o
                                                  fs/tfs.o
                                                  fs/vfs.o
                                                  proc/semaphore.o
                                                  drivers/disk.o
semaphore_V                                       kernel/semaphore.o
                                                  net/pop.o
                                                  net/socket.o
                                                  fs/tfs.o
                                                  fs/vfs.o
                                                  proc/semaphore.o
                                                  drivers/disk.o
semaphore_create                                  kernel/semaphore.o
                                                  net/pop.o
                                                  net/socket.o
                                                  fs/tfs.o
                                                  fs/vfs.o
                                                  proc/semaphore.o
                                                  drivers/disk.o
semaphore_destroy                                 kernel/semaphore.o
                                                  net/socket.o
                                                  fs/tfs.o
                                                  proc/semaphore.o
                                                  drivers/disk.o
semaphore_init                                    kernel/semaphore.o
                                                  init/main.o
shutdown                                          drivers/metadev.o
                                                  kernel/halt.o
                                                  kernel/panic.o
shutdown_init                                     drivers/metadev.o
                                                  drivers/drivers.o
sleepq_add                                        kernel/sleepq.o
                                                  proc/process.o
                                                  drivers/tty.o
                                                  kernel/semaphore.o
sleepq_init                                       kernel/sleepq.o
                                                  init/main.o
sleepq_wake                                       kernel/sleepq.o
                                                  proc/process.o
                                                  kernel/semaphore.o
sleepq_wake_all                                   kernel/sleepq.o
                                                  drivers/tty.o
snprintf                                          lib/xprintf.o
                                                  init/main.o
socket_close                                      net/socket.o
socket_init                                       net/socket.o
                                                  net/network.o
socket_open                                       net/socket.o
socket_recvfrom                                   net/pop.o
socket_sendto                                     net/pop.o
spinlock_acquire                                  kernel/_spinlock.o
                                                  vm/pagepool.o
                                                  proc/process.o
                                                  drivers/metadev.o
                                                  drivers/disk.o
                                                  drivers/tty.o
                                                  lib/xprintf.o
                                                  kernel/semaphore.o
                                                  kernel/sleepq.o
                                                  kernel/scheduler.o
                                                  kernel/thread.o
spinlock_release                                  kernel/_spinlock.o
                                                  vm/pagepool.o
                                                  proc/process.o
                                                  drivers/metadev.o
                                                  drivers/disk.o
                                                  drivers/tty.o
                                                  lib/xprintf.o
                                                  kernel/semaphore.o
                                                  kernel/sleepq.o
                                                  kernel/scheduler.o
                                                  kernel/thread.o
spinlock_reset                                    kernel/_spinlock.o
                                                  vm/pagepool.o
                                                  proc/process.o
                                                  drivers/metadev.o
                                                  drivers/disk.o
                                                  drivers/tty.o
                                                  kernel/semaphore.o
                                                  kernel/sleepq.o
                                                  kernel/thread.o
stringcmp                                         lib/libc.o
                                                  fs/tfs.o
                                                  fs/vfs.o
                                                  proc/semaphore.o
stringcopy                                        lib/libc.o
                                                  fs/tfs.o
                                                  fs/vfs.o
                                                  proc/semaphore.o
                                                  proc/process.o
strlen                                            lib/libc.o
                                                  proc/semaphore.o
                                                  drivers/bootargs.o
syscall_handle                                    proc/syscall.o
                                                  proc/exception.o
syscall_read                                      proc/syscall.o
syscall_sem_destroy                               proc/semaphore.o
                                                  proc/syscall.o
syscall_sem_open                                  proc/semaphore.o
                                                  proc/syscall.o
syscall_sem_p                                     proc/semaphore.o
                                                  proc/syscall.o
syscall_sem_v                                     proc/semaphore.o
                                                  proc/syscall.o
syscall_write                                     proc/syscall.o
tfs_close                                         fs/tfs.o
tfs_create                                        fs/tfs.o
tfs_getfree                                       fs/tfs.o
tfs_init                                          fs/tfs.o
                                                  fs/filesystems.o
tfs_open                                          fs/tfs.o
tfs_read                                          fs/tfs.o
tfs_remove                                        fs/tfs.o
tfs_unmount                                       fs/tfs.o
tfs_write                                         fs/tfs.o
thread_create                                     kernel/thread.o
                                                  net/pop.o
                                                  net/network.o
                                                  proc/process.o
                                                  init/main.o
thread_finish                                     kernel/thread.o
                                                  proc/process.o
thread_get_current_thread                         kernel/thread.o
                                                  proc/process.o
                                                  kernel/semaphore.o
                                                  kernel/sleepq.o
thread_get_current_thread_entry                   kernel/thread.o
                                                  proc/process.o
                                                  proc/exception.o
                                                  kernel/interrupt.o
thread_goto_userland                              kernel/thread.o
                                                  proc/process.o
thread_run                                        kernel/thread.o
                                                  net/pop.o
                                                  net/network.o
                                                  proc/process.o
                                                  init/main.o
thread_stack_areas                                kernel/thread.o
thread_switch                                     kernel/thread.o
                                                  proc/process.o
                                                  drivers/tty.o
                                                  kernel/semaphore.o
                                                  init/main.o
thread_table                                      kernel/sleepq.o
                                                  kernel/scheduler.o
                                                  kernel/thread.o
                                                  kernel/cswitch.o
thread_table_init                                 kernel/thread.o
                                                  init/main.o
thread_table_slock                                kernel/sleepq.o
                                                  kernel/scheduler.o
                                                  kernel/thread.o
timer_set_ticks                                   drivers/timer.o
                                                  kernel/scheduler.o
tlb_fill                                          vm/tlb.o
                                                  proc/process.o
                                                  kernel/interrupt.o
tlb_load_exception                                vm/tlb.o
tlb_modified_exception                            vm/tlb.o
tlb_store_exception                               vm/tlb.o
tty_init                                          drivers/tty.o
                                                  drivers/drivers.o
tty_interrupt_handle                              drivers/tty.o
user_exception_handle                             proc/exception.o
                                                  kernel/cswitch.o
usr_sem_init                                      proc/semaphore.o
                                                  init/main.o
vfs_close                                         fs/vfs.o
vfs_create                                        fs/vfs.o
vfs_deinit                                        fs/vfs.o
                                                  kernel/halt.o
vfs_getfree                                       fs/vfs.o
vfs_init                                          fs/vfs.o
                                                  init/main.o
vfs_mount                                         fs/vfs.o
vfs_mount_all                                     fs/vfs.o
                                                  init/main.o
vfs_mount_fs                                      fs/vfs.o
vfs_open                                          fs/vfs.o
                                                  proc/process.o
vfs_read                                          fs/vfs.o
                                                  proc/process.o
                                                  proc/elf.o
vfs_remove                                        fs/vfs.o
vfs_seek                                          fs/vfs.o
                                                  proc/process.o
                                                  proc/elf.o
vfs_unmount                                       fs/vfs.o
vfs_write                                         fs/vfs.o
vm_create_pagetable                               vm/vm.o
                                                  proc/process.o
vm_destroy_pagetable                              vm/vm.o
                                                  proc/process.o
vm_init                                           vm/vm.o
                                                  init/main.o
vm_map                                            vm/vm.o
                                                  proc/process.o
vm_set_dirty                                      vm/vm.o
                                                  proc/process.o
vm_unmap                                          vm/vm.o
vsnprintf                                         lib/xprintf.o
