
Allocating common symbols
Common symbol       size              file

interrupt_stacks    0x10              kernel/interrupt.o
thread_table        0x800             kernel/thread.o
open_sockets        0x700             net/socket.o
process_table_slock
                    0x4               proc/process.o
open_sockets_sem    0x4               net/socket.o
scheduler_current_thread
                    0x10              kernel/scheduler.o
process_table       0x4e0             proc/process.o
thread_stack_areas  0x20000           kernel/thread.o
thread_table_slock  0x4               kernel/thread.o
network_interfaces  0x30              net/network.o

Discarded input sections

 .reginfo       0x0000000000000000       0x18 kernel/cswitch.o
 .reginfo       0x0000000000000000       0x18 kernel/_interrupt.o
 .reginfo       0x0000000000000000       0x18 kernel/_spinlock.o
 .reginfo       0x0000000000000000       0x18 kernel/idle.o
 .reginfo       0x0000000000000000       0x18 lib/rand.o
 .reginfo       0x0000000000000000       0x18 drivers/_timer.o
 .reginfo       0x0000000000000000       0x18 vm/_tlb.o
 .reginfo       0x0000000000000000       0x18 init/main.o
 .reginfo       0x0000000000000000       0x18 kernel/panic.o
 .reginfo       0x0000000000000000       0x18 kernel/kmalloc.o
 .reginfo       0x0000000000000000       0x18 kernel/interrupt.o
 .reginfo       0x0000000000000000       0x18 kernel/thread.o
 .reginfo       0x0000000000000000       0x18 kernel/scheduler.o
 .reginfo       0x0000000000000000       0x18 kernel/sleepq.o
 .reginfo       0x0000000000000000       0x18 kernel/semaphore.o
 .reginfo       0x0000000000000000       0x18 kernel/exception.o
 .reginfo       0x0000000000000000       0x18 kernel/halt.o
 .reginfo       0x0000000000000000       0x18 lib/libc.o
 .reginfo       0x0000000000000000       0x18 lib/xprintf.o
 .reginfo       0x0000000000000000       0x18 lib/bitmap.o
 .reginfo       0x0000000000000000       0x18 lib/debug.o
 .reginfo       0x0000000000000000       0x18 drivers/polltty.o
 .reginfo       0x0000000000000000       0x18 drivers/timer.o
 .reginfo       0x0000000000000000       0x18 drivers/bootargs.o
 .reginfo       0x0000000000000000       0x18 drivers/device.o
 .reginfo       0x0000000000000000       0x18 drivers/drivers.o
 .reginfo       0x0000000000000000       0x18 drivers/tty.o
 .reginfo       0x0000000000000000       0x18 drivers/disk.o
 .reginfo       0x0000000000000000       0x18 drivers/disksched.o
 .reginfo       0x0000000000000000       0x18 drivers/metadev.o
 .reginfo       0x0000000000000000       0x18 proc/exception.o
 .reginfo       0x0000000000000000       0x18 proc/elf.o
 .reginfo       0x0000000000000000       0x18 proc/process.o
 .reginfo       0x0000000000000000       0x18 proc/syscall.o
 .reginfo       0x0000000000000000       0x18 proc/semaphore.o
 .reginfo       0x0000000000000000       0x18 vm/vm.o
 .reginfo       0x0000000000000000       0x18 vm/pagepool.o
 .reginfo       0x0000000000000000       0x18 vm/tlb.o
 .reginfo       0x0000000000000000       0x18 fs/vfs.o
 .reginfo       0x0000000000000000       0x18 fs/tfs.o
 .reginfo       0x0000000000000000       0x18 fs/filesystems.o
 .reginfo       0x0000000000000000       0x18 net/network.o
 .reginfo       0x0000000000000000       0x18 net/protocols.o
 .reginfo       0x0000000000000000       0x18 net/socket.o
 .reginfo       0x0000000000000000       0x18 net/pop.o

Memory Configuration

Name             Origin             Length             Attributes
*default*        0x0000000000000000 0xffffffffffffffff

Linker script and memory map

                0x0000000080010000                . = 0x80010000

.text           0x0000000080010000     0xa1f0
 *(.text)
 .text          0x0000000080010000       0x60 init/_boot.o
                0x0000000080010000                _start
 .text          0x0000000080010060      0x350 kernel/cswitch.o
                0x0000000080010060                _cswitch_vector_code
                0x0000000080010080                _cswitch_switch
                0x0000000080010388                _cswitch_to_userland
 .text          0x00000000800103b0      0x120 kernel/_interrupt.o
                0x00000000800103b0                _interrupt_disable
                0x00000000800103cc                _interrupt_enable
                0x00000000800103e4                _interrupt_set_state
                0x0000000080010408                _interrupt_get_state
                0x0000000080010414                _interrupt_generate_sw0
                0x000000008001042c                _interrupt_clear_sw
                0x0000000080010444                _interrupt_clear_sw0
                0x000000008001045c                _interrupt_clear_sw1
                0x0000000080010474                _interrupt_clear_bootstrap
                0x0000000080010490                _interrupt_getcpu
                0x00000000800104a0                _interrupt_clear_EXL
                0x00000000800104b8                _interrupt_set_EXL
 .text          0x00000000800104d0       0x30 kernel/_spinlock.o
                0x00000000800104d0                spinlock_reset
                0x00000000800104d0                spinlock_release
                0x00000000800104dc                spinlock_acquire
 .text          0x0000000080010500        0xc kernel/idle.o
                0x0000000080010500                _idle_thread_wait_loop
 .text          0x000000008001050c       0x4c lib/rand.o
                0x000000008001050c                _set_rand_seed
                0x000000008001051c                _get_rand
 .text          0x0000000080010558       0x14 drivers/_timer.o
                0x0000000080010558                _timer_set_ticks
 .text          0x000000008001056c      0x15c vm/_tlb.o
                0x000000008001056c                _tlb_get_exception_state
                0x0000000080010590                _tlb_set_asid
                0x00000000800105b0                _tlb_get_maxindex
                0x00000000800105c4                _tlb_probe
                0x00000000800105dc                _tlb_read
                0x0000000080010640                _tlb_write
                0x00000000800106a4                _tlb_write_random
 .text          0x00000000800106c8      0x4e0 init/main.o
                0x00000000800106c8                init_startup_fallback
                0x0000000080010880                init_startup_thread
                0x000000008001095c                init
 .text          0x0000000080010ba8       0x68 kernel/panic.o
                0x0000000080010ba8                _kernel_panic
 .text          0x0000000080010c10      0x258 kernel/kmalloc.o
                0x0000000080010c10                kmalloc_get_numpages
                0x0000000080010c94                kmalloc_get_reserved_pages
                0x0000000080010cbc                kmalloc_disable
                0x0000000080010ccc                kmalloc_init
                0x0000000080010d44                kmalloc
 .text          0x0000000080010e68      0x338 kernel/interrupt.o
                0x0000000080010e68                interrupt_init
                0x0000000080010f88                interrupt_register
                0x0000000080011058                interrupt_handle
 .text          0x00000000800111a0      0x40c kernel/thread.o
                0x00000000800111a0                thread_table_init
                0x0000000080011240                thread_create
                0x00000000800113e0                thread_run
                0x00000000800113e8                thread_switch
                0x0000000080011414                thread_get_current_thread
                0x0000000080011464                thread_finish
                0x0000000080011518                thread_get_current_thread_entry
                0x0000000080011574                thread_goto_userland
 .text          0x00000000800115ac      0x328 kernel/scheduler.o
                0x00000000800115ac                scheduler_init
                0x00000000800115c8                scheduler_add_to_ready_list
                0x00000000800116b4                scheduler_add_ready
                0x0000000080011724                scheduler_schedule
 .text          0x00000000800118d4      0x48c kernel/sleepq.o
                0x00000000800118d4                sleepq_init
                0x0000000080011900                sleepq_add
                0x0000000080011a58                sleepq_wake
                0x0000000080011bc8                sleepq_wake_all
 .text          0x0000000080011d60      0x2a4 kernel/semaphore.o
                0x0000000080011d60                semaphore_init
                0x0000000080011da8                semaphore_create
                0x0000000080011ef0                semaphore_destroy
                0x0000000080011efc                semaphore_P
                0x0000000080011f84                semaphore_V
 .text          0x0000000080012004      0x290 kernel/exception.o
                0x000000008001203c                kernel_exception_handle
 .text          0x0000000080012294       0x3c kernel/halt.o
                0x0000000080012294                halt_kernel
 .text          0x00000000800122d0      0x3d4 lib/libc.o
                0x00000000800122d0                kwrite
                0x0000000080012318                kread
                0x000000008001238c                stringcmp
                0x00000000800123f4                stringcopy
                0x0000000080012490                memcopy
                0x000000008001255c                memoryset
                0x0000000080012584                atoi
                0x0000000080012668                strlen
 .text          0x00000000800126a4      0xa10 lib/xprintf.o
                0x0000000080012f48                kvprintf
                0x0000000080012fd0                kprintf
                0x0000000080013060                vsnprintf
                0x0000000080013084                snprintf
 .text          0x00000000800130b4      0x3b8 lib/bitmap.o
                0x00000000800130b4                bitmap_sizeof
                0x00000000800130dc                bitmap_init
                0x0000000080013164                bitmap_get
                0x0000000080013234                bitmap_set
                0x0000000080013354                bitmap_findnset
 .text          0x000000008001346c       0x44 lib/debug.o
                0x000000008001346c                DEBUG
 .text          0x00000000800134b0       0xe8 drivers/polltty.o
                0x00000000800134b0                polltty_init
                0x0000000080013510                polltty_getchar
                0x0000000080013550                polltty_putchar
 .text          0x0000000080013598       0x34 drivers/timer.o
                0x0000000080013598                timer_set_ticks
 .text          0x00000000800135cc      0x27c drivers/bootargs.o
                0x00000000800135cc                bootargs_init
                0x00000000800137b4                bootargs_get
 .text          0x0000000080013848      0x1e4 drivers/device.o
                0x0000000080013848                device_init
                0x00000000800139cc                device_get
 .text          0x0000000080013a2c        0x0 drivers/drivers.o
 .text          0x0000000080013a2c      0x7c4 drivers/tty.o
                0x0000000080013db8                tty_interrupt_handle
                0x0000000080014030                tty_init
 .text          0x00000000800141f0      0x578 drivers/disk.o
                0x000000008001463c                disk_init
 .text          0x0000000080014768       0x3c drivers/disksched.o
                0x0000000080014768                disksched_schedule
 .text          0x00000000800147a4      0x484 drivers/metadev.o
                0x0000000080014830                cpustatus_interrupt_handle
                0x00000000800148bc                rtc_init
                0x000000008001492c                rtc_get_msec
                0x0000000080014944                rtc_get_clockspeed
                0x000000008001495c                meminfo_init
                0x00000000800149cc                meminfo_get_pages
                0x00000000800149e4                cpustatus_init
                0x0000000080014a84                cpustatus_count
                0x0000000080014acc                cpustatus_generate_irq
                0x0000000080014b4c                shutdown_init
                0x0000000080014bbc                shutdown
 .text          0x0000000080014c28      0x204 proc/exception.o
                0x0000000080014c28                user_exception_handle
 .text          0x0000000080014e2c      0x22c proc/elf.o
                0x0000000080014e2c                elf_parse_header
 .text          0x0000000080015058      0xcb8 proc/process.o
                0x0000000080015058                process_start
                0x000000008001561c                process_reset
                0x000000008001564c                process_init
                0x0000000080015698                alloc_process_id
                0x0000000080015754                process_spawn
                0x000000008001586c                process_get_current_process
                0x000000008001588c                process_get_current_process_entry
                0x00000000800158cc                process_join
                0x0000000080015ad8                finish_given_process
                0x0000000080015c78                process_finish
 .text          0x0000000080015d10      0x258 proc/syscall.o
                0x0000000080015d10                syscall_write
                0x0000000080015d88                syscall_read
                0x0000000080015df8                syscall_handle
 .text          0x0000000080015f68      0x29c proc/semaphore.o
                0x0000000080015f68                usr_sem_init
                0x0000000080015fb0                syscall_sem_open
                0x00000000800160c8                syscall_sem_p
                0x0000000080016110                syscall_sem_v
                0x0000000080016158                syscall_sem_destroy
 .text          0x0000000080016204      0x550 vm/vm.o
                0x0000000080016204                vm_init
                0x0000000080016220                vm_create_pagetable
                0x000000008001626c                vm_destroy_pagetable
                0x000000008001627c                vm_map
                0x00000000800165ac                vm_unmap
                0x00000000800165b4                vm_set_dirty
 .text          0x0000000080016754      0x278 vm/pagepool.o
                0x0000000080016754                pagepool_init
                0x0000000080016828                pagepool_get_phys_page
                0x00000000800168f4                pagepool_free_phys_page
 .text          0x00000000800169cc      0x280 vm/tlb.o
                0x00000000800169cc                tlb_modified_exception
                0x00000000800169e4                tlb_load_exception
                0x00000000800169fc                tlb_store_exception
                0x0000000080016b60                vpn_lookup
                0x0000000080016bc0                tlb_fill
 .text          0x0000000080016c4c     0x1150 fs/vfs.o
                0x0000000080016f90                vfs_init
                0x0000000080017088                vfs_deinit
                0x00000000800171f4                vfs_mount
                0x0000000080017388                vfs_mount_fs
                0x0000000080017488                vfs_mount_all
                0x0000000080017510                vfs_unmount
                0x0000000080017684                vfs_open
                0x0000000080017860                vfs_close
                0x00000000800178f0                vfs_seek
                0x0000000080017994                vfs_read
                0x0000000080017a74                vfs_write
                0x0000000080017b54                vfs_create
                0x0000000080017c40                vfs_remove
                0x0000000080017d00                vfs_getfree
 .text          0x0000000080017d9c     0x103c fs/tfs.o
                0x0000000080017d9c                tfs_close
                0x0000000080017da4                tfs_unmount
                0x0000000080017dfc                tfs_open
                0x0000000080017f04                tfs_create
                0x0000000080018260                tfs_remove
                0x00000000800184ec                tfs_read
                0x0000000080018784                tfs_write
                0x0000000080018ac4                tfs_getfree
                0x0000000080018b98                tfs_init
 .text          0x0000000080018dd8       0xac fs/filesystems.o
                0x0000000080018dd8                filesystems_try_all
 .text          0x0000000080018e84      0x5c4 net/network.o
                0x0000000080018fa4                network_init
                0x0000000080019118                network_get_source_address
                0x0000000080019150                network_get_broadcast_address
                0x0000000080019158                network_get_loopback_address
                0x0000000080019160                network_get_mtu
                0x0000000080019234                network_send
                0x0000000080019438                network_free_frame
 .text          0x0000000080019448       0xc4 net/protocols.o
                0x0000000080019448                protocols_get_frame_handler
                0x00000000800194b0                protocols_init
 .text          0x000000008001950c      0x358 net/socket.o
                0x000000008001950c                socket_init
                0x00000000800195cc                socket_open
                0x00000000800197b4                socket_close
 .text          0x0000000080019864      0x98c net/pop.o
                0x0000000080019b6c                socket_sendto
                0x0000000080019d68                socket_recvfrom
                0x0000000080019ed0                pop_init
                0x000000008001a024                pop_push_frame

.rodata         0x000000008001a1f0     0x1680
 *(.rodata .rodata.*)
 .rodata.str1.4
                0x000000008001a1f0      0x4f5 init/main.o
                                        0x4fc (size before relaxing)
 *fill*         0x000000008001a6e5        0x3 
 .rodata.str1.4
                0x000000008001a6e8       0x26 kernel/panic.o
                                         0x28 (size before relaxing)
 *fill*         0x000000008001a70e        0x2 
 .rodata.str1.4
                0x000000008001a710      0x11f kernel/kmalloc.o
                                        0x120 (size before relaxing)
 *fill*         0x000000008001a82f        0x1 
 .rodata.str1.4
                0x000000008001a830       0xca kernel/interrupt.o
                                         0xcc (size before relaxing)
 *fill*         0x000000008001a8fa        0x2 
 .rodata.str1.4
                0x000000008001a8fc       0x6b kernel/thread.o
                                         0x80 (size before relaxing)
 *fill*         0x000000008001a967        0x1 
 .rodata.str1.4
                0x000000008001a968       0x13 kernel/scheduler.o
                                         0x28 (size before relaxing)
 *fill*         0x000000008001a97b        0x1 
 .rodata.str1.4
                0x000000008001a97c       0x10 kernel/sleepq.o
                                         0x24 (size before relaxing)
 .rodata.str1.4
                0x000000008001a98c       0x13 kernel/semaphore.o
                                         0x28 (size before relaxing)
 *fill*         0x000000008001a99f        0x1 
 .rodata.str1.4
                0x000000008001a9a0      0x26a kernel/exception.o
                                        0x26c (size before relaxing)
 *fill*         0x000000008001ac0a        0x2 
 .rodata        0x000000008001ac0c       0x38 kernel/exception.o
 .rodata.str1.4
                0x000000008001ac44       0x54 kernel/halt.o
 .rodata        0x000000008001ac98      0x10c lib/xprintf.o
 .rodata.str1.4
                0x000000008001ada4       0x2c lib/bitmap.o
                                         0x40 (size before relaxing)
 .rodata.str1.4
                0x0000000000000000       0x2c drivers/bootargs.o
                                          0x4 (size before relaxing)
 .rodata.str1.4
                0x000000008001add0       0xaa drivers/device.o
                                         0xac (size before relaxing)
 *fill*         0x000000008001ae7a        0x2 
 .rodata.str1.4
                0x000000008001ae7c       0x51 drivers/drivers.o
                                         0x54 (size before relaxing)
 *fill*         0x000000008001aecd        0x3 
 .rodata.str1.4
                0x000000008001aed0       0x8e drivers/tty.o
                                         0x90 (size before relaxing)
 *fill*         0x000000008001af5e        0x2 
 .rodata.str1.4
                0x000000008001af60       0x93 drivers/disk.o
                                         0xa8 (size before relaxing)
 *fill*         0x000000008001aff3        0x1 
 .rodata.str1.4
                0x000000008001aff4      0x12c drivers/metadev.o
                                        0x140 (size before relaxing)
 .rodata.str1.4
                0x000000008001b120       0x11 proc/exception.o
                                        0x17c (size before relaxing)
 *fill*         0x000000008001b131        0x3 
 .rodata        0x000000008001b134       0x38 proc/exception.o
 .rodata.str1.4
                0x000000008001b16c       0x2d proc/process.o
                                         0x44 (size before relaxing)
 *fill*         0x000000008001b199        0x3 
 .rodata.str1.4
                0x000000008001b19c       0x67 proc/syscall.o
                                         0x68 (size before relaxing)
 *fill*         0x000000008001b203        0x1 
 .rodata.str1.4
                0x000000008001b204      0x100 vm/vm.o
                                        0x114 (size before relaxing)
 .rodata.str1.4
                0x000000008001b304       0x6a vm/pagepool.o
                                         0x80 (size before relaxing)
 *fill*         0x000000008001b36e        0x2 
 .rodata.str1.4
                0x000000008001b370       0x87 vm/tlb.o
                                         0x9c (size before relaxing)
 *fill*         0x000000008001b3f7        0x1 
 .rodata.str1.4
                0x000000008001b3f8      0x2d1 fs/vfs.o
                                        0x2e8 (size before relaxing)
 *fill*         0x000000008001b6c9        0x3 
 .rodata.str1.4
                0x000000008001b6cc       0x92 fs/tfs.o
                                         0x94 (size before relaxing)
 *fill*         0x000000008001b75e        0x2 
 .rodata.str1.4
                0x000000008001b760       0x2c fs/filesystems.o
 .rodata.str1.4
                0x000000008001b78c       0x4e net/network.o
                                         0x64 (size before relaxing)
 *fill*         0x000000008001b7da        0x2 
 .rodata.str1.4
                0x000000008001b7dc       0x3a net/socket.o
                                         0x50 (size before relaxing)
 *fill*         0x000000008001b816        0x2 
 .rodata.str1.4
                0x000000008001b818       0x58 net/pop.o
                                         0x6c (size before relaxing)

.rel.dyn        0x000000008001b870        0x0
 .rel.dyn       0x0000000000000000        0x0 drivers/drivers.o

.data           0x000000008001b870       0x90
 *(.data)
 .data          0x000000008001b870        0x0 init/_boot.o
 .data          0x000000008001b870        0x0 kernel/cswitch.o
 .data          0x000000008001b870        0x0 kernel/_interrupt.o
 .data          0x000000008001b870        0x0 kernel/_spinlock.o
 .data          0x000000008001b870        0x0 kernel/idle.o
 .data          0x000000008001b870        0xc lib/rand.o
 .data          0x000000008001b87c        0x0 drivers/_timer.o
 .data          0x000000008001b87c        0x0 vm/_tlb.o
 .data          0x000000008001b87c        0x0 init/main.o
 .data          0x000000008001b87c        0x0 kernel/panic.o
 .data          0x000000008001b87c        0x0 kernel/kmalloc.o
 .data          0x000000008001b87c        0x0 kernel/interrupt.o
 .data          0x000000008001b87c        0x0 kernel/thread.o
 .data          0x000000008001b87c        0x8 kernel/scheduler.o
 .data          0x000000008001b884        0x0 kernel/sleepq.o
 .data          0x000000008001b884        0x0 kernel/semaphore.o
 .data          0x000000008001b884        0x0 kernel/exception.o
 .data          0x000000008001b884        0x0 kernel/halt.o
 .data          0x000000008001b884        0x0 lib/libc.o
 .data          0x000000008001b884        0x0 lib/xprintf.o
 .data          0x000000008001b884        0x0 lib/bitmap.o
 .data          0x000000008001b884        0x0 lib/debug.o
 .data          0x000000008001b884        0x0 drivers/polltty.o
 .data          0x000000008001b884        0x0 drivers/timer.o
 .data          0x000000008001b884        0x0 drivers/bootargs.o
 .data          0x000000008001b884        0x0 drivers/device.o
 .data          0x000000008001b884       0x54 drivers/drivers.o
                0x000000008001b884                drivers_available
 .data          0x000000008001b8d8        0x0 drivers/tty.o
 .data          0x000000008001b8d8        0x0 drivers/disk.o
 .data          0x000000008001b8d8        0x0 drivers/disksched.o
 .data          0x000000008001b8d8        0x0 drivers/metadev.o
 .data          0x000000008001b8d8        0x0 proc/exception.o
 .data          0x000000008001b8d8        0x0 proc/elf.o
 .data          0x000000008001b8d8        0x0 proc/process.o
 .data          0x000000008001b8d8        0x0 proc/syscall.o
 .data          0x000000008001b8d8        0x0 proc/semaphore.o
 .data          0x000000008001b8d8        0x0 vm/vm.o
 .data          0x000000008001b8d8        0x0 vm/pagepool.o
 .data          0x000000008001b8d8        0x0 vm/tlb.o
 .data          0x000000008001b8d8        0x0 fs/vfs.o
 .data          0x000000008001b8d8        0x0 fs/tfs.o
 .data          0x000000008001b8d8       0x10 fs/filesystems.o
 .data          0x000000008001b8e8        0x0 net/network.o
 .data          0x000000008001b8e8       0x18 net/protocols.o
                0x000000008001b8e8                network_protocols
 .data          0x000000008001b900        0x0 net/socket.o
 .data          0x000000008001b900        0x0 net/pop.o

.bss            0x000000008001b900    0x26118
 *(.bss COMMON)
 .bss           0x000000008001b900        0x0 init/_boot.o
 .bss           0x000000008001b900        0x0 kernel/cswitch.o
 .bss           0x000000008001b900        0x0 kernel/_interrupt.o
 .bss           0x000000008001b900        0x0 kernel/_spinlock.o
 .bss           0x000000008001b900        0x0 kernel/idle.o
 .bss           0x000000008001b900        0x0 lib/rand.o
 .bss           0x000000008001b900        0x0 drivers/_timer.o
 .bss           0x000000008001b900        0x0 vm/_tlb.o
 .bss           0x000000008001b900        0x4 init/main.o
                0x000000008001b900                kernel_bootstrap_finished
 .bss           0x000000008001b904        0x0 kernel/panic.o
 .bss           0x000000008001b904        0x8 kernel/kmalloc.o
 .bss           0x000000008001b90c      0x600 kernel/interrupt.o
 COMMON         0x000000008001bf0c       0x10 kernel/interrupt.o
                0x000000008001bf0c                interrupt_stacks
 .bss           0x000000008001bf1c        0x4 kernel/thread.o
 COMMON         0x000000008001bf20    0x20804 kernel/thread.o
                0x000000008001bf20                thread_table
                0x000000008001c720                thread_stack_areas
                0x000000008003c720                thread_table_slock
 .bss           0x000000008003c724        0x0 kernel/scheduler.o
 COMMON         0x000000008003c724       0x10 kernel/scheduler.o
                0x000000008003c724                scheduler_current_thread
 .bss           0x000000008003c734      0x200 kernel/sleepq.o
 .bss           0x000000008003c934      0x608 kernel/semaphore.o
 .bss           0x000000008003cf3c        0x0 kernel/exception.o
 .bss           0x000000008003cf3c        0x0 kernel/halt.o
 .bss           0x000000008003cf3c        0x0 lib/libc.o
 .bss           0x000000008003cf3c        0x4 lib/xprintf.o
                0x000000008003cf3c                kprintf_slock
 .bss           0x000000008003cf40        0x0 lib/bitmap.o
 .bss           0x000000008003cf40        0x0 lib/debug.o
 .bss           0x000000008003cf40        0x4 drivers/polltty.o
 .bss           0x000000008003cf44        0x0 drivers/timer.o
 .bss           0x000000008003cf44      0x100 drivers/bootargs.o
 .bss           0x000000008003d044      0x204 drivers/device.o
 .bss           0x000000008003d248        0x0 drivers/drivers.o
 .bss           0x000000008003d248        0x4 drivers/tty.o
 .bss           0x000000008003d24c        0x0 drivers/disk.o
 .bss           0x000000008003d24c        0x0 drivers/disksched.o
 .bss           0x000000008003d24c       0x48 drivers/metadev.o
 .bss           0x000000008003d294        0x0 proc/exception.o
 .bss           0x000000008003d294        0x0 proc/elf.o
 .bss           0x000000008003d294        0x0 proc/process.o
 COMMON         0x000000008003d294      0x4e4 proc/process.o
                0x000000008003d294                process_table_slock
                0x000000008003d298                process_table
 .bss           0x000000008003d778        0x0 proc/syscall.o
 .bss           0x000000008003d778     0x2004 proc/semaphore.o
 .bss           0x000000008003f77c        0x0 vm/vm.o
 .bss           0x000000008003f77c       0x14 vm/pagepool.o
 .bss           0x000000008003f790        0x0 vm/tlb.o
 .bss           0x000000008003f790     0x18b8 fs/vfs.o
 .bss           0x0000000080041048        0x0 fs/tfs.o
 .bss           0x0000000080041048        0x0 fs/filesystems.o
 .bss           0x0000000080041048        0x0 net/network.o
 COMMON         0x0000000080041048       0x30 net/network.o
                0x0000000080041048                network_interfaces
 .bss           0x0000000080041078        0x0 net/protocols.o
 .bss           0x0000000080041078        0x4 net/socket.o
 COMMON         0x000000008004107c      0x704 net/socket.o
                0x000000008004107c                open_sockets
                0x000000008004177c                open_sockets_sem
 .bss           0x0000000080041780      0x298 net/pop.o
                0x0000000080041a18                KERNEL_ENDS_HERE = .
LOAD init/_boot.o
LOAD kernel/cswitch.o
LOAD kernel/_interrupt.o
LOAD kernel/_spinlock.o
LOAD kernel/idle.o
LOAD lib/rand.o
LOAD drivers/_timer.o
LOAD vm/_tlb.o
LOAD init/main.o
LOAD kernel/panic.o
LOAD kernel/kmalloc.o
LOAD kernel/interrupt.o
LOAD kernel/thread.o
LOAD kernel/scheduler.o
LOAD kernel/sleepq.o
LOAD kernel/semaphore.o
LOAD kernel/exception.o
LOAD kernel/halt.o
LOAD lib/libc.o
LOAD lib/xprintf.o
LOAD lib/bitmap.o
LOAD lib/debug.o
LOAD drivers/polltty.o
LOAD drivers/timer.o
LOAD drivers/bootargs.o
LOAD drivers/device.o
LOAD drivers/drivers.o
LOAD drivers/tty.o
LOAD drivers/disk.o
LOAD drivers/disksched.o
LOAD drivers/metadev.o
LOAD proc/exception.o
LOAD proc/elf.o
LOAD proc/process.o
LOAD proc/syscall.o
LOAD proc/semaphore.o
LOAD vm/vm.o
LOAD vm/pagepool.o
LOAD vm/tlb.o
LOAD fs/vfs.o
LOAD fs/tfs.o
LOAD fs/filesystems.o
LOAD net/network.o
LOAD net/protocols.o
LOAD net/socket.o
LOAD net/pop.o
OUTPUT(buenos elf32-bigmips)

.reginfo        0x0000000000000000       0x18
 .reginfo       0x0000000000000000       0x18 init/_boot.o

.pdr            0x0000000000000000     0x1980
 .pdr           0x0000000000000000       0x40 init/_boot.o
 .pdr           0x0000000000000040       0xa0 kernel/cswitch.o
 .pdr           0x00000000000000e0      0x180 kernel/_interrupt.o
 .pdr           0x0000000000000260       0x40 kernel/_spinlock.o
 .pdr           0x00000000000002a0       0x20 kernel/idle.o
 .pdr           0x00000000000002c0       0x40 lib/rand.o
 .pdr           0x0000000000000300       0x20 drivers/_timer.o
 .pdr           0x0000000000000320       0xe0 vm/_tlb.o
 .pdr           0x0000000000000400       0x60 init/main.o
 .pdr           0x0000000000000460       0x20 kernel/panic.o
 .pdr           0x0000000000000480       0xa0 kernel/kmalloc.o
 .pdr           0x0000000000000520       0x60 kernel/interrupt.o
 .pdr           0x0000000000000580      0x100 kernel/thread.o
 .pdr           0x0000000000000680       0x80 kernel/scheduler.o
 .pdr           0x0000000000000700       0x80 kernel/sleepq.o
 .pdr           0x0000000000000780       0xa0 kernel/semaphore.o
 .pdr           0x0000000000000820       0x40 kernel/exception.o
 .pdr           0x0000000000000860       0x20 kernel/halt.o
 .pdr           0x0000000000000880      0x100 lib/libc.o
 .pdr           0x0000000000000980       0xe0 lib/xprintf.o
 .pdr           0x0000000000000a60       0xa0 lib/bitmap.o
 .pdr           0x0000000000000b00       0x20 lib/debug.o
 .pdr           0x0000000000000b20       0x60 drivers/polltty.o
 .pdr           0x0000000000000b80       0x20 drivers/timer.o
 .pdr           0x0000000000000ba0       0x40 drivers/bootargs.o
 .pdr           0x0000000000000be0       0x40 drivers/device.o
 .pdr           0x0000000000000c20        0x0 drivers/drivers.o
 .pdr           0x0000000000000c20       0x80 drivers/tty.o
 .pdr           0x0000000000000ca0      0x100 drivers/disk.o
 .pdr           0x0000000000000da0       0x20 drivers/disksched.o
 .pdr           0x0000000000000dc0      0x180 drivers/metadev.o
 .pdr           0x0000000000000f40       0x20 proc/exception.o
 .pdr           0x0000000000000f60       0x20 proc/elf.o
 .pdr           0x0000000000000f80      0x140 proc/process.o
 .pdr           0x00000000000010c0       0x60 proc/syscall.o
 .pdr           0x0000000000001120       0xa0 proc/semaphore.o
 .pdr           0x00000000000011c0       0xc0 vm/vm.o
 .pdr           0x0000000000001280       0x60 vm/pagepool.o
 .pdr           0x00000000000012e0       0xa0 vm/tlb.o
 .pdr           0x0000000000001380      0x260 fs/vfs.o
 .pdr           0x00000000000015e0      0x120 fs/tfs.o
 .pdr           0x0000000000001700       0x20 fs/filesystems.o
 .pdr           0x0000000000001720      0x120 net/network.o
 .pdr           0x0000000000001840       0x40 net/protocols.o
 .pdr           0x0000000000001880       0x60 net/socket.o
 .pdr           0x00000000000018e0       0xa0 net/pop.o

.mdebug.abi32   0x0000000000000000        0x0
 .mdebug.abi32  0x0000000000000000        0x0 init/main.o
 .mdebug.abi32  0x0000000000000000        0x0 kernel/panic.o
 .mdebug.abi32  0x0000000000000000        0x0 kernel/kmalloc.o
 .mdebug.abi32  0x0000000000000000        0x0 kernel/interrupt.o
 .mdebug.abi32  0x0000000000000000        0x0 kernel/thread.o
 .mdebug.abi32  0x0000000000000000        0x0 kernel/scheduler.o
 .mdebug.abi32  0x0000000000000000        0x0 kernel/sleepq.o
 .mdebug.abi32  0x0000000000000000        0x0 kernel/semaphore.o
 .mdebug.abi32  0x0000000000000000        0x0 kernel/exception.o
 .mdebug.abi32  0x0000000000000000        0x0 kernel/halt.o
 .mdebug.abi32  0x0000000000000000        0x0 lib/libc.o
 .mdebug.abi32  0x0000000000000000        0x0 lib/xprintf.o
 .mdebug.abi32  0x0000000000000000        0x0 lib/bitmap.o
 .mdebug.abi32  0x0000000000000000        0x0 lib/debug.o
 .mdebug.abi32  0x0000000000000000        0x0 drivers/polltty.o
 .mdebug.abi32  0x0000000000000000        0x0 drivers/timer.o
 .mdebug.abi32  0x0000000000000000        0x0 drivers/bootargs.o
 .mdebug.abi32  0x0000000000000000        0x0 drivers/device.o
 .mdebug.abi32  0x0000000000000000        0x0 drivers/drivers.o
 .mdebug.abi32  0x0000000000000000        0x0 drivers/tty.o
 .mdebug.abi32  0x0000000000000000        0x0 drivers/disk.o
 .mdebug.abi32  0x0000000000000000        0x0 drivers/disksched.o
 .mdebug.abi32  0x0000000000000000        0x0 drivers/metadev.o
 .mdebug.abi32  0x0000000000000000        0x0 proc/exception.o
 .mdebug.abi32  0x0000000000000000        0x0 proc/elf.o
 .mdebug.abi32  0x0000000000000000        0x0 proc/process.o
 .mdebug.abi32  0x0000000000000000        0x0 proc/syscall.o
 .mdebug.abi32  0x0000000000000000        0x0 proc/semaphore.o
 .mdebug.abi32  0x0000000000000000        0x0 vm/vm.o
 .mdebug.abi32  0x0000000000000000        0x0 vm/pagepool.o
 .mdebug.abi32  0x0000000000000000        0x0 vm/tlb.o
 .mdebug.abi32  0x0000000000000000        0x0 fs/vfs.o
 .mdebug.abi32  0x0000000000000000        0x0 fs/tfs.o
 .mdebug.abi32  0x0000000000000000        0x0 fs/filesystems.o
 .mdebug.abi32  0x0000000000000000        0x0 net/network.o
 .mdebug.abi32  0x0000000000000000        0x0 net/protocols.o
 .mdebug.abi32  0x0000000000000000        0x0 net/socket.o
 .mdebug.abi32  0x0000000000000000        0x0 net/pop.o

.comment        0x0000000000000000       0x11
 .comment       0x0000000000000000       0x11 init/main.o
                                         0x12 (size before relaxing)
 .comment       0x0000000000000000       0x12 kernel/panic.o
 .comment       0x0000000000000000       0x12 kernel/kmalloc.o
 .comment       0x0000000000000000       0x12 kernel/interrupt.o
 .comment       0x0000000000000000       0x12 kernel/thread.o
 .comment       0x0000000000000000       0x12 kernel/scheduler.o
 .comment       0x0000000000000000       0x12 kernel/sleepq.o
 .comment       0x0000000000000000       0x12 kernel/semaphore.o
 .comment       0x0000000000000000       0x12 kernel/exception.o
 .comment       0x0000000000000000       0x12 kernel/halt.o
 .comment       0x0000000000000000       0x12 lib/libc.o
 .comment       0x0000000000000000       0x12 lib/xprintf.o
 .comment       0x0000000000000000       0x12 lib/bitmap.o
 .comment       0x0000000000000000       0x12 lib/debug.o
 .comment       0x0000000000000000       0x12 drivers/polltty.o
 .comment       0x0000000000000000       0x12 drivers/timer.o
 .comment       0x0000000000000000       0x12 drivers/bootargs.o
 .comment       0x0000000000000000       0x12 drivers/device.o
 .comment       0x0000000000000000       0x12 drivers/drivers.o
 .comment       0x0000000000000000       0x12 drivers/tty.o
 .comment       0x0000000000000000       0x12 drivers/disk.o
 .comment       0x0000000000000000       0x12 drivers/disksched.o
 .comment       0x0000000000000000       0x12 drivers/metadev.o
 .comment       0x0000000000000000       0x12 proc/exception.o
 .comment       0x0000000000000000       0x12 proc/elf.o
 .comment       0x0000000000000000       0x12 proc/process.o
 .comment       0x0000000000000000       0x12 proc/syscall.o
 .comment       0x0000000000000000       0x12 proc/semaphore.o
 .comment       0x0000000000000000       0x12 vm/vm.o
 .comment       0x0000000000000000       0x12 vm/pagepool.o
 .comment       0x0000000000000000       0x12 vm/tlb.o
 .comment       0x0000000000000000       0x12 fs/vfs.o
 .comment       0x0000000000000000       0x12 fs/tfs.o
 .comment       0x0000000000000000       0x12 fs/filesystems.o
 .comment       0x0000000000000000       0x12 net/network.o
 .comment       0x0000000000000000       0x12 net/protocols.o
 .comment       0x0000000000000000       0x12 net/socket.o
 .comment       0x0000000000000000       0x12 net/pop.o

.gnu.attributes
                0x0000000000000000       0x10
 .gnu.attributes
                0x0000000000000000       0x10 init/main.o
 .gnu.attributes
                0x0000000000000010       0x10 kernel/panic.o
 .gnu.attributes
                0x0000000000000020       0x10 kernel/kmalloc.o
 .gnu.attributes
                0x0000000000000030       0x10 kernel/interrupt.o
 .gnu.attributes
                0x0000000000000040       0x10 kernel/thread.o
 .gnu.attributes
                0x0000000000000050       0x10 kernel/scheduler.o
 .gnu.attributes
                0x0000000000000060       0x10 kernel/sleepq.o
 .gnu.attributes
                0x0000000000000070       0x10 kernel/semaphore.o
 .gnu.attributes
                0x0000000000000080       0x10 kernel/exception.o
 .gnu.attributes
                0x0000000000000090       0x10 kernel/halt.o
 .gnu.attributes
                0x00000000000000a0       0x10 lib/libc.o
 .gnu.attributes
                0x00000000000000b0       0x10 lib/xprintf.o
 .gnu.attributes
                0x00000000000000c0       0x10 lib/bitmap.o
 .gnu.attributes
                0x00000000000000d0       0x10 lib/debug.o
 .gnu.attributes
                0x00000000000000e0       0x10 drivers/polltty.o
 .gnu.attributes
                0x00000000000000f0       0x10 drivers/timer.o
 .gnu.attributes
                0x0000000000000100       0x10 drivers/bootargs.o
 .gnu.attributes
                0x0000000000000110       0x10 drivers/device.o
 .gnu.attributes
                0x0000000000000120       0x10 drivers/drivers.o
 .gnu.attributes
                0x0000000000000130       0x10 drivers/tty.o
 .gnu.attributes
                0x0000000000000140       0x10 drivers/disk.o
 .gnu.attributes
                0x0000000000000150       0x10 drivers/disksched.o
 .gnu.attributes
                0x0000000000000160       0x10 drivers/metadev.o
 .gnu.attributes
                0x0000000000000170       0x10 proc/exception.o
 .gnu.attributes
                0x0000000000000180       0x10 proc/elf.o
 .gnu.attributes
                0x0000000000000190       0x10 proc/process.o
 .gnu.attributes
                0x00000000000001a0       0x10 proc/syscall.o
 .gnu.attributes
                0x00000000000001b0       0x10 proc/semaphore.o
 .gnu.attributes
                0x00000000000001c0       0x10 vm/vm.o
 .gnu.attributes
                0x00000000000001d0       0x10 vm/pagepool.o
 .gnu.attributes
                0x00000000000001e0       0x10 vm/tlb.o
 .gnu.attributes
                0x00000000000001f0       0x10 fs/vfs.o
 .gnu.attributes
                0x0000000000000200       0x10 fs/tfs.o
 .gnu.attributes
                0x0000000000000210       0x10 fs/filesystems.o
 .gnu.attributes
                0x0000000000000220       0x10 net/network.o
 .gnu.attributes
                0x0000000000000230       0x10 net/protocols.o
 .gnu.attributes
                0x0000000000000240       0x10 net/socket.o
 .gnu.attributes
                0x0000000000000250       0x10 net/pop.o

.stab           0x0000000000000000     0x1560
 .stab          0x0000000000000000       0xfc init/_boot.o
 .stab          0x00000000000000fc      0x9d8 kernel/cswitch.o
                                        0x9e4 (size before relaxing)
 .stab          0x0000000000000ad4      0x3f0 kernel/_interrupt.o
                                        0x3fc (size before relaxing)
 .stab          0x0000000000000ec4       0xb4 kernel/_spinlock.o
                                         0xc0 (size before relaxing)
 .stab          0x0000000000000f78       0x54 kernel/idle.o
                                         0x60 (size before relaxing)
 .stab          0x0000000000000fcc       0xe4 lib/rand.o
                                         0xf0 (size before relaxing)
 .stab          0x00000000000010b0       0x6c drivers/_timer.o
                                         0x78 (size before relaxing)
 .stab          0x000000000000111c      0x444 vm/_tlb.o
                                        0x450 (size before relaxing)

.stabstr        0x0000000000000000      0x3a9
 .stabstr       0x0000000000000000      0x3a9 init/_boot.o

.debug_info     0x0000000000000000     0xe441
 .debug_info    0x0000000000000000      0xb36 init/main.o
 .debug_info    0x0000000000000b36      0x16e kernel/panic.o
 .debug_info    0x0000000000000ca4      0x33d kernel/kmalloc.o
 .debug_info    0x0000000000000fe1      0x725 kernel/interrupt.o
 .debug_info    0x0000000000001706      0x7ca kernel/thread.o
 .debug_info    0x0000000000001ed0      0x622 kernel/scheduler.o
 .debug_info    0x00000000000024f2      0x71f kernel/sleepq.o
 .debug_info    0x0000000000002c11      0x463 kernel/semaphore.o
 .debug_info    0x0000000000003074      0x42f kernel/exception.o
 .debug_info    0x00000000000034a3      0x10c kernel/halt.o
 .debug_info    0x00000000000035af      0x349 lib/libc.o
 .debug_info    0x00000000000038f8      0xa5e lib/xprintf.o
 .debug_info    0x0000000000004356      0x332 lib/bitmap.o
 .debug_info    0x0000000000004688      0x135 lib/debug.o
 .debug_info    0x00000000000047bd      0x1aa drivers/polltty.o
 .debug_info    0x0000000000004967       0xfe drivers/timer.o
 .debug_info    0x0000000000004a65      0x22b drivers/bootargs.o
 .debug_info    0x0000000000004c90      0x325 drivers/device.o
 .debug_info    0x0000000000004fb5      0x1c2 drivers/drivers.o
 .debug_info    0x0000000000005177      0x7c7 drivers/tty.o
 .debug_info    0x000000000000593e      0xaac drivers/disk.o
 .debug_info    0x00000000000063ea      0x1b1 drivers/disksched.o
 .debug_info    0x000000000000659b      0x791 drivers/metadev.o
 .debug_info    0x0000000000006d2c      0x58d proc/exception.o
 .debug_info    0x00000000000072b9      0x3d0 proc/elf.o
 .debug_info    0x0000000000007689     0x11e6 proc/process.o
 .debug_info    0x000000000000886f      0x610 proc/syscall.o
 .debug_info    0x0000000000008e7f      0x45e proc/semaphore.o
 .debug_info    0x00000000000092dd      0x49b vm/vm.o
 .debug_info    0x0000000000009778      0x49f vm/pagepool.o
 .debug_info    0x0000000000009c17      0x63b vm/tlb.o
 .debug_info    0x000000000000a252     0x14b7 fs/vfs.o
 .debug_info    0x000000000000b709      0xfa4 fs/tfs.o
 .debug_info    0x000000000000c6ad      0x501 fs/filesystems.o
 .debug_info    0x000000000000cbae      0x9de net/network.o
 .debug_info    0x000000000000d58c      0x170 net/protocols.o
 .debug_info    0x000000000000d6fc      0x3cb net/socket.o
 .debug_info    0x000000000000dac7      0x97a net/pop.o

.debug_abbrev   0x0000000000000000     0x43db
 .debug_abbrev  0x0000000000000000      0x1ef init/main.o
 .debug_abbrev  0x00000000000001ef       0xf6 kernel/panic.o
 .debug_abbrev  0x00000000000002e5      0x1be kernel/kmalloc.o
 .debug_abbrev  0x00000000000004a3      0x231 kernel/interrupt.o
 .debug_abbrev  0x00000000000006d4      0x2ac kernel/thread.o
 .debug_abbrev  0x0000000000000980      0x225 kernel/scheduler.o
 .debug_abbrev  0x0000000000000ba5      0x209 kernel/sleepq.o
 .debug_abbrev  0x0000000000000dae      0x1a6 kernel/semaphore.o
 .debug_abbrev  0x0000000000000f54      0x16a kernel/exception.o
 .debug_abbrev  0x00000000000010be       0xd6 kernel/halt.o
 .debug_abbrev  0x0000000000001194      0x147 lib/libc.o
 .debug_abbrev  0x00000000000012db      0x24a lib/xprintf.o
 .debug_abbrev  0x0000000000001525      0x160 lib/bitmap.o
 .debug_abbrev  0x0000000000001685       0xde lib/debug.o
 .debug_abbrev  0x0000000000001763       0xfb drivers/polltty.o
 .debug_abbrev  0x000000000000185e       0xc8 drivers/timer.o
 .debug_abbrev  0x0000000000001926      0x1ab drivers/bootargs.o
 .debug_abbrev  0x0000000000001ad1      0x1d2 drivers/device.o
 .debug_abbrev  0x0000000000001ca3       0xaa drivers/drivers.o
 .debug_abbrev  0x0000000000001d4d      0x275 drivers/tty.o
 .debug_abbrev  0x0000000000001fc2      0x311 drivers/disk.o
 .debug_abbrev  0x00000000000022d3       0xd6 drivers/disksched.o
 .debug_abbrev  0x00000000000023a9      0x254 drivers/metadev.o
 .debug_abbrev  0x00000000000025fd      0x1a0 proc/exception.o
 .debug_abbrev  0x000000000000279d      0x15c proc/elf.o
 .debug_abbrev  0x00000000000028f9      0x37b proc/process.o
 .debug_abbrev  0x0000000000002c74      0x190 proc/syscall.o
 .debug_abbrev  0x0000000000002e04      0x17a proc/semaphore.o
 .debug_abbrev  0x0000000000002f7e      0x1d4 vm/vm.o
 .debug_abbrev  0x0000000000003152      0x178 vm/pagepool.o
 .debug_abbrev  0x00000000000032ca      0x255 vm/tlb.o
 .debug_abbrev  0x000000000000351f      0x31e fs/vfs.o
 .debug_abbrev  0x000000000000383d      0x269 fs/tfs.o
 .debug_abbrev  0x0000000000003aa6      0x154 fs/filesystems.o
 .debug_abbrev  0x0000000000003bfa      0x34d net/network.o
 .debug_abbrev  0x0000000000003f47       0xf3 net/protocols.o
 .debug_abbrev  0x000000000000403a      0x196 net/socket.o
 .debug_abbrev  0x00000000000041d0      0x20b net/pop.o

.debug_loc      0x0000000000000000     0x74dc
 .debug_loc     0x0000000000000000      0x115 init/main.o
 .debug_loc     0x0000000000000115       0x97 kernel/panic.o
 .debug_loc     0x00000000000001ac       0xed kernel/kmalloc.o
 .debug_loc     0x0000000000000299      0x23c kernel/interrupt.o
 .debug_loc     0x00000000000004d5      0x238 kernel/thread.o
 .debug_loc     0x000000000000070d      0x186 kernel/scheduler.o
 .debug_loc     0x0000000000000893      0x317 kernel/sleepq.o
 .debug_loc     0x0000000000000baa      0x228 kernel/semaphore.o
 .debug_loc     0x0000000000000dd2       0x60 kernel/exception.o
 .debug_loc     0x0000000000000e32      0x5e9 lib/libc.o
 .debug_loc     0x000000000000141b     0x136b lib/xprintf.o
 .debug_loc     0x0000000000002786      0x59e lib/bitmap.o
 .debug_loc     0x0000000000002d24       0x4d lib/debug.o
 .debug_loc     0x0000000000002d71       0x43 drivers/polltty.o
 .debug_loc     0x0000000000002db4       0x4a drivers/timer.o
 .debug_loc     0x0000000000002dfe      0x24f drivers/bootargs.o
 .debug_loc     0x000000000000304d      0x123 drivers/device.o
 .debug_loc     0x0000000000003170      0x3ed drivers/tty.o
 .debug_loc     0x000000000000355d      0x4da drivers/disk.o
 .debug_loc     0x0000000000003a37      0x3bb drivers/metadev.o
 .debug_loc     0x0000000000003df2       0x55 proc/exception.o
 .debug_loc     0x0000000000003e47       0xb8 proc/elf.o
 .debug_loc     0x0000000000003eff      0x62b proc/process.o
 .debug_loc     0x000000000000452a      0x3a6 proc/syscall.o
 .debug_loc     0x00000000000048d0      0x192 proc/semaphore.o
 .debug_loc     0x0000000000004a62      0x2a7 vm/vm.o
 .debug_loc     0x0000000000004d09      0x143 vm/pagepool.o
 .debug_loc     0x0000000000004e4c       0xe6 vm/tlb.o
 .debug_loc     0x0000000000004f32      0xb9c fs/vfs.o
 .debug_loc     0x0000000000005ace      0xb4a fs/tfs.o
 .debug_loc     0x0000000000006618       0xa7 fs/filesystems.o
 .debug_loc     0x00000000000066bf      0x680 net/network.o
 .debug_loc     0x0000000000006d3f       0x7f net/protocols.o
 .debug_loc     0x0000000000006dbe      0x188 net/socket.o
 .debug_loc     0x0000000000006f46      0x596 net/pop.o

.debug_aranges  0x0000000000000000      0x4b8
 .debug_aranges
                0x0000000000000000       0x20 init/main.o
 .debug_aranges
                0x0000000000000020       0x20 kernel/panic.o
 .debug_aranges
                0x0000000000000040       0x20 kernel/kmalloc.o
 .debug_aranges
                0x0000000000000060       0x20 kernel/interrupt.o
 .debug_aranges
                0x0000000000000080       0x20 kernel/thread.o
 .debug_aranges
                0x00000000000000a0       0x20 kernel/scheduler.o
 .debug_aranges
                0x00000000000000c0       0x20 kernel/sleepq.o
 .debug_aranges
                0x00000000000000e0       0x20 kernel/semaphore.o
 .debug_aranges
                0x0000000000000100       0x20 kernel/exception.o
 .debug_aranges
                0x0000000000000120       0x20 kernel/halt.o
 .debug_aranges
                0x0000000000000140       0x20 lib/libc.o
 .debug_aranges
                0x0000000000000160       0x20 lib/xprintf.o
 .debug_aranges
                0x0000000000000180       0x20 lib/bitmap.o
 .debug_aranges
                0x00000000000001a0       0x20 lib/debug.o
 .debug_aranges
                0x00000000000001c0       0x20 drivers/polltty.o
 .debug_aranges
                0x00000000000001e0       0x20 drivers/timer.o
 .debug_aranges
                0x0000000000000200       0x20 drivers/bootargs.o
 .debug_aranges
                0x0000000000000220       0x20 drivers/device.o
 .debug_aranges
                0x0000000000000240       0x18 drivers/drivers.o
 .debug_aranges
                0x0000000000000258       0x20 drivers/tty.o
 .debug_aranges
                0x0000000000000278       0x20 drivers/disk.o
 .debug_aranges
                0x0000000000000298       0x20 drivers/disksched.o
 .debug_aranges
                0x00000000000002b8       0x20 drivers/metadev.o
 .debug_aranges
                0x00000000000002d8       0x20 proc/exception.o
 .debug_aranges
                0x00000000000002f8       0x20 proc/elf.o
 .debug_aranges
                0x0000000000000318       0x20 proc/process.o
 .debug_aranges
                0x0000000000000338       0x20 proc/syscall.o
 .debug_aranges
                0x0000000000000358       0x20 proc/semaphore.o
 .debug_aranges
                0x0000000000000378       0x20 vm/vm.o
 .debug_aranges
                0x0000000000000398       0x20 vm/pagepool.o
 .debug_aranges
                0x00000000000003b8       0x20 vm/tlb.o
 .debug_aranges
                0x00000000000003d8       0x20 fs/vfs.o
 .debug_aranges
                0x00000000000003f8       0x20 fs/tfs.o
 .debug_aranges
                0x0000000000000418       0x20 fs/filesystems.o
 .debug_aranges
                0x0000000000000438       0x20 net/network.o
 .debug_aranges
                0x0000000000000458       0x20 net/protocols.o
 .debug_aranges
                0x0000000000000478       0x20 net/socket.o
 .debug_aranges
                0x0000000000000498       0x20 net/pop.o

.debug_ranges   0x0000000000000000      0x360
 .debug_ranges  0x0000000000000000       0x20 init/main.o
 .debug_ranges  0x0000000000000020       0x28 kernel/thread.o
 .debug_ranges  0x0000000000000048       0x20 kernel/scheduler.o
 .debug_ranges  0x0000000000000068      0x128 lib/xprintf.o
 .debug_ranges  0x0000000000000190       0x18 lib/bitmap.o
 .debug_ranges  0x00000000000001a8       0x20 drivers/device.o
 .debug_ranges  0x00000000000001c8       0x40 drivers/tty.o
 .debug_ranges  0x0000000000000208       0x20 drivers/disk.o
 .debug_ranges  0x0000000000000228       0x30 proc/process.o
 .debug_ranges  0x0000000000000258       0x40 fs/vfs.o
 .debug_ranges  0x0000000000000298       0xb0 net/network.o
 .debug_ranges  0x0000000000000348       0x18 net/socket.o

.debug_line     0x0000000000000000     0x3670
 .debug_line    0x0000000000000000      0x21b init/main.o
 .debug_line    0x000000000000021b       0x90 kernel/panic.o
 .debug_line    0x00000000000002ab       0xe5 kernel/kmalloc.o
 .debug_line    0x0000000000000390      0x1a7 kernel/interrupt.o
 .debug_line    0x0000000000000537      0x1cd kernel/thread.o
 .debug_line    0x0000000000000704      0x177 kernel/scheduler.o
 .debug_line    0x000000000000087b      0x1ad kernel/sleepq.o
 .debug_line    0x0000000000000a28      0x11e kernel/semaphore.o
 .debug_line    0x0000000000000b46       0xd1 kernel/exception.o
 .debug_line    0x0000000000000c17       0x84 kernel/halt.o
 .debug_line    0x0000000000000c9b      0x174 lib/libc.o
 .debug_line    0x0000000000000e0f      0x2eb lib/xprintf.o
 .debug_line    0x00000000000010fa      0x129 lib/bitmap.o
 .debug_line    0x0000000000001223       0xb0 lib/debug.o
 .debug_line    0x00000000000012d3       0x95 drivers/polltty.o
 .debug_line    0x0000000000001368       0x6e drivers/timer.o
 .debug_line    0x00000000000013d6       0xf6 drivers/bootargs.o
 .debug_line    0x00000000000014cc       0xe5 drivers/device.o
 .debug_line    0x00000000000015b1       0x70 drivers/drivers.o
 .debug_line    0x0000000000001621      0x1f8 drivers/tty.o
 .debug_line    0x0000000000001819      0x1ed drivers/disk.o
 .debug_line    0x0000000000001a06       0x9f drivers/disksched.o
 .debug_line    0x0000000000001aa5      0x185 drivers/metadev.o
 .debug_line    0x0000000000001c2a       0xf2 proc/exception.o
 .debug_line    0x0000000000001d1c       0xd4 proc/elf.o
 .debug_line    0x0000000000001df0      0x30d proc/process.o
 .debug_line    0x00000000000020fd      0x15b proc/syscall.o
 .debug_line    0x0000000000002258      0x118 proc/semaphore.o
 .debug_line    0x0000000000002370      0x17b vm/vm.o
 .debug_line    0x00000000000024eb      0x111 vm/pagepool.o
 .debug_line    0x00000000000025fc       0xf8 vm/tlb.o
 .debug_line    0x00000000000026f4      0x39a fs/vfs.o
 .debug_line    0x0000000000002a8e      0x3f9 fs/tfs.o
 .debug_line    0x0000000000002e87       0xea fs/filesystems.o
 .debug_line    0x0000000000002f71      0x20c net/network.o
 .debug_line    0x000000000000317d       0x92 net/protocols.o
 .debug_line    0x000000000000320f      0x173 net/socket.o
 .debug_line    0x0000000000003382      0x2ee net/pop.o

.debug_str      0x0000000000000000     0x1cd6
 .debug_str     0x0000000000000000      0x349 init/main.o
                                        0x3b0 (size before relaxing)
 .debug_str     0x0000000000000349       0x45 kernel/panic.o
                                        0x140 (size before relaxing)
 .debug_str     0x000000000000038e       0xb4 kernel/kmalloc.o
                                        0x1e6 (size before relaxing)
 .debug_str     0x0000000000000442      0x225 kernel/interrupt.o
                                        0x400 (size before relaxing)
 .debug_str     0x0000000000000667      0x13a kernel/thread.o
                                        0x436 (size before relaxing)
 .debug_str     0x00000000000007a1       0x72 kernel/scheduler.o
                                        0x3cf (size before relaxing)
 .debug_str     0x0000000000000813       0x8e kernel/sleepq.o
                                        0x3ae (size before relaxing)
 .debug_str     0x00000000000008a1       0x8f kernel/semaphore.o
                                        0x249 (size before relaxing)
 .debug_str     0x0000000000000930       0xa3 kernel/exception.o
                                        0x1d3 (size before relaxing)
 .debug_str     0x00000000000009d3       0x19 kernel/halt.o
                                         0xfa (size before relaxing)
 .debug_str     0x00000000000009ec       0x74 lib/libc.o
                                        0x164 (size before relaxing)
 .debug_str     0x0000000000000a60       0x9d lib/xprintf.o
                                        0x218 (size before relaxing)
 .debug_str     0x0000000000000afd       0x6e lib/bitmap.o
                                        0x142 (size before relaxing)
 .debug_str     0x0000000000000b6b       0x27 lib/debug.o
                                        0x11e (size before relaxing)
 .debug_str     0x0000000000000b92       0x3c drivers/polltty.o
                                        0x17d (size before relaxing)
 .debug_str     0x0000000000000bce       0x21 drivers/timer.o
                                        0x142 (size before relaxing)
 .debug_str     0x0000000000000bef       0x5c drivers/bootargs.o
                                        0x155 (size before relaxing)
 .debug_str     0x0000000000000c4b       0x74 drivers/device.o
                                        0x1de (size before relaxing)
 .debug_str     0x0000000000000cbf       0x12 drivers/drivers.o
                                        0x18e (size before relaxing)
 .debug_str     0x0000000000000cd1       0xa4 drivers/tty.o
                                        0x32c (size before relaxing)
 .debug_str     0x0000000000000d75      0x195 drivers/disk.o
                                        0x454 (size before relaxing)
 .debug_str     0x0000000000000f0a       0x14 drivers/disksched.o
                                        0x1ad (size before relaxing)
 .debug_str     0x0000000000000f1e      0x121 drivers/metadev.o
                                        0x37c (size before relaxing)
 .debug_str     0x000000000000103f       0x7d proc/exception.o
                                        0x342 (size before relaxing)
 .debug_str     0x00000000000010bc      0x1a5 proc/elf.o
                                        0x278 (size before relaxing)
 .debug_str     0x0000000000001261      0x1ed proc/process.o
                                        0x648 (size before relaxing)
 .debug_str     0x000000000000144e       0x89 proc/syscall.o
                                        0x2bb (size before relaxing)
 .debug_str     0x00000000000014d7       0x33 proc/semaphore.o
                                        0x26f (size before relaxing)
 .debug_str     0x000000000000150a       0x40 vm/vm.o
                                        0x214 (size before relaxing)
 .debug_str     0x000000000000154a       0x70 vm/pagepool.o
                                        0x2a3 (size before relaxing)
 .debug_str     0x00000000000015ba       0x31 vm/tlb.o
                                        0x35a (size before relaxing)
 .debug_str     0x00000000000015eb      0x1b9 fs/vfs.o
                                        0x4fd (size before relaxing)
 .debug_str     0x00000000000017a4       0xd2 fs/tfs.o
                                        0x47f (size before relaxing)
 .debug_str     0x0000000000001876       0x34 fs/filesystems.o
                                        0x2fb (size before relaxing)
 .debug_str     0x00000000000018aa      0x222 net/network.o
                                        0x43b (size before relaxing)
 .debug_str     0x0000000000001acc       0x36 net/protocols.o
                                        0x166 (size before relaxing)
 .debug_str     0x0000000000001b02       0xa1 net/socket.o
                                        0x225 (size before relaxing)
 .debug_str     0x0000000000001ba3      0x133 net/pop.o
                                        0x3b9 (size before relaxing)

.debug_frame    0x0000000000000000     0x1b28
 .debug_frame   0x0000000000000000       0x90 init/main.o
 .debug_frame   0x0000000000000090       0x38 kernel/panic.o
 .debug_frame   0x00000000000000c8       0x9c kernel/kmalloc.o
 .debug_frame   0x0000000000000164       0x98 kernel/interrupt.o
 .debug_frame   0x00000000000001fc      0x120 kernel/thread.o
 .debug_frame   0x000000000000031c       0xa4 kernel/scheduler.o
 .debug_frame   0x00000000000003c0       0xc8 kernel/sleepq.o
 .debug_frame   0x0000000000000488       0xc8 kernel/semaphore.o
 .debug_frame   0x0000000000000550       0x50 kernel/exception.o
 .debug_frame   0x00000000000005a0       0x2c kernel/halt.o
 .debug_frame   0x00000000000005cc       0xb8 lib/libc.o
 .debug_frame   0x0000000000000684      0x118 lib/xprintf.o
 .debug_frame   0x000000000000079c       0xe4 lib/bitmap.o
 .debug_frame   0x0000000000000880       0x30 lib/debug.o
 .debug_frame   0x00000000000008b0       0x40 drivers/polltty.o
 .debug_frame   0x00000000000008f0       0x30 drivers/timer.o
 .debug_frame   0x0000000000000920       0x4c drivers/bootargs.o
 .debug_frame   0x000000000000096c       0x54 drivers/device.o
 .debug_frame   0x00000000000009c0       0xd4 drivers/tty.o
 .debug_frame   0x0000000000000a94      0x144 drivers/disk.o
 .debug_frame   0x0000000000000bd8       0x20 drivers/disksched.o
 .debug_frame   0x0000000000000bf8      0x17c drivers/metadev.o
 .debug_frame   0x0000000000000d74       0x34 proc/exception.o
 .debug_frame   0x0000000000000da8       0x48 proc/elf.o
 .debug_frame   0x0000000000000df0      0x198 proc/process.o
 .debug_frame   0x0000000000000f88       0x84 proc/syscall.o
 .debug_frame   0x000000000000100c       0xcc proc/semaphore.o
 .debug_frame   0x00000000000010d8       0xf0 vm/vm.o
 .debug_frame   0x00000000000011c8       0x8c vm/pagepool.o
 .debug_frame   0x0000000000001254       0x90 vm/tlb.o
 .debug_frame   0x00000000000012e4      0x344 fs/vfs.o
 .debug_frame   0x0000000000001628      0x1d0 fs/tfs.o
 .debug_frame   0x00000000000017f8       0x40 fs/filesystems.o
 .debug_frame   0x0000000000001838      0x110 net/network.o
 .debug_frame   0x0000000000001948       0x40 net/protocols.o
 .debug_frame   0x0000000000001988       0xa4 net/socket.o
 .debug_frame   0x0000000000001a2c       0xfc net/pop.o

Cross Reference Table

Symbol                                            File
DEBUG                                             lib/debug.o
                                                  init/main.o
KERNEL_ENDS_HERE                                  kernel/kmalloc.o
_cswitch_switch                                   kernel/cswitch.o
_cswitch_to_userland                              kernel/cswitch.o
                                                  kernel/thread.o
_cswitch_vector_code                              kernel/cswitch.o
                                                  kernel/interrupt.o
_get_rand                                         lib/rand.o
                                                  kernel/scheduler.o
_idle_thread_wait_loop                            kernel/idle.o
                                                  kernel/thread.o
                                                  init/_boot.o
_interrupt_clear_EXL                              kernel/_interrupt.o
                                                  proc/exception.o
                                                  kernel/exception.o
_interrupt_clear_bootstrap                        kernel/_interrupt.o
                                                  init/main.o
                                                  init/_boot.o
_interrupt_clear_sw                               kernel/_interrupt.o
_interrupt_clear_sw0                              kernel/_interrupt.o
                                                  kernel/interrupt.o
_interrupt_clear_sw1                              kernel/_interrupt.o
_interrupt_disable                                kernel/_interrupt.o
                                                  vm/pagepool.o
                                                  proc/semaphore.o
                                                  proc/process.o
                                                  proc/exception.o
                                                  drivers/metadev.o
                                                  drivers/disk.o
                                                  drivers/tty.o
                                                  drivers/timer.o
                                                  lib/xprintf.o
                                                  kernel/exception.o
                                                  kernel/semaphore.o
                                                  kernel/sleepq.o
                                                  kernel/scheduler.o
                                                  kernel/thread.o
                                                  kernel/panic.o
_interrupt_enable                                 kernel/_interrupt.o
                                                  proc/exception.o
                                                  kernel/thread.o
                                                  init/main.o
                                                  init/_boot.o
_interrupt_generate_sw0                           kernel/_interrupt.o
                                                  kernel/thread.o
                                                  init/_boot.o
_interrupt_get_state                              kernel/_interrupt.o
                                                  kernel/sleepq.o
_interrupt_getcpu                                 kernel/_interrupt.o
                                                  drivers/metadev.o
                                                  kernel/scheduler.o
                                                  kernel/thread.o
                                                  kernel/interrupt.o
                                                  kernel/panic.o
_interrupt_set_EXL                                kernel/_interrupt.o
                                                  proc/exception.o
                                                  kernel/exception.o
_interrupt_set_state                              kernel/_interrupt.o
                                                  vm/pagepool.o
                                                  proc/semaphore.o
                                                  proc/process.o
                                                  drivers/metadev.o
                                                  drivers/disk.o
                                                  drivers/tty.o
                                                  drivers/timer.o
                                                  lib/xprintf.o
                                                  kernel/exception.o
                                                  kernel/semaphore.o
                                                  kernel/sleepq.o
                                                  kernel/scheduler.o
                                                  kernel/thread.o
_kernel_panic                                     kernel/panic.o
                                                  net/pop.o
                                                  net/socket.o
                                                  net/network.o
                                                  fs/vfs.o
                                                  vm/tlb.o
                                                  vm/pagepool.o
                                                  vm/vm.o
                                                  proc/syscall.o
                                                  proc/process.o
                                                  proc/exception.o
                                                  drivers/metadev.o
                                                  drivers/disk.o
                                                  drivers/tty.o
                                                  lib/bitmap.o
                                                  kernel/exception.o
                                                  kernel/semaphore.o
                                                  kernel/sleepq.o
                                                  kernel/scheduler.o
                                                  kernel/thread.o
                                                  kernel/interrupt.o
                                                  kernel/kmalloc.o
                                                  init/main.o
_set_rand_seed                                    lib/rand.o
                                                  init/main.o
_start                                            init/_boot.o
_timer_set_ticks                                  drivers/_timer.o
                                                  drivers/timer.o
_tlb_get_exception_state                          vm/_tlb.o
                                                  vm/tlb.o
                                                  kernel/exception.o
_tlb_get_maxindex                                 vm/_tlb.o
                                                  vm/tlb.o
                                                  proc/process.o
_tlb_probe                                        vm/_tlb.o
_tlb_read                                         vm/_tlb.o
_tlb_set_asid                                     vm/_tlb.o
                                                  vm/tlb.o
                                                  proc/process.o
_tlb_write                                        vm/_tlb.o
                                                  vm/tlb.o
_tlb_write_random                                 vm/_tlb.o
                                                  vm/tlb.o
alloc_process_id                                  proc/process.o
atoi                                              lib/libc.o
                                                  init/main.o
bitmap_findnset                                   lib/bitmap.o
                                                  fs/tfs.o
                                                  vm/pagepool.o
bitmap_get                                        lib/bitmap.o
                                                  fs/tfs.o
                                                  vm/pagepool.o
bitmap_init                                       lib/bitmap.o
                                                  vm/pagepool.o
bitmap_set                                        lib/bitmap.o
                                                  fs/tfs.o
                                                  vm/pagepool.o
bitmap_sizeof                                     lib/bitmap.o
                                                  vm/pagepool.o
bootargs_get                                      drivers/bootargs.o
                                                  lib/debug.o
                                                  init/main.o
bootargs_init                                     drivers/bootargs.o
                                                  init/main.o
cpustatus_count                                   drivers/metadev.o
                                                  init/main.o
cpustatus_generate_irq                            drivers/metadev.o
cpustatus_init                                    drivers/metadev.o
                                                  drivers/drivers.o
cpustatus_interrupt_handle                        drivers/metadev.o
device_get                                        drivers/device.o
                                                  net/network.o
                                                  fs/vfs.o
                                                  proc/syscall.o
                                                  init/main.o
device_init                                       drivers/device.o
                                                  init/main.o
disk_init                                         drivers/disk.o
                                                  drivers/drivers.o
disksched_schedule                                drivers/disksched.o
                                                  drivers/disk.o
drivers_available                                 drivers/drivers.o
                                                  drivers/device.o
elf_parse_header                                  proc/elf.o
                                                  proc/process.o
filesystems_try_all                               fs/filesystems.o
                                                  fs/vfs.o
finish_given_process                              proc/process.o
halt_kernel                                       kernel/halt.o
                                                  proc/syscall.o
                                                  init/main.o
init                                              init/main.o
                                                  init/_boot.o
init_startup_fallback                             init/main.o
init_startup_thread                               init/main.o
interrupt_handle                                  kernel/interrupt.o
                                                  kernel/cswitch.o
interrupt_init                                    kernel/interrupt.o
                                                  init/main.o
interrupt_register                                kernel/interrupt.o
                                                  drivers/metadev.o
                                                  drivers/disk.o
                                                  drivers/tty.o
interrupt_stacks                                  kernel/interrupt.o
                                                  kernel/cswitch.o
kernel_bootstrap_finished                         init/main.o
                                                  init/_boot.o
kernel_exception_handle                           kernel/exception.o
                                                  kernel/cswitch.o
kmalloc                                           kernel/kmalloc.o
                                                  vm/pagepool.o
                                                  drivers/metadev.o
                                                  drivers/disk.o
                                                  drivers/tty.o
                                                  drivers/bootargs.o
                                                  kernel/interrupt.o
kmalloc_disable                                   kernel/kmalloc.o
                                                  vm/vm.o
kmalloc_get_numpages                              kernel/kmalloc.o
                                                  vm/pagepool.o
kmalloc_get_reserved_pages                        kernel/kmalloc.o
                                                  vm/pagepool.o
kmalloc_init                                      kernel/kmalloc.o
                                                  init/main.o
kprintf                                           lib/xprintf.o
                                                  net/network.o
                                                  fs/filesystems.o
                                                  fs/tfs.o
                                                  fs/vfs.o
                                                  vm/tlb.o
                                                  vm/pagepool.o
                                                  vm/vm.o
                                                  drivers/metadev.o
                                                  drivers/disk.o
                                                  drivers/device.o
                                                  kernel/halt.o
                                                  kernel/exception.o
                                                  kernel/interrupt.o
                                                  kernel/kmalloc.o
                                                  kernel/panic.o
                                                  init/main.o
kprintf_slock                                     lib/xprintf.o
                                                  drivers/tty.o
kread                                             lib/libc.o
kvprintf                                          lib/xprintf.o
                                                  lib/debug.o
kwrite                                            lib/libc.o
                                                  init/main.o
memcopy                                           lib/libc.o
                                                  net/pop.o
                                                  net/network.o
                                                  fs/tfs.o
meminfo_get_pages                                 drivers/metadev.o
meminfo_init                                      drivers/metadev.o
                                                  drivers/drivers.o
memoryset                                         lib/libc.o
                                                  fs/tfs.o
                                                  proc/process.o
                                                  proc/elf.o
network_free_frame                                net/network.o
                                                  net/pop.o
network_get_broadcast_address                     net/network.o
network_get_loopback_address                      net/network.o
network_get_mtu                                   net/network.o
                                                  net/pop.o
network_get_source_address                        net/network.o
network_init                                      net/network.o
                                                  init/main.o
network_interfaces                                net/network.o
network_protocols                                 net/protocols.o
network_send                                      net/network.o
                                                  net/pop.o
open_sockets                                      net/socket.o
                                                  net/pop.o
open_sockets_sem                                  net/socket.o
                                                  net/pop.o
pagepool_free_phys_page                           vm/pagepool.o
                                                  net/network.o
                                                  fs/tfs.o
                                                  vm/vm.o
pagepool_get_phys_page                            vm/pagepool.o
                                                  net/pop.o
                                                  net/network.o
                                                  fs/tfs.o
                                                  vm/vm.o
                                                  proc/process.o
pagepool_init                                     vm/pagepool.o
                                                  vm/vm.o
polltty_getchar                                   drivers/polltty.o
                                                  lib/libc.o
polltty_init                                      drivers/polltty.o
                                                  init/main.o
polltty_putchar                                   drivers/polltty.o
                                                  lib/xprintf.o
                                                  lib/libc.o
pop_init                                          net/pop.o
                                                  net/protocols.o
pop_push_frame                                    net/pop.o
                                                  net/protocols.o
process_finish                                    proc/process.o
                                                  proc/syscall.o
process_get_current_process                       proc/process.o
process_get_current_process_entry                 proc/process.o
process_init                                      proc/process.o
                                                  init/main.o
process_join                                      proc/process.o
                                                  proc/syscall.o
                                                  init/main.o
process_reset                                     proc/process.o
process_spawn                                     proc/process.o
                                                  proc/syscall.o
                                                  init/main.o
process_start                                     proc/process.o
process_table                                     proc/process.o
process_table_slock                               proc/process.o
protocols_get_frame_handler                       net/protocols.o
                                                  net/network.o
protocols_init                                    net/protocols.o
                                                  net/network.o
rtc_get_clockspeed                                drivers/metadev.o
rtc_get_msec                                      drivers/metadev.o
                                                  net/pop.o
rtc_init                                          drivers/metadev.o
                                                  drivers/drivers.o
scheduler_add_ready                               kernel/scheduler.o
                                                  kernel/thread.o
scheduler_add_to_ready_list                       kernel/scheduler.o
                                                  kernel/sleepq.o
scheduler_current_thread                          kernel/scheduler.o
                                                  kernel/thread.o
                                                  kernel/interrupt.o
                                                  kernel/cswitch.o
scheduler_init                                    kernel/scheduler.o
                                                  init/main.o
scheduler_schedule                                kernel/scheduler.o
                                                  kernel/interrupt.o
semaphore_P                                       kernel/semaphore.o
                                                  net/pop.o
                                                  net/socket.o
                                                  fs/tfs.o
                                                  fs/vfs.o
                                                  proc/semaphore.o
                                                  drivers/disk.o
semaphore_V                                       kernel/semaphore.o
                                                  net/pop.o
                                                  net/socket.o
                                                  fs/tfs.o
                                                  fs/vfs.o
                                                  proc/semaphore.o
                                                  drivers/disk.o
semaphore_create                                  kernel/semaphore.o
                                                  net/pop.o
                                                  net/socket.o
                                                  fs/tfs.o
                                                  fs/vfs.o
                                                  proc/semaphore.o
                                                  drivers/disk.o
semaphore_destroy                                 kernel/semaphore.o
                                                  net/socket.o
                                                  fs/tfs.o
                                                  proc/semaphore.o
                                                  drivers/disk.o
semaphore_init                                    kernel/semaphore.o
                                                  init/main.o
shutdown                                          drivers/metadev.o
                                                  kernel/halt.o
                                                  kernel/panic.o
shutdown_init                                     drivers/metadev.o
                                                  drivers/drivers.o
sleepq_add                                        kernel/sleepq.o
                                                  proc/process.o
                                                  drivers/tty.o
                                                  kernel/semaphore.o
sleepq_init                                       kernel/sleepq.o
                                                  init/main.o
sleepq_wake                                       kernel/sleepq.o
                                                  proc/process.o
                                                  kernel/semaphore.o
sleepq_wake_all                                   kernel/sleepq.o
                                                  drivers/tty.o
snprintf                                          lib/xprintf.o
                                                  init/main.o
socket_close                                      net/socket.o
socket_init                                       net/socket.o
                                                  net/network.o
socket_open                                       net/socket.o
socket_recvfrom                                   net/pop.o
socket_sendto                                     net/pop.o
spinlock_acquire                                  kernel/_spinlock.o
                                                  vm/pagepool.o
                                                  proc/semaphore.o
                                                  proc/process.o
                                                  drivers/metadev.o
                                                  drivers/disk.o
                                                  drivers/tty.o
                                                  lib/xprintf.o
                                                  kernel/semaphore.o
                                                  kernel/sleepq.o
                                                  kernel/scheduler.o
                                                  kernel/thread.o
spinlock_release                                  kernel/_spinlock.o
                                                  vm/pagepool.o
                                                  proc/semaphore.o
                                                  proc/process.o
                                                  drivers/metadev.o
                                                  drivers/disk.o
                                                  drivers/tty.o
                                                  lib/xprintf.o
                                                  kernel/semaphore.o
                                                  kernel/sleepq.o
                                                  kernel/scheduler.o
                                                  kernel/thread.o
spinlock_reset                                    kernel/_spinlock.o
                                                  vm/pagepool.o
                                                  proc/semaphore.o
                                                  proc/process.o
                                                  drivers/metadev.o
                                                  drivers/disk.o
                                                  drivers/tty.o
                                                  kernel/semaphore.o
                                                  kernel/sleepq.o
                                                  kernel/thread.o
stringcmp                                         lib/libc.o
                                                  fs/tfs.o
                                                  fs/vfs.o
                                                  proc/semaphore.o
stringcopy                                        lib/libc.o
                                                  fs/tfs.o
                                                  fs/vfs.o
                                                  proc/semaphore.o
                                                  proc/process.o
strlen                                            lib/libc.o
                                                  proc/semaphore.o
                                                  drivers/bootargs.o
syscall_handle                                    proc/syscall.o
                                                  proc/exception.o
syscall_read                                      proc/syscall.o
syscall_sem_destroy                               proc/semaphore.o
                                                  proc/syscall.o
syscall_sem_open                                  proc/semaphore.o
                                                  proc/syscall.o
syscall_sem_p                                     proc/semaphore.o
                                                  proc/syscall.o
syscall_sem_v                                     proc/semaphore.o
                                                  proc/syscall.o
syscall_write                                     proc/syscall.o
tfs_close                                         fs/tfs.o
tfs_create                                        fs/tfs.o
tfs_getfree                                       fs/tfs.o
tfs_init                                          fs/tfs.o
                                                  fs/filesystems.o
tfs_open                                          fs/tfs.o
tfs_read                                          fs/tfs.o
tfs_remove                                        fs/tfs.o
tfs_unmount                                       fs/tfs.o
tfs_write                                         fs/tfs.o
thread_create                                     kernel/thread.o
                                                  net/pop.o
                                                  net/network.o
                                                  proc/process.o
                                                  init/main.o
thread_finish                                     kernel/thread.o
                                                  proc/process.o
thread_get_current_thread                         kernel/thread.o
                                                  proc/process.o
                                                  kernel/semaphore.o
                                                  kernel/sleepq.o
thread_get_current_thread_entry                   kernel/thread.o
                                                  vm/tlb.o
                                                  proc/process.o
                                                  proc/exception.o
                                                  kernel/interrupt.o
thread_goto_userland                              kernel/thread.o
                                                  proc/process.o
thread_run                                        kernel/thread.o
                                                  net/pop.o
                                                  net/network.o
                                                  proc/process.o
                                                  init/main.o
thread_stack_areas                                kernel/thread.o
thread_switch                                     kernel/thread.o
                                                  proc/process.o
                                                  drivers/tty.o
                                                  kernel/semaphore.o
                                                  init/main.o
thread_table                                      kernel/thread.o
                                                  kernel/sleepq.o
                                                  kernel/scheduler.o
                                                  kernel/cswitch.o
thread_table_init                                 kernel/thread.o
                                                  init/main.o
thread_table_slock                                kernel/thread.o
                                                  kernel/sleepq.o
                                                  kernel/scheduler.o
timer_set_ticks                                   drivers/timer.o
                                                  kernel/scheduler.o
tlb_fill                                          vm/tlb.o
                                                  proc/process.o
                                                  kernel/interrupt.o
tlb_load_exception                                vm/tlb.o
                                                  proc/exception.o
tlb_modified_exception                            vm/tlb.o
                                                  proc/exception.o
tlb_store_exception                               vm/tlb.o
                                                  proc/exception.o
tty_init                                          drivers/tty.o
                                                  drivers/drivers.o
tty_interrupt_handle                              drivers/tty.o
user_exception_handle                             proc/exception.o
                                                  kernel/cswitch.o
usr_sem_init                                      proc/semaphore.o
                                                  init/main.o
vfs_close                                         fs/vfs.o
vfs_create                                        fs/vfs.o
vfs_deinit                                        fs/vfs.o
                                                  kernel/halt.o
vfs_getfree                                       fs/vfs.o
vfs_init                                          fs/vfs.o
                                                  init/main.o
vfs_mount                                         fs/vfs.o
vfs_mount_all                                     fs/vfs.o
                                                  init/main.o
vfs_mount_fs                                      fs/vfs.o
vfs_open                                          fs/vfs.o
                                                  proc/process.o
vfs_read                                          fs/vfs.o
                                                  proc/process.o
                                                  proc/elf.o
vfs_remove                                        fs/vfs.o
vfs_seek                                          fs/vfs.o
                                                  proc/process.o
                                                  proc/elf.o
vfs_unmount                                       fs/vfs.o
vfs_write                                         fs/vfs.o
vm_create_pagetable                               vm/vm.o
                                                  proc/process.o
vm_destroy_pagetable                              vm/vm.o
                                                  proc/process.o
vm_init                                           vm/vm.o
                                                  init/main.o
vm_map                                            vm/vm.o
                                                  proc/process.o
vm_set_dirty                                      vm/vm.o
                                                  proc/process.o
vm_unmap                                          vm/vm.o
vpn_lookup                                        vm/tlb.o
vsnprintf                                         lib/xprintf.o
