
Allocating common symbols
Common symbol       size              file

heap                0x0               lib.o
free_list           0x4               lib.o

Discarded input sections

 .reginfo       0x0000000000000000       0x18 _syscall.o
 .reginfo       0x0000000000000000       0x18 lib.o
 .reginfo       0x0000000000000000       0x18 osh.o

Memory Configuration

Name             Origin             Length             Attributes
*default*        0x0000000000000000 0xffffffffffffffff

Linker script and memory map

                0x0000000000001000                . = 0x1000

ro_segment      0x0000000000001000     0x3950
 *(.text .rodata .rodata.*)
 .text          0x0000000000001000       0x24 crt.o
                0x0000000000001000                _start
                0x0000000000001018                __main
 .text          0x0000000000001024        0xc _syscall.o
                0x0000000000001024                _syscall
 .text          0x0000000000001030     0x266c lib.o
                0x0000000000001030                syscall_halt
                0x0000000000001070                syscall_exec
                0x00000000000010b8                syscall_execp
                0x000000000000110c                syscall_exit
                0x0000000000001154                syscall_join
                0x000000000000119c                syscall_fork
                0x00000000000011ec                syscall_memlimit
                0x0000000000001234                syscall_open
                0x000000000000127c                syscall_close
                0x00000000000012c4                syscall_read
                0x0000000000001318                syscall_filecount
                0x0000000000001360                syscall_file
                0x00000000000013b4                syscall_seek
                0x0000000000001404                syscall_write
                0x0000000000001458                syscall_create
                0x00000000000014a8                syscall_delete
                0x00000000000014f0                syscall_sem_open
                0x0000000000001540                syscall_sem_p
                0x0000000000001588                syscall_sem_v
                0x00000000000015d0                strlen
                0x0000000000001634                strcpy
                0x00000000000016dc                strncpy
                0x00000000000017b8                strcat
                0x0000000000001810                strncat
                0x0000000000001904                strcmp
                0x000000000000194c                strncmp
                0x0000000000001a80                memcmp
                0x0000000000001b5c                strstr
                0x0000000000001c00                memset
                0x0000000000001c7c                memcpy
                0x0000000000001d10                putc
                0x0000000000001d54                puts
                0x0000000000001e00                getc_raw
                0x0000000000001e44                getc
                0x0000000000001e9c                gets
                0x0000000000001f50                readline
                0x0000000000002e34                printf
                0x0000000000002ea4                snprintf
                0x0000000000002f0c                heap_init
                0x0000000000002f5c                malloc
                0x00000000000031c4                free
                0x00000000000033c8                calloc
                0x0000000000003488                realloc
                0x00000000000035a4                atoi
 .rodata        0x000000000000369c      0x110 lib.o
 .text          0x00000000000037ac      0xe70 osh.o
                0x00000000000037ac                print_prompt
                0x00000000000037ec                tokenize
                0x000000000000394c                run_program
                0x0000000000003990                run_command
                0x0000000000003aa8                help
                0x0000000000003b7c                main
                0x0000000000003bd0                cmd_echo
                0x0000000000003c7c                cmd_show
                0x0000000000003e68                cmd_read
                0x000000000000404c                cmd_ls
                0x000000000000415c                cmd_cmp
                0x0000000000004308                cmd_cp
                0x0000000000004530                cmd_rm
                0x00000000000045b0                cmd_help
                0x00000000000045e4                cmd_exit
 .rodata        0x000000000000461c      0x334 osh.o

.rel.dyn        0x0000000000004950        0x0
 .rel.dyn       0x0000000000000000        0x0 osh.o

rw_segment      0x0000000000005000       0x70
 *(.data .bss COMMON)
 .data          0x0000000000005000        0x0 crt.o
 .bss           0x0000000000005000        0x0 crt.o
 .data          0x0000000000005000        0x0 _syscall.o
 .bss           0x0000000000005000        0x0 _syscall.o
 .data          0x0000000000005000        0x0 lib.o
 .bss           0x0000000000005000        0x0 lib.o
 COMMON         0x0000000000005000        0x4 lib.o
                0x0000000000005000                free_list
 .data          0x0000000000005004       0x6c osh.o
                0x0000000000005004                commands
 .bss           0x0000000000005070        0x0 osh.o
                0x0000000000005070                BINARY_ENDS_HERE = .
LOAD crt.o
LOAD _syscall.o
LOAD lib.o
LOAD osh.o
OUTPUT(osh elf32-bigmips)

.scommon        0x0000000000005070        0x0
 .scommon       0x0000000000005070        0x0 lib.o

.reginfo        0x0000000000000000       0x18
 .reginfo       0x0000000000000000       0x18 crt.o

.pdr            0x0000000000000000      0x840
 .pdr           0x0000000000000000       0x40 crt.o
 .pdr           0x0000000000000040       0x20 _syscall.o
 .pdr           0x0000000000000060      0x600 lib.o
 .pdr           0x0000000000000660      0x1e0 osh.o

.mdebug.abi32   0x0000000000000000        0x0
 .mdebug.abi32  0x0000000000000000        0x0 lib.o
 .mdebug.abi32  0x0000000000000000        0x0 osh.o

.comment        0x0000000000000000       0x11
 .comment       0x0000000000000000       0x11 lib.o
                                         0x12 (size before relaxing)
 .comment       0x0000000000000000       0x12 osh.o

.gnu.attributes
                0x0000000000000000       0x10
 .gnu.attributes
                0x0000000000000000       0x10 lib.o
 .gnu.attributes
                0x0000000000000010       0x10 osh.o

Cross Reference Table

Symbol                                            File
__main                                            crt.o
_start                                            crt.o
_syscall                                          _syscall.o
                                                  lib.o
atoi                                              lib.o
calloc                                            lib.o
cmd_cmp                                           osh.o
cmd_cp                                            osh.o
cmd_echo                                          osh.o
cmd_exit                                          osh.o
cmd_help                                          osh.o
cmd_ls                                            osh.o
cmd_read                                          osh.o
cmd_rm                                            osh.o
cmd_show                                          osh.o
commands                                          osh.o
free                                              lib.o
free_list                                         lib.o
getc                                              lib.o
getc_raw                                          lib.o
gets                                              lib.o
heap                                              lib.o
heap_init                                         lib.o
help                                              osh.o
main                                              osh.o
                                                  crt.o
malloc                                            lib.o
memcmp                                            lib.o
memcpy                                            lib.o
memset                                            lib.o
print_prompt                                      osh.o
printf                                            lib.o
                                                  osh.o
putc                                              lib.o
puts                                              lib.o
                                                  osh.o
readline                                          lib.o
                                                  osh.o
realloc                                           lib.o
run_command                                       osh.o
run_program                                       osh.o
snprintf                                          lib.o
strcat                                            lib.o
strcmp                                            lib.o
                                                  osh.o
strcpy                                            lib.o
strlen                                            lib.o
strncat                                           lib.o
strncmp                                           lib.o
strncpy                                           lib.o
strstr                                            lib.o
syscall_close                                     lib.o
                                                  osh.o
syscall_create                                    lib.o
                                                  osh.o
syscall_delete                                    lib.o
                                                  osh.o
syscall_exec                                      lib.o
                                                  osh.o
syscall_execp                                     lib.o
syscall_exit                                      lib.o
                                                  osh.o
syscall_file                                      lib.o
                                                  osh.o
syscall_filecount                                 lib.o
                                                  osh.o
syscall_fork                                      lib.o
syscall_halt                                      lib.o
syscall_join                                      lib.o
                                                  osh.o
syscall_memlimit                                  lib.o
syscall_open                                      lib.o
                                                  osh.o
syscall_read                                      lib.o
                                                  osh.o
syscall_seek                                      lib.o
                                                  osh.o
syscall_sem_open                                  lib.o
syscall_sem_p                                     lib.o
syscall_sem_v                                     lib.o
syscall_write                                     lib.o
                                                  osh.o
tokenize                                          osh.o
