
Discarded input sections

 .reginfo       0x0000000000000000       0x18 _syscall.o
 .reginfo       0x0000000000000000       0x18 lib.o
 .reginfo       0x0000000000000000       0x18 hello.o

Memory Configuration

Name             Origin             Length             Attributes
*default*        0x0000000000000000 0xffffffffffffffff

Linker script and memory map

                0x0000000000001000                . = 0x1000

ro_segment      0x0000000000001000      0x4c8
 *(.text .rodata .rodata.*)
 .text          0x0000000000001000       0x24 crt.o
                0x0000000000001000                _start
                0x0000000000001018                __main
 .text          0x0000000000001024        0xc _syscall.o
                0x0000000000001024                _syscall
 .text          0x0000000000001030      0x464 lib.o
                0x0000000000001030                syscall_halt
                0x0000000000001070                syscall_hello
                0x00000000000010b0                syscall_exec
                0x00000000000010f8                syscall_execp
                0x000000000000114c                syscall_exit
                0x0000000000001194                syscall_join
                0x00000000000011dc                syscall_fork
                0x000000000000122c                syscall_memlimit
                0x0000000000001274                syscall_open
                0x00000000000012bc                syscall_close
                0x0000000000001304                syscall_read
                0x0000000000001358                syscall_seek
                0x00000000000013a8                syscall_write
                0x00000000000013fc                syscall_create
                0x000000000000144c                syscall_delete
 .text          0x0000000000001494       0x34 hello.o
                0x0000000000001494                main

rw_segment      0x0000000000002000        0x0
 *(.data .bss COMMON)
 .data          0x0000000000002000        0x0 crt.o
 .bss           0x0000000000002000        0x0 crt.o
 .data          0x0000000000002000        0x0 _syscall.o
 .bss           0x0000000000002000        0x0 _syscall.o
 .data          0x0000000000002000        0x0 lib.o
 .bss           0x0000000000002000        0x0 lib.o
 .data          0x0000000000002000        0x0 hello.o
 .bss           0x0000000000002000        0x0 hello.o
                0x0000000000002000                BINARY_ENDS_HERE = .
LOAD crt.o
LOAD _syscall.o
LOAD lib.o
LOAD hello.o
OUTPUT(hello elf32-bigmips)

.reginfo        0x0000000000000000       0x18
 .reginfo       0x0000000000000000       0x18 crt.o

.pdr            0x0000000000000000      0x260
 .pdr           0x0000000000000000       0x40 crt.o
 .pdr           0x0000000000000040       0x20 _syscall.o
 .pdr           0x0000000000000060      0x1e0 lib.o
 .pdr           0x0000000000000240       0x20 hello.o

.mdebug.abi32   0x0000000000000000        0x0
 .mdebug.abi32  0x0000000000000000        0x0 lib.o
 .mdebug.abi32  0x0000000000000000        0x0 hello.o

.comment        0x0000000000000000       0x11
 .comment       0x0000000000000000       0x11 lib.o
                                         0x12 (size before relaxing)
 .comment       0x0000000000000000       0x12 hello.o

.gnu.attributes
                0x0000000000000000       0x10
 .gnu.attributes
                0x0000000000000000       0x10 lib.o
 .gnu.attributes
                0x0000000000000010       0x10 hello.o

Cross Reference Table

Symbol                                            File
__main                                            crt.o
_start                                            crt.o
_syscall                                          _syscall.o
                                                  lib.o
main                                              hello.o
                                                  crt.o
syscall_close                                     lib.o
syscall_create                                    lib.o
syscall_delete                                    lib.o
syscall_exec                                      lib.o
syscall_execp                                     lib.o
syscall_exit                                      lib.o
syscall_fork                                      lib.o
syscall_halt                                      lib.o
syscall_hello                                     lib.o
                                                  hello.o
syscall_join                                      lib.o
syscall_memlimit                                  lib.o
syscall_open                                      lib.o
syscall_read                                      lib.o
syscall_seek                                      lib.o
syscall_write                                     lib.o
